==============================================================
run: night7-j12-aim2433-census3000-20260914T001145Z
==============================================================
capture: night7-j12-aim2433-census3000-20260914T001145Z.mp4
hid trace: MISSING (run with HID_TRACE_RUN=1)
input trace: none (run atrace-input.sh around the command)
SurfaceFlinger latency: none (set SF_LAYER for capture)
cue trace: none (run with CUE_HELPER=1)
legacy night PCM: none (receiver owns live audio)
audio facts: none (run with external authority socket)
session manifest: none (unmanifested run)
campaign bundle: artifacts/campaign-2026-09-14T00-12-00.810Z
frame trace: none (run query-cue-helper.sh trace start/stop around the run)
capture rate: 52 fps (ffprobe 287910000/5529649)
  using measured 52 fps for timing-sensitive graders (nominal 60)

--- session manifest (v1 provenance contract) ---
  no night7-j12-aim2433-census3000-20260914T001145Z-session.json: this run is unmanifested, so nothing below can
  name its game build, model hashes, clock alignment or win evidence.
  Nothing was validated.
  Run under tools/device/trial.sh, which emits one.

--- input dispatch / frame landing (Perfetto) ---
  no input trace kept for night7-j12-aim2433-census3000-20260914T001145Z; rendered video cannot establish dispatch.

--- clock transitions (HUD first frame, 1 AM) ---
clocktrace: HUD first=37077ms; 1 AM was not found

[ 1/13   7%] --- video instruments over one shared decode (survival, cameras, light, keyframes, box, intervals, timeline) ---
           ... video instruments over one shared decode (survival, cameras, light, keyframes, box, intervals, timeline) still running (20s)
           ... video instruments over one shared decode (survival, cameras, light, keyframes, box, intervals, timeline) still running (40s)
--- survival (the only number that is a run length) ---
tools/device/../../captures/night7-j12-aim2433-census3000-20260914T001145Z.mp4: 492 frames at 4.0 fps
  night HUD appears at 37.0s
  HUD gone for good from 97.5s: death static (temporal: 21 frames, 5.2s, mean 35, tdiff 35)
  ALIVE for 60.5s
[decode-once] survival (the only number that is a run length): exit 0, 28s, ok
--- camera selections ---
tools/device/../../captures/night7-j12-aim2433-census3000-20260914T001145Z.mp4: selected-camera trace at 52 fps
  cam 04    3.96s ->   8.23s  (4.27s)
  cam 04   10.75s ->  13.12s  (2.37s)
  cam 07   39.83s ->  39.90s  (0.08s)
  cam 11   39.98s ->  40.44s  (0.46s)
  cam 11   41.50s ->  41.92s  (0.42s)
  cam 11   47.48s ->  50.90s  (3.42s)
  cam 11   57.42s ->  60.90s  (3.48s)
  cam 11   67.44s ->  70.90s  (3.46s)
  cam 11   77.48s ->  80.88s  (3.40s)
  cam 11   87.48s ->  87.58s  (0.10s)
  cam 11   87.67s ->  90.90s  (3.23s)
  cam 04  103.38s -> 103.48s  (0.10s)
  cam 04  110.71s -> 115.02s  (4.31s)
  cam 04  117.52s -> 119.87s  (2.35s)
summary: 0 complete 10-04-07-11 sweeps, 0 incomplete sweep starts
[decode-once] camera selections: exit 0, 28s, ok
--- camera light actually flashing ---
tools/device/../../captures/night7-j12-aim2433-census3000-20260914T001145Z.mp4: signature sweepcheck-signature.json  (sweep lit iff >=2/3 cams)
  sweep  1: cam10=dark  cam04=dark  cam07=dark   -> DARK
summary: 0/1 sweeps lit (>=2 of 3 cameras)
[decode-once] camera light actually flashing: exit 3, 54s, a result about the run, not an instrument failure
--- keyframes (what the run contained) ---
tools/device/../../captures/night7-j12-aim2433-census3000-20260914T001145Z.mp4: 246 frames at 2.0 fps, 12 kept
  timestamps: 0.0s 8.5s 13.5s 29.0s 39.5s 40.0s 41.5s 70.5s 80.5s 81.0s 89.0s 117.5s
  sheet: tools/device/../../captures/night7-j12-aim2433-census3000-20260914T001145Z-keyframes.png
[decode-once] keyframes (what the run contained): exit 0, 54s, ok
--- music box ---
tools/device/../../captures/night7-j12-aim2433-census3000-20260914T001145Z.mp4: 122.92s sampled at 12 fps
  cam11   3.92s ->   8.25s    0.0% ->   2.4%  (range   0.0-  2.4%)
  cam11  10.75s ->  13.17s    2.4% ->   2.4%  (range   2.4-  2.4%)
  cam11  41.67s ->  41.75s   75.6% ->  75.6%  (range  75.6- 75.6%)
  cam11  47.67s ->  50.67s   28.8% ->  80.6%  (range  28.8- 80.6%)
  cam11  57.67s ->  60.67s   34.7% ->  83.4%  (range  34.7- 83.4%)
  cam11  67.67s ->  70.67s   42.3% ->  86.8%  (range  42.3- 86.8%)
  cam11  77.67s ->  80.67s   52.6% ->  91.5%  (range  52.6- 91.5%)
  cam11  87.67s ->  90.67s   61.2% -> 100.0%  (range  61.2-100.0%)
  cam11 103.33s -> 103.50s    2.4% ->   2.4%  (range   2.4-  2.4%)
  cam11 110.67s -> 115.00s    0.0% ->   2.4%  (range   0.0-  2.4%)
  cam11 117.50s -> 119.92s    2.4% ->   2.4%  (range   2.4-  2.4%)
[decode-once] music box: exit 0, 28s, ok
--- office / mask / camera intervals ---
tools/device/../../captures/night7-j12-aim2433-census3000-20260914T001145Z.mp4: 122.92s sampled at 12 fps
  camera   0.33s ->   3.33s  (3.00s)
  camera  13.33s ->  14.75s  (1.42s)
  camera  15.33s ->  17.42s  (2.08s)
  camera  18.00s ->  22.25s  (4.25s)
  camera  23.42s ->  25.67s  (2.25s)
  office  37.08s ->  39.58s  (2.50s)
  camera  39.83s ->  40.58s  (0.75s)
  office  40.83s ->  41.33s  (0.50s)
  camera  41.42s ->  41.92s  (0.50s)
  mask    42.67s ->  46.33s  (3.67s)  <-- latched mask
  office  46.50s ->  47.17s  (0.67s)
  camera  47.42s ->  50.92s  (3.50s)
  office  51.08s ->  51.33s  (0.25s)
  mask    51.50s ->  56.33s  (4.83s)  <-- latched mask
  office  56.58s ->  57.00s  (0.42s)
  camera  57.42s ->  60.92s  (3.50s)
  mask    61.50s ->  66.33s  (4.83s)  <-- latched mask
  office  66.58s ->  67.00s  (0.42s)
  camera  67.33s ->  70.92s  (3.58s)
  mask    71.25s ->  76.75s  (5.50s)  <-- latched mask
  camera  77.42s ->  80.92s  (3.50s)
  mask    81.25s ->  86.75s  (5.50s)  <-- latched mask
  camera  87.42s ->  90.92s  (3.50s)
  mask    91.50s ->  96.33s  (4.83s)  <-- latched mask
  camera  97.42s -> 102.58s  (5.17s)
  camera 107.08s -> 110.08s  (3.00s)
  hall   120.42s -> 120.83s  (0.42s)
  camera 121.00s -> 122.92s  (1.92s)
summary: 15 camera intervals, 1 visible hall flashes, 6 latched-mask intervals
note: visible hall flashes are only a rendering lower bound; the sourced movement blackout can hide logically accepted Foxy flashes
[decode-once] office / mask / camera intervals: exit 0, 28s, ok
--- run timeline and terminal outcome ---
tools/device/../../captures/night7-j12-aim2433-census3000-20260914T001145Z.mp4: 246 frames at 2.0 fps, 640x288
      0.0s ->     4.0s  (   4.0s)  other
      4.0s ->     8.0s  (   4.0s)  camera
      8.0s ->    10.5s  (   2.5s)  other
     10.5s ->    13.0s  (   2.5s)  camera
     13.0s ->    29.0s  (  16.0s)  other
     29.0s ->    32.5s  (   3.5s)  camera
     32.5s ->    35.0s  (   2.5s)  intro
     35.0s ->    37.0s  (   2.0s)  dark
     37.0s ->    42.5s  (   5.5s)  office
     42.5s ->    47.5s  (   5.0s)  mask
     47.5s ->    51.5s  (   4.0s)  camera
     51.5s ->    57.5s  (   6.0s)  mask
     57.5s ->    61.5s  (   4.0s)  camera
     61.5s ->    67.5s  (   6.0s)  mask
     67.5s ->    71.5s  (   4.0s)  camera
     71.5s ->    77.5s  (   6.0s)  mask
     77.5s ->    81.5s  (   4.0s)  camera
     81.5s ->    87.5s  (   6.0s)  mask
     87.5s ->    91.5s  (   4.0s)  camera
     91.5s ->    97.5s  (   6.0s)  mask
     97.5s ->   104.0s  (   6.5s)  other
    104.0s ->   107.0s  (   3.0s)  unknown
    107.0s ->   111.0s  (   4.0s)  other
    111.0s ->   115.0s  (   4.0s)  camera
    115.0s ->   117.5s  (   2.5s)  other
    117.5s ->   120.5s  (   3.0s)  camera
    120.5s ->   123.0s  (   2.5s)  other

  TERMINAL: unknown
  nothing terminal was captured; the recording may stop before the end of the night
[decode-once] run timeline and terminal outcome: exit 0, 54s, ok
[decode-once] 2 shared decode(s) for 7 instruments: 7 branches in 25.3s (exit 0), 3 branches in 23.9s (exit 0)
[ 1/13   7%] video instruments over one shared decode (survival, cameras, light, keyframes, box, intervals, timeline) took 55s (pipeline 70s)

[ 2/13  15%] --- campaign bundle (executor-owned facts) ---
--- modern campaign bundle (executor-owned facts) ---
  night reached               yes
  arm mode                    observe-once
  arm                         UNRESOLVED (non-fatal) on attempt 1 (0 retries, 1 samples)
  arm verified at             UNKNOWN
  parked prefix (plan)        UNKNOWN
  PHASE LAG (suffix shift)    none -- observe-once never parks the stream
  cycle gates                 7 (6 agreed, 0 corrected, 1 aborted)
  gate lag                    UNKNOWN
  delivered offset            UNKNOWN
  corrections landed          0 confirmed, 0 unconfirmed, 0 unread, 0 never read back
  press acceptance            3 graded -- 2 UNKNOWN, 1 PASS
  stop reason                 gate-abort (mask-state-unavailable)
[ 2/13  15%] campaign bundle (executor-owned facts) took 0s (pipeline 70s)

[ 3/13  23%] --- delivered phase vs the model band ---
           ... delivered phase vs the model band still running (20s)
{
  "schema": "device-phase-reconstruction-v1",
  "origin": {
    "kind": "lifecycle-classification",
    "nightGoAt": 1789344745814,
    "releasedAt": 1789344745815,
    "errorVersusFirstNightFrameMs": "UNKNOWN",
    "bracketedByMs": 4025,
    "priorSampleLabel": "unknown=dark-frame-no-text",
    "observationCadenceMs": {
      "min": 37,
      "p50": 1164,
      "max": 13565
    }
  },
  "plannedPhaseOffsetMs": 0,
  "actionCount": 301,
  "arm": null,
  "cycles": [
    {
      "gateAtMs": 3348,
      "nextActionId": "toys-1",
      "status": "AGREED",
      "believedMaskOn": true,
      "observedMaskOn": true,
      "maskEvidence": "button-stroke:mask-on",
      "readCount": 1,
      "gateLagMs": null,
      "deliveredOffsetMs": null
    },
    {
      "gateAtMs": 12760,
      "nextActionId": "toys-1",
      "status": "AGREED",
      "believedMaskOn": true,
      "observedMaskOn": true,
      "maskEvidence": "button-stroke:mask-on",
      "readCount": 1,
      "gateLagMs": null,
      "deliveredOffsetMs": null
    },
    {
      "gateAtMs": 22760,
      "nextActionId": "toys-1",
      "status": "AGREED",
      "believedMaskOn": true,
      "observedMaskOn": true,
      "maskEvidence": "button-stroke:mask-on",
      "readCount": 1,
      "gateLagMs": null,
      "deliveredOffsetMs": null
    },
    {
      "gateAtMs": 32760,
      "nextActionId": "toys-1",
      "status": "AGREED",
      "believedMaskOn": true,
      "observedMaskOn": true,
      "maskEvidence": "button-stroke:mask-on",
      "readCount": 1,
      "gateLagMs": null,
      "deliveredOffsetMs": null
    },
    {
      "gateAtMs": 42760,
      "nextActionId": "toys-1",
      "status": "AGREED",
      "believedMaskOn": true,
      "observedMaskOn": true,
      "maskEvidence": "button-stroke:mask-on",
      "readCount": 1,
      "gateLagMs": null,
      "deliveredOffsetMs": null
    },
    {
      "gateAtMs": 52760,
      "nextActionId": "toys-1",
      "status": "AGREED",
      "believedMaskOn": true,
      "observedMaskOn": true,
      "maskEvidence": "button-stroke:mask-on",
      "readCount": 1,
      "gateLagMs": null,
      "deliveredOffsetMs": null
    },
    {
      "gateAtMs": 62760,
      "nextActionId": "toys-1",
      "status": "UNKNOWN",
      "believedMaskOn": true,
      "observedMaskOn": null,
      "maskEvidence": "stroke-unavailable",
      "readCount": 2,
      "gateLagMs": null,
      "deliveredOffsetMs": null
    }
  ],
  "deliveredOffsetMs": null,
  "terminal": {
    "lastNightAt": 1789344804442,
    "terminalAt": 1789344806030,
    "terminalLabel": "state=static",
    "bracketMs": 1588,
    "attribution": "UNKNOWN"
  },
  "run": "artifacts/campaign-2026-09-14T00-12-00.810Z",
  "model": {
    "night": 7,
    "seeds": 100,
    "ventMaskTicks": 5,
    "rows": [
      {
        "epochMs": 0,
        "maskTicks": 5,
        "wins": 100,
        "armed": 100,
        "seeds": 100,
        "deaths": {}
      },
      {
        "epochMs": 16.67,
        "maskTicks": 5,
        "wins": 100,
        "armed": 100,
        "seeds": 100,
        "deaths": {}
      },
      {
        "epochMs": 33.33,
        "maskTicks": 5,
        "wins": 100,
        "armed": 100,
        "seeds": 100,
        "deaths": {}
      },
      {
        "epochMs": 50,
        "maskTicks": 5,
        "wins": 100,
        "armed": 100,
        "seeds": 100,
        "deaths": {}
      },
      {
        "epochMs": 66.67,
        "maskTicks": 5,
        "wins": 100,
        "armed": 100,
        "seeds": 100,
        "deaths": {}
      },
      {
        "epochMs": 83.33,
        "maskTicks": 5,
        "wins": 100,
        "armed": 100,
        "seeds": 100,
        "deaths": {}
      },
      {
        "epochMs": 100,
        "maskTicks": 5,
        "wins": 100,
        "armed": 100,
        "seeds": 100,
        "deaths": {}
      },
      {
        "epochMs": 116.67,
        "maskTicks": 5,
        "wins": 0,
        "armed": 0,
        "seeds": 100,
        "deaths": {
          "puppet": 81,
          "inside-office": 19
        }
      },
      {
        "epochMs": 133.33,
        "maskTicks": 5,
        "wins": 0,
        "armed": 0,
        "seeds": 100,
        "deaths": {
          "puppet": 81,
          "inside-office": 19
        }
      },
      {
        "epochMs": 150,
        "maskTicks": 5,
        "wins": 0,
        "armed": 0,
        "seeds": 100,
        "deaths": {
          "puppet": 81,
          "inside-office": 19
        }
      },
      {
        "epochMs": 166.67,
        "maskTicks": 5,
        "wins": 100,
        "armed": 100,
        "seeds": 100,
        "deaths": {}
      },
      {
        "epochMs": 183.33,
        "maskTicks": 5,
        "wins": 100,
        "armed": 100,
        "seeds": 100,
        "deaths": {}
      },
      {
        "epochMs": 200,
        "maskTicks": 5,
        "wins": 100,
        "armed": 100,
        "seeds": 100,
        "deaths": {}
      },
      {
        "epochMs": 216.67,
        "maskTicks": 5,
        "wins": 100,
        "armed": 100,
        "seeds": 100,
        "deaths": {}
      },
      {
        "epochMs": 233.33,
        "maskTicks": 5,
        "wins": 100,
        "armed": 100,
        "seeds": 100,
        "deaths": {}
      },
      {
        "epochMs": 250,
        "maskTicks": 5,
        "wins": 100,
        "armed": 100,
        "seeds": 100,
        "deaths": {}
      },
      {
        "epochMs": 266.67,
        "maskTicks": 5,
        "wins": 100,
        "armed": 100,
        "seeds": 100,
        "deaths": {}
      },
      {
        "epochMs": 283.33,
        "maskTicks": 5,
        "wins": 100,
        "armed": 100,
        "seeds": 100,
        "deaths": {}
      },
      {
        "epochMs": 300,
        "maskTicks": 5,
        "wins": 100,
        "armed": 100,
        "seeds": 100,
        "deaths": {}
      },
      {
        "epochMs": 316.67,
        "maskTicks": 5,
        "wins": 0,
        "armed": 0,
        "seeds": 100,
        "deaths": {
          "puppet": 82,
          "inside-office": 18
        }
      },
      {
        "epochMs": 333.33,
        "maskTicks": 5,
        "wins": 0,
        "armed": 0,
        "seeds": 100,
        "deaths": {
          "puppet": 82,
          "inside-office": 18
        }
      },
      {
        "epochMs": 350,
        "maskTicks": 5,
        "wins": 0,
        "armed": 0,
        "seeds": 100,
        "deaths": {
          "puppet": 82,
          "inside-office": 18
        }
      },
      {
        "epochMs": 366.67,
        "maskTicks": 4,
        "wins": 0,
        "armed": 100,
        "seeds": 100,
        "deaths": {
          "foxy": 86,
          "inside-office": 14
        }
      },
      {
        "epochMs": 383.33,
        "maskTicks": 4,
        "wins": 0,
        "armed": 100,
        "seeds": 100,
        "deaths": {
          "foxy": 86,
          "inside-office": 14
        }
      },
      {
        "epochMs": 400,
        "maskTicks": 4,
        "wins": 0,
        "armed": 100,
        "seeds": 100,
        "deaths": {
          "foxy": 86,
          "inside-office": 14
        }
      },
      {
        "epochMs": 416.67,
        "maskTicks": 4,
        "wins": 0,
        "armed": 100,
        "seeds": 100,
        "deaths": {
          "foxy": 86,
          "inside-office": 14
        }
      },
      {
        "epochMs": 433.33,
        "maskTicks": 4,
        "wins": 0,
        "armed": 100,
        "seeds": 100,
        "deaths": {
          "foxy": 86,
          "inside-office": 14
        }
      },
      {
        "epochMs": 450,
        "maskTicks": 4,
        "wins": 0,
        "armed": 100,
        "seeds": 100,
        "deaths": {
          "foxy": 85,
          "inside-office": 15
        }
      },
      {
        "epochMs": 466.67,
        "maskTicks": 4,
        "wins": 0,
        "armed": 100,
        "seeds": 100,
        "deaths": {
          "inside-office": 20,
          "foxy": 80
        }
      },
      {
        "epochMs": 483.33,
        "maskTicks": 4,
        "wins": 0,
        "armed": 100,
        "seeds": 100,
        "deaths": {
          "foxy": 100
        }
      },
      {
        "epochMs": 500,
        "maskTicks": 4,
        "wins": 0,
        "armed": 100,
        "seeds": 100,
        "deaths": {
          "foxy": 100
        }
      },
      {
        "epochMs": 516.67,
        "maskTicks": 4,
        "wins": 0,
        "armed": 0,
        "seeds": 100,
        "deaths": {
          "foxy": 100
        }
      },
      {
        "epochMs": 533.33,
        "maskTicks": 4,
        "wins": 0,
        "armed": 0,
        "seeds": 100,
        "deaths": {
          "foxy": 100
        }
      },
      {
        "epochMs": 550,
        "maskTicks": 4,
        "wins": 0,
        "armed": 0,
        "seeds": 100,
        "deaths": {
          "foxy": 100
        }
      },
      {
        "epochMs": 566.67,
        "maskTicks": 4,
        "wins": 0,
        "armed": 100,
        "seeds": 100,
        "deaths": {
          "foxy": 100
        }
      },
      {
        "epochMs": 583.33,
        "maskTicks": 4,
        "wins": 0,
        "armed": 100,
        "seeds": 100,
        "deaths": {
          "foxy": 100
        }
      },
      {
        "epochMs": 600,
        "maskTicks": 4,
        "wins": 0,
        "armed": 100,
        "seeds": 100,
        "deaths": {
          "foxy": 100
        }
      },
      {
        "epochMs": 616.67,
        "maskTicks": 4,
        "wins": 0,
        "armed": 100,
        "seeds": 100,
        "deaths": {
          "foxy": 100
        }
      },
      {
        "epochMs": 633.33,
        "maskTicks": 4,
        "wins": 0,
        "armed": 100,
        "seeds": 100,
        "deaths": {
          "foxy": 100
        }
      },
      {
        "epochMs": 650,
        "maskTicks": 4,
        "wins": 0,
        "armed": 100,
        "seeds": 100,
        "deaths": {
          "foxy": 100
        }
      },
      {
        "epochMs": 666.67,
        "maskTicks": 4,
        "wins": 0,
        "armed": 100,
        "seeds": 100,
        "deaths": {
          "foxy": 100
        }
      },
      {
        "epochMs": 683.33,
        "maskTicks": 4,
        "wins": 0,
        "armed": 100,
        "seeds": 100,
        "deaths": {
          "foxy": 100
        }
      },
      {
        "epochMs": 700,
        "maskTicks": 4,
        "wins": 0,
        "armed": 100,
        "seeds": 100,
        "deaths": {
          "foxy": 100
        }
      },
      {
        "epochMs": 716.67,
        "maskTicks": 4,
        "wins": 0,
        "armed": 0,
        "seeds": 100,
        "deaths": {
          "foxy": 100
        }
      },
      {
        "epochMs": 733.33,
        "maskTicks": 4,
        "wins": 0,
        "armed": 0,
        "seeds": 100,
        "deaths": {
          "foxy": 100
        }
      },
      {
        "epochMs": 750,
        "maskTicks": 4,
        "wins": 0,
        "armed": 0,
        "seeds": 100,
        "deaths": {
          "foxy": 100
        }
      },
      {
        "epochMs": 766.67,
        "maskTicks": 4,
        "wins": 0,
        "armed": 100,
        "seeds": 100,
        "deaths": {
          "foxy": 100
        }
      },
      {
        "epochMs": 783.33,
        "maskTicks": 4,
        "wins": 0,
        "armed": 100,
        "seeds": 100,
        "deaths": {
          "foxy": 100
        }
      },
      {
        "epochMs": 800,
        "maskTicks": 5,
        "wins": 0,
        "armed": 100,
        "seeds": 100,
        "deaths": {
          "foxy": 100
        }
      },
      {
        "epochMs": 816.67,
        "maskTicks": 5,
        "wins": 0,
        "armed": 100,
        "seeds": 100,
        "deaths": {
          "foxy": 100
        }
      },
      {
        "epochMs": 833.33,
        "maskTicks": 5,
        "wins": 0,
        "armed": 100,
        "seeds": 100,
        "deaths": {
          "foxy": 100
        }
      },
      {
        "epochMs": 850,
        "maskTicks": 5,
        "wins": 0,
        "armed": 100,
        "seeds": 100,
        "deaths": {
          "foxy": 100
        }
      },
      {
        "epochMs": 866.67,
        "maskTicks": 5,
        "wins": 0,
        "armed": 100,
        "seeds": 100,
        "deaths": {
          "foxy": 100
        }
      },
      {
        "epochMs": 883.33,
        "maskTicks": 5,
        "wins": 0,
        "armed": 100,
        "seeds": 100,
        "deaths": {
          "foxy": 100
        }
      },
      {
        "epochMs": 900,
        "maskTicks": 5,
        "wins": 0,
        "armed": 100,
        "seeds": 100,
        "deaths": {
          "foxy": 100
        }
      },
      {
        "epochMs": 916.67,
        "maskTicks": 5,
        "wins": 0,
        "armed": 0,
        "seeds": 100,
        "deaths": {
          "foxy": 100
        }
      },
      {
        "epochMs": 933.33,
        "maskTicks": 5,
        "wins": 0,
        "armed": 0,
        "seeds": 100,
        "deaths": {
          "foxy": 100
        }
      },
      {
        "epochMs": 950,
        "maskTicks": 5,
        "wins": 0,
        "armed": 0,
        "seeds": 100,
        "deaths": {
          "foxy": 100
        }
      },
      {
        "epochMs": 966.67,
        "maskTicks": 5,
        "wins": 0,
        "armed": 100,
        "seeds": 100,
        "deaths": {
          "foxy": 51,
          "golden-freddy": 49
        }
      },
      {
        "epochMs": 983.33,
        "maskTicks": 5,
        "wins": 0,
        "armed": 100,
        "seeds": 100,
        "deaths": {
          "foxy": 51,
          "golden-freddy": 49
        }
      }
    ],
    "lossBands": [
      {
        "fromMs": 116.67,
        "maskTicks": 5,
        "toMs": 166.67
      },
      {
        "fromMs": 316.67,
        "maskTicks": 5,
        "toMs": 1000
      }
    ],
    "uncontrolledPhase": {
      "night": 7,
      "runs": 3000,
      "wins": 791,
      "armed": 2248,
      "deaths": {
        "foxy": 1792,
        "puppet": 254,
        "inside-office": 120,
        "golden-freddy": 43
      },
      "note": "epoch drawn uniformly over one game second; the gate scores epoch 0 only"
    }
  }
}
[ 3/13  23%] delivered phase vs the model band took 21s (pipeline 91s)

--- native-frame state coverage for the actuation ---
  no frame trace for night7-j12-aim2433-census3000-20260914T001145Z: frame-level state coverage and input/frame
  alignment are UNKNOWN. Nothing was measured.

--- elegance (inputs sent vs needed) ---
  no driver log for night7-j12-aim2433-census3000-20260914T001145Z; nothing to count. Runs before 2026-08-26 have none.

--- Balloon Boy's vent bang ---
  no raw audio kept for night7-j12-aim2433-census3000-20260914T001145Z; scan-night requires a receiver PCM capture.
  external authority facts are also absent; run with CUE_AUDIO=1 AUDIO_AUTHORITY_SOCKET=PATH.

==============================================================
VERDICT: every instrument passed for night7-j12-aim2433-census3000-20260914T001145Z
==============================================================
