==============================================================
run: night7-night7-k3-full-02-20260915T033615Z
==============================================================
capture: night7-night7-k3-full-02-20260915T033615Z.mp4
hid trace: MISSING (run with HID_TRACE_RUN=1)
input trace: none (run atrace-input.sh around the command)
SurfaceFlinger latency: none (set SF_LAYER for capture)
cue trace: none (run with CUE_HELPER=1)
legacy night PCM: none (receiver owns live audio)
audio facts: none (run with external authority socket)
session manifest: none (unmanifested run)
campaign bundle: artifacts/campaign-2026-09-15T03-36-31.145Z
frame trace: none (run query-cue-helper.sh trace start/stop around the run)
capture rate: 58 fps (ffprobe 842580000/14578957)
  using measured 58 fps for timing-sensitive graders (nominal 60)

--- session manifest (v1 provenance contract) ---
  no night7-night7-k3-full-02-20260915T033615Z-session.json: this run is unmanifested, so nothing below can
  name its game build, model hashes, clock alignment or win evidence.
  Nothing was validated.
  Run under tools/device/trial.sh, which emits one.

--- input dispatch / frame landing (Perfetto) ---
  no input trace kept for night7-night7-k3-full-02-20260915T033615Z; rendered video cannot establish dispatch.

--- clock transitions (HUD first frame, 1 AM) ---
HUD first=35155ms; 1 AM=105155ms; delta=70000ms; resolution=17ms

[ 1/13   7%] --- video instruments over one shared decode (survival, cameras, light, keyframes, box, intervals, timeline) ---
           ... video instruments over one shared decode (survival, cameras, light, keyframes, box, intervals, timeline) still running (20s)
           ... video instruments over one shared decode (survival, cameras, light, keyframes, box, intervals, timeline) still running (40s)
           ... video instruments over one shared decode (survival, cameras, light, keyframes, box, intervals, timeline) still running (60s)
           ... video instruments over one shared decode (survival, cameras, light, keyframes, box, intervals, timeline) still running (80s)
           ... video instruments over one shared decode (survival, cameras, light, keyframes, box, intervals, timeline) still running (100s)
           ... video instruments over one shared decode (survival, cameras, light, keyframes, box, intervals, timeline) still running (120s)
           ... video instruments over one shared decode (survival, cameras, light, keyframes, box, intervals, timeline) still running (140s)
           ... video instruments over one shared decode (survival, cameras, light, keyframes, box, intervals, timeline) still running (160s)
           ... video instruments over one shared decode (survival, cameras, light, keyframes, box, intervals, timeline) still running (180s)
           ... video instruments over one shared decode (survival, cameras, light, keyframes, box, intervals, timeline) still running (200s)
--- survival (the only number that is a run length) ---
tools/device/../../captures/night7-night7-k3-full-02-20260915T033615Z.mp4: 1944 frames at 4.0 fps
  night HUD appears at 35.2s
  1 HUD-absent stretches contain no death static -- the monitor is up; longest 30.8s at 455.2s
  1 of them go fully dark and the HUD returns after -- longest 30.8s at 455.2s. A dark camera, a raised mask and a death minigame are not separated here: UNKNOWN(dark is ambiguous)
  HUD last seen at 455.0s of 486.0s recorded
  ALIVE for at least 420.0s -- nothing in this recording shows the run ending, so this is a lower bound
[decode-once] survival (the only number that is a run length): exit 0, 110s, ok
--- camera selections ---
tools/device/../../captures/night7-night7-k3-full-02-20260915T033615Z.mp4: selected-camera trace at 58 fps
  cam 04    4.05s ->   8.33s  (4.28s)
  cam 04   10.83s ->  13.31s  (2.48s)
  cam 07   37.97s ->  38.02s  (0.05s)
  cam 11   38.16s ->  38.52s  (0.36s)
  cam 11   39.60s ->  40.02s  (0.41s)
  cam 11   45.59s ->  48.98s  (3.40s)
  cam 11   55.57s ->  58.98s  (3.41s)
  cam 11   65.59s ->  68.98s  (3.40s)
  cam 11   75.57s ->  79.00s  (3.43s)
  cam 11   85.57s ->  88.98s  (3.41s)
  cam 11   95.55s ->  98.97s  (3.41s)
  cam 11  105.60s -> 108.98s  (3.38s)
  cam 11  115.57s -> 119.00s  (3.43s)
  cam 11  125.53s -> 129.00s  (3.47s)
  cam 11  135.57s -> 138.98s  (3.41s)
  cam 11  145.57s -> 149.00s  (3.43s)
  cam 11  155.60s -> 159.02s  (3.41s)
  cam 11  165.62s -> 169.02s  (3.40s)
  cam 11  175.59s -> 178.98s  (3.40s)
  cam 11  185.59s -> 189.02s  (3.43s)
  cam 11  195.57s -> 199.00s  (3.43s)
  cam 11  205.62s -> 209.00s  (3.38s)
  cam 11  215.59s -> 219.02s  (3.43s)
  cam 11  225.57s -> 229.02s  (3.45s)
  cam 11  235.57s -> 238.98s  (3.41s)
  cam 11  245.57s -> 248.98s  (3.41s)
  cam 11  255.57s -> 259.02s  (3.45s)
  cam 11  265.60s -> 269.00s  (3.40s)
  cam 11  275.59s -> 279.00s  (3.41s)
  cam 11  285.64s -> 289.00s  (3.36s)
  cam 11  295.60s -> 298.98s  (3.38s)
  cam 11  305.59s -> 309.02s  (3.43s)
  cam 11  315.59s -> 319.03s  (3.45s)
  cam 11  325.62s -> 329.07s  (3.45s)
  cam 11  335.60s -> 339.00s  (3.40s)
  cam 11  345.60s -> 349.02s  (3.41s)
  cam 11  355.57s -> 359.02s  (3.45s)
  cam 11  365.69s -> 369.02s  (3.33s)
  cam 11  375.60s -> 379.02s  (3.41s)
  cam 11  385.60s -> 389.02s  (3.41s)
  cam 11  395.62s -> 399.00s  (3.38s)
  cam 11  405.57s -> 409.02s  (3.45s)
  cam 11  415.60s -> 419.02s  (3.41s)
  cam 11  425.60s -> 429.02s  (3.41s)
  cam 11  435.60s -> 439.02s  (3.41s)
  cam 11  445.62s -> 449.00s  (3.38s)
  cam 11  466.93s -> 480.14s  (13.21s)
summary: 0 complete 10-04-07-11 sweeps, 0 incomplete sweep starts
[decode-once] camera selections: exit 0, 110s, ok
--- camera light actually flashing ---
tools/device/../../captures/night7-night7-k3-full-02-20260915T033615Z.mp4: signature sweepcheck-signature.json  (sweep lit iff >=2/3 cams)
summary: 0/0 sweeps lit (>=2 of 3 cameras)
NO GRADABLE SWEEP: no sweep window was found in this run, so this instrument says nothing about whether the light fired.
[decode-once] camera light actually flashing: exit 3, 203s, a result about the run, not an instrument failure
--- keyframes (what the run contained) ---
tools/device/../../captures/night7-night7-k3-full-02-20260915T033615Z.mp4: 972 frames at 2.0 fps, 12 kept
  timestamps: 0.0s 8.5s 11.0s 15.5s 30.0s 55.0s 88.5s 315.5s 365.5s 465.0s 467.0s 482.5s
  sheet: tools/device/../../captures/night7-night7-k3-full-02-20260915T033615Z-keyframes.png
[decode-once] keyframes (what the run contained): exit 0, 203s, ok
--- music box ---
tools/device/../../captures/night7-night7-k3-full-02-20260915T033615Z.mp4: 486.00s sampled at 12 fps
  cam11   4.00s ->   8.33s    0.0% ->   2.4%  (range   0.0-  2.4%)
  cam11  10.83s ->  13.33s    2.4% ->   2.4%  (range   2.4-  2.4%)
  cam11  39.75s ->  39.83s   75.5% ->  75.5%  (range  75.5- 75.5%)
  cam11  45.75s ->  48.75s   28.9% ->  80.7%  (range  28.9- 80.7%)
  cam11  55.75s ->  58.75s   34.5% ->  83.5%  (range  34.5- 83.5%)
  cam11  65.75s ->  68.75s   42.0% ->  86.9%  (range  42.0- 86.9%)
  cam11  75.75s ->  78.75s   52.2% ->  91.4%  (range  52.2- 91.4%)
  cam11  85.75s ->  88.75s   61.1% ->  91.4%  (range  61.1- 91.4%)
  cam11  95.75s ->  98.75s   61.2% -> 100.0%  (range  61.2-100.0%)
  cam11 105.75s -> 108.83s   61.2% -> 100.0%  (range  61.2-100.0%)
  cam11 115.75s -> 118.83s   61.2% -> 100.0%  (range  61.2-100.0%)
  cam11 125.75s -> 128.83s   61.2% -> 100.0%  (range  61.2-100.0%)
  cam11 135.75s -> 138.83s   61.2% -> 100.0%  (range  61.2-100.0%)
  cam11 145.75s -> 148.83s   61.4% -> 100.0%  (range  61.4-100.0%)
  cam11 155.75s -> 158.83s   61.2% -> 100.0%  (range  61.2-100.0%)
  cam11 165.75s -> 168.83s   61.2% -> 100.0%  (range  61.2-100.0%)
  cam11 175.75s -> 178.83s   61.3% -> 100.0%  (range  61.3-100.0%)
  cam11 185.75s -> 188.83s   61.2% -> 100.0%  (range  61.2-100.0%)
  cam11 195.75s -> 198.83s   61.2% -> 100.0%  (range  61.2-100.0%)
  cam11 205.75s -> 208.83s   61.2% -> 100.0%  (range  61.2-100.0%)
  cam11 215.75s -> 218.83s   61.2% -> 100.0%  (range  61.2-100.0%)
  cam11 225.75s -> 228.83s   61.2% -> 100.0%  (range  61.2-100.0%)
  cam11 235.75s -> 238.83s   61.2% -> 100.0%  (range  61.2-100.0%)
  cam11 245.75s -> 248.83s   61.6% -> 100.0%  (range  61.6-100.0%)
  cam11 255.75s -> 258.83s   61.3% -> 100.0%  (range  61.3-100.0%)
  cam11 265.75s -> 268.83s   61.5% -> 100.0%  (range  61.5-100.0%)
  cam11 275.75s -> 278.83s   61.2% -> 100.0%  (range  61.2-100.0%)
  cam11 285.75s -> 288.83s   61.2% -> 100.0%  (range  61.2-100.0%)
  cam11 295.75s -> 298.83s   61.1% -> 100.0%  (range  61.1-100.0%)
  cam11 305.75s -> 308.83s   61.2% -> 100.0%  (range  61.2-100.0%)
  cam11 315.75s -> 318.83s   61.2% -> 100.0%  (range  61.2-100.0%)
  cam11 325.75s -> 328.75s   61.4% -> 100.0%  (range  61.4-100.0%)
  cam11 335.75s -> 338.83s   61.2% -> 100.0%  (range  61.2-100.0%)
  cam11 345.75s -> 348.75s   61.3% -> 100.0%  (range  61.3-100.0%)
  cam11 355.75s -> 358.83s   61.3% -> 100.0%  (range  61.3-100.0%)
  cam11 365.75s -> 368.83s   61.2% -> 100.0%  (range  61.2-100.0%)
  cam11 375.75s -> 378.83s   61.3% -> 100.0%  (range  61.3-100.0%)
  cam11 385.75s -> 388.83s   61.2% -> 100.0%  (range  61.2-100.0%)
  cam11 395.75s -> 398.83s   61.2% -> 100.0%  (range  61.2-100.0%)
  cam11 405.75s -> 408.83s   61.3% -> 100.0%  (range  61.3-100.0%)
  cam11 415.75s -> 418.83s   61.2% -> 100.0%  (range  61.2-100.0%)
  cam11 425.75s -> 428.83s   61.2% -> 100.0%  (range  61.2-100.0%)
  cam11 435.75s -> 438.83s   61.2% -> 100.0%  (range  61.2-100.0%)
  cam11 445.75s -> 448.83s   61.3% -> 100.0%  (range  61.3-100.0%)
[decode-once] music box: exit 0, 110s, ok
--- office / mask / camera intervals ---
tools/device/../../captures/night7-night7-k3-full-02-20260915T033615Z.mp4: 486.00s sampled at 12 fps
  camera   0.00s ->   2.42s  (2.42s)
  camera   3.08s ->   3.33s  (0.25s)
  camera  13.67s ->  16.00s  (2.33s)
  camera  16.67s ->  24.50s  (7.83s)
  office  35.17s ->  37.67s  (2.50s)
  camera  37.92s ->  38.67s  (0.75s)
  office  38.92s ->  39.42s  (0.50s)
  camera  39.50s ->  40.00s  (0.50s)
  mask    40.75s ->  44.67s  (3.92s)  <-- latched mask
  office  44.83s ->  45.25s  (0.42s)
  camera  45.42s ->  49.00s  (3.58s)
  mask    49.58s ->  54.67s  (5.08s)  <-- latched mask
  office  54.83s ->  55.25s  (0.42s)
  camera  55.50s ->  59.25s  (3.75s)
  mask    59.58s ->  64.67s  (5.08s)  <-- latched mask
  office  64.92s ->  65.25s  (0.33s)
  camera  65.50s ->  69.42s  (3.92s)
  mask    69.58s ->  74.92s  (5.33s)  <-- latched mask
  camera  75.50s ->  79.00s  (3.50s)
  mask    79.33s ->  85.00s  (5.67s)  <-- latched mask
  camera  85.50s ->  89.00s  (3.50s)
  mask    89.58s ->  94.67s  (5.08s)  <-- latched mask
  office  94.83s ->  95.25s  (0.42s)
  camera  95.50s ->  99.25s  (3.75s)
  mask    99.33s -> 104.92s  (5.58s)  <-- latched mask
  camera 105.50s -> 109.00s  (3.50s)
  mask   109.33s -> 114.92s  (5.58s)  <-- latched mask
  camera 115.50s -> 119.42s  (3.92s)
  mask   119.67s -> 124.67s  (5.00s)  <-- latched mask
  office 124.92s -> 125.42s  (0.50s)
  camera 125.42s -> 129.25s  (3.83s)
  mask   129.67s -> 134.67s  (5.00s)  <-- latched mask
  office 134.92s -> 135.25s  (0.33s)
  camera 135.50s -> 139.00s  (3.50s)
  mask   139.33s -> 144.92s  (5.58s)  <-- latched mask
  camera 145.50s -> 149.42s  (3.92s)
  mask   149.58s -> 154.67s  (5.08s)  <-- latched mask
  camera 155.50s -> 159.00s  (3.50s)
  mask   159.58s -> 165.00s  (5.42s)  <-- latched mask
  camera 165.50s -> 169.25s  (3.75s)
  mask   169.33s -> 174.92s  (5.58s)  <-- latched mask
  camera 175.50s -> 179.42s  (3.92s)
  mask   179.58s -> 184.67s  (5.08s)  <-- latched mask
  camera 185.50s -> 189.00s  (3.50s)
  office 189.17s -> 189.42s  (0.25s)
  mask   189.58s -> 194.67s  (5.08s)  <-- latched mask
  office 194.92s -> 195.25s  (0.33s)
  camera 195.50s -> 199.25s  (3.75s)
  mask   199.67s -> 204.92s  (5.25s)  <-- latched mask
  camera 205.50s -> 209.00s  (3.50s)
  mask   209.67s -> 214.92s  (5.25s)  <-- latched mask
  camera 215.50s -> 219.25s  (3.75s)
  mask   219.67s -> 224.67s  (5.00s)  <-- latched mask
  office 224.92s -> 225.42s  (0.50s)
  camera 225.50s -> 229.00s  (3.50s)
  mask   229.67s -> 234.67s  (5.00s)  <-- latched mask
  camera 235.50s -> 239.00s  (3.50s)
  mask   239.33s -> 244.67s  (5.33s)  <-- latched mask
  camera 245.50s -> 249.00s  (3.50s)
  mask   249.67s -> 254.67s  (5.00s)  <-- latched mask
  office 254.92s -> 255.33s  (0.42s)
  camera 255.50s -> 259.00s  (3.50s)
  mask   259.67s -> 264.67s  (5.00s)  <-- latched mask
  camera 265.50s -> 269.00s  (3.50s)
  mask   269.67s -> 274.67s  (5.00s)  <-- latched mask
  office 275.17s -> 275.42s  (0.25s)
  camera 275.50s -> 279.25s  (3.75s)
  mask   279.67s -> 284.75s  (5.08s)  <-- latched mask
  office 284.92s -> 285.42s  (0.50s)
  camera 285.50s -> 289.25s  (3.75s)
  mask   289.67s -> 295.00s  (5.33s)  <-- latched mask
  camera 295.50s -> 299.00s  (3.50s)
  office 299.17s -> 299.42s  (0.25s)
  mask   299.67s -> 304.67s  (5.00s)  <-- latched mask
  office 304.83s -> 305.08s  (0.25s)
  camera 305.50s -> 309.00s  (3.50s)
  mask   309.58s -> 314.67s  (5.08s)  <-- latched mask
  camera 315.50s -> 319.00s  (3.50s)
  mask   319.58s -> 325.00s  (5.42s)  <-- latched mask
  camera 325.50s -> 329.33s  (3.83s)
  mask   329.67s -> 335.00s  (5.33s)  <-- latched mask
  camera 335.50s -> 339.00s  (3.50s)
  mask   339.67s -> 345.00s  (5.33s)  <-- latched mask
  camera 345.50s -> 349.25s  (3.75s)
  mask   349.67s -> 354.75s  (5.08s)  <-- latched mask
  office 355.17s -> 355.42s  (0.25s)
  camera 355.50s -> 359.00s  (3.50s)
  mask   359.58s -> 365.00s  (5.42s)  <-- latched mask
  camera 365.58s -> 369.00s  (3.42s)
  mask   369.67s -> 374.67s  (5.00s)  <-- latched mask
  camera 375.50s -> 379.25s  (3.75s)
  mask   379.67s -> 384.75s  (5.08s)  <-- latched mask
  office 384.92s -> 385.33s  (0.42s)
  camera 385.50s -> 389.00s  (3.50s)
  mask   389.67s -> 395.00s  (5.33s)  <-- latched mask
  camera 395.50s -> 399.00s  (3.50s)
  mask   399.67s -> 404.75s  (5.08s)  <-- latched mask
  camera 405.50s -> 409.00s  (3.50s)
  mask   409.67s -> 415.00s  (5.33s)  <-- latched mask
  camera 415.50s -> 419.00s  (3.50s)
  mask   419.67s -> 425.00s  (5.33s)  <-- latched mask
  camera 425.50s -> 429.25s  (3.75s)
  mask   429.67s -> 434.75s  (5.08s)  <-- latched mask
  office 434.92s -> 435.33s  (0.42s)
  camera 435.50s -> 439.25s  (3.75s)
  mask   439.67s -> 444.67s  (5.00s)  <-- latched mask
  camera 445.50s -> 449.00s  (3.50s)
  mask   449.67s -> 455.00s  (5.33s)  <-- latched mask
  camera 466.33s -> 480.75s  (14.42s)
  camera 482.17s -> 484.33s  (2.17s)
  camera 485.50s -> 486.00s  (0.50s)
summary: 50 camera intervals, 0 visible hall flashes, 42 latched-mask intervals
note: visible hall flashes are only a rendering lower bound; the sourced movement blackout can hide logically accepted Foxy flashes
[decode-once] office / mask / camera intervals: exit 0, 110s, ok
--- run timeline and terminal outcome ---
tools/device/../../captures/night7-night7-k3-full-02-20260915T033615Z.mp4: 972 frames at 2.0 fps, 640x288
      0.0s ->     8.5s  (   8.5s)  camera
      8.5s ->    11.0s  (   2.5s)  other
     11.0s ->    30.5s  (  19.5s)  camera
     30.5s ->    33.0s  (   2.5s)  intro
     33.0s ->    35.0s  (   2.0s)  dark
     35.0s ->    40.5s  (   5.5s)  office
     40.5s ->    45.5s  (   5.0s)  mask
     45.5s ->    49.5s  (   4.0s)  camera
     49.5s ->    55.5s  (   6.0s)  mask
     55.5s ->    59.5s  (   4.0s)  camera
     59.5s ->    65.5s  (   6.0s)  mask
     65.5s ->    69.5s  (   4.0s)  camera
     69.5s ->    75.5s  (   6.0s)  mask
     75.5s ->    79.5s  (   4.0s)  camera
     79.5s ->    85.5s  (   6.0s)  mask
     85.5s ->    89.5s  (   4.0s)  camera
     89.5s ->    95.5s  (   6.0s)  mask
     95.5s ->    99.5s  (   4.0s)  camera
     99.5s ->   105.5s  (   6.0s)  mask
    105.5s ->   109.5s  (   4.0s)  camera
    109.5s ->   115.5s  (   6.0s)  mask
    115.5s ->   119.5s  (   4.0s)  camera
    119.5s ->   125.5s  (   6.0s)  mask
    125.5s ->   129.5s  (   4.0s)  camera
    129.5s ->   135.5s  (   6.0s)  mask
    135.5s ->   139.5s  (   4.0s)  camera
    139.5s ->   145.5s  (   6.0s)  mask
    145.5s ->   151.0s  (   5.5s)  camera
    151.0s ->   155.5s  (   4.5s)  mask
    155.5s ->   159.5s  (   4.0s)  camera
    159.5s ->   165.5s  (   6.0s)  mask
    165.5s ->   169.5s  (   4.0s)  camera
    169.5s ->   175.5s  (   6.0s)  mask
    175.5s ->   179.5s  (   4.0s)  camera
    179.5s ->   185.5s  (   6.0s)  mask
    185.5s ->   189.5s  (   4.0s)  camera
    189.5s ->   195.5s  (   6.0s)  mask
    195.5s ->   199.5s  (   4.0s)  camera
    199.5s ->   205.5s  (   6.0s)  mask
    205.5s ->   209.5s  (   4.0s)  camera
    209.5s ->   215.5s  (   6.0s)  mask
    215.5s ->   219.5s  (   4.0s)  camera
    219.5s ->   225.5s  (   6.0s)  mask
    225.5s ->   230.0s  (   4.5s)  camera
    230.0s ->   235.5s  (   5.5s)  mask
    235.5s ->   239.5s  (   4.0s)  camera
    239.5s ->   245.5s  (   6.0s)  mask
    245.5s ->   249.5s  (   4.0s)  camera
    249.5s ->   255.5s  (   6.0s)  mask
    255.5s ->   259.5s  (   4.0s)  camera
    259.5s ->   265.5s  (   6.0s)  mask
    265.5s ->   269.5s  (   4.0s)  camera
    269.5s ->   275.5s  (   6.0s)  mask
    275.5s ->   279.5s  (   4.0s)  camera
    279.5s ->   285.5s  (   6.0s)  mask
    285.5s ->   289.5s  (   4.0s)  camera
    289.5s ->   295.5s  (   6.0s)  mask
    295.5s ->   299.5s  (   4.0s)  camera
    299.5s ->   305.5s  (   6.0s)  mask
    305.5s ->   309.5s  (   4.0s)  camera
    309.5s ->   315.5s  (   6.0s)  mask
    315.5s ->   319.5s  (   4.0s)  camera
    319.5s ->   325.5s  (   6.0s)  mask
    325.5s ->   329.5s  (   4.0s)  camera
    329.5s ->   335.5s  (   6.0s)  mask
    335.5s ->   339.5s  (   4.0s)  camera
    339.5s ->   345.5s  (   6.0s)  mask
    345.5s ->   349.5s  (   4.0s)  camera
    349.5s ->   355.5s  (   6.0s)  mask
    355.5s ->   359.5s  (   4.0s)  camera
    359.5s ->   365.5s  (   6.0s)  mask
    365.5s ->   369.5s  (   4.0s)  camera
    369.5s ->   375.5s  (   6.0s)  mask
    375.5s ->   379.5s  (   4.0s)  camera
    379.5s ->   385.5s  (   6.0s)  mask
    385.5s ->   389.5s  (   4.0s)  camera
    389.5s ->   395.5s  (   6.0s)  mask
    395.5s ->   399.5s  (   4.0s)  camera
    399.5s ->   405.5s  (   6.0s)  mask
    405.5s ->   409.5s  (   4.0s)  camera
    409.5s ->   415.5s  (   6.0s)  mask
    415.5s ->   419.5s  (   4.0s)  camera
    419.5s ->   425.5s  (   6.0s)  mask
    425.5s ->   429.5s  (   4.0s)  camera
    429.5s ->   435.5s  (   6.0s)  mask
    435.5s ->   439.5s  (   4.0s)  camera
    439.5s ->   445.5s  (   6.0s)  mask
    445.5s ->   449.5s  (   4.0s)  camera
    449.5s ->   456.0s  (   6.5s)  mask
    456.0s ->   464.0s  (   8.0s)  sixam
    464.0s ->   466.0s  (   2.0s)  dark
    466.0s ->   486.0s  (  20.0s)  camera

  TERMINAL: clear -- sixam at 456.0s
  the 6 AM win screen is in the recording, after the night
[decode-once] run timeline and terminal outcome: exit 0, 203s, ok
[decode-once] 2 shared decode(s) for 7 instruments: 7 branches in 108.2s (exit 0), 3 branches in 89.3s (exit 0)
[ 1/13   7%] video instruments over one shared decode (survival, cameras, light, keyframes, box, intervals, timeline) took 203s (pipeline 257s)

[ 2/13  15%] --- campaign bundle (executor-owned facts) ---
--- modern campaign bundle (executor-owned facts) ---
  night reached               yes
  arm mode                    observe-once
  arm                         UNRESOLVED (non-fatal) on attempt 1 (0 retries, 1 samples)
  arm verified at             UNKNOWN
  parked prefix (plan)        UNKNOWN
  PHASE LAG (suffix shift)    none -- observe-once never parks the stream
  cycle gates                 42 (42 agreed, 0 corrected, 0 aborted)
  gate lag                    UNKNOWN
  delivered offset            UNKNOWN
  corrections landed          0 confirmed, 0 unconfirmed, 0 unread, 0 never read back
  press acceptance            3 graded -- 3 UNKNOWN
  stop reason                 arm-unresolved (ambiguous-threshold)
[ 2/13  15%] campaign bundle (executor-owned facts) took 0s (pipeline 257s)

[ 3/13  23%] --- delivered phase vs the model band ---
           ... delivered phase vs the model band still running (20s)
{
  "schema": "device-phase-reconstruction-v1",
  "origin": {
    "kind": "lifecycle-classification",
    "nightGoAt": 1789443414011,
    "releasedAt": 1789443414012,
    "errorVersusFirstNightFrameMs": "UNKNOWN",
    "bracketedByMs": 4251,
    "priorSampleLabel": "unknown=dark-frame-no-text",
    "observationCadenceMs": {
      "min": 1,
      "p50": 954,
      "max": 7924
    }
  },
  "plannedPhaseOffsetMs": 0,
  "actionCount": 301,
  "arm": null,
  "cycles": [
    {
      "gateAtMs": 3348,
      "nextActionId": "toys-1",
      "status": "AGREED",
      "believedMaskOn": true,
      "observedMaskOn": true,
      "maskEvidence": "button-stroke:mask-on",
      "readCount": 1,
      "gateLagMs": null,
      "deliveredOffsetMs": null
    },
    {
      "gateAtMs": 13000,
      "nextActionId": "toys-1",
      "status": "AGREED",
      "believedMaskOn": true,
      "observedMaskOn": true,
      "maskEvidence": "button-stroke:mask-on",
      "readCount": 1,
      "gateLagMs": null,
      "deliveredOffsetMs": null
    },
    {
      "gateAtMs": 23000,
      "nextActionId": "toys-1",
      "status": "AGREED",
      "believedMaskOn": true,
      "observedMaskOn": true,
      "maskEvidence": "button-stroke:mask-on",
      "readCount": 1,
      "gateLagMs": null,
      "deliveredOffsetMs": null
    },
    {
      "gateAtMs": 33000,
      "nextActionId": "toys-1",
      "status": "AGREED",
      "believedMaskOn": true,
      "observedMaskOn": true,
      "maskEvidence": "button-stroke:mask-on",
      "readCount": 1,
      "gateLagMs": null,
      "deliveredOffsetMs": null
    },
    {
      "gateAtMs": 43000,
      "nextActionId": "toys-1",
      "status": "AGREED",
      "believedMaskOn": true,
      "observedMaskOn": true,
      "maskEvidence": "button-stroke:mask-on",
      "readCount": 1,
      "gateLagMs": null,
      "deliveredOffsetMs": null
    },
    {
      "gateAtMs": 53000,
      "nextActionId": "toys-1",
      "status": "AGREED",
      "believedMaskOn": true,
      "observedMaskOn": true,
      "maskEvidence": "button-stroke:mask-on",
      "readCount": 1,
      "gateLagMs": null,
      "deliveredOffsetMs": null
    },
    {
      "gateAtMs": 63000,
      "nextActionId": "toys-1",
      "status": "AGREED",
      "believedMaskOn": true,
      "observedMaskOn": true,
      "maskEvidence": "button-stroke:mask-on",
      "readCount": 1,
      "gateLagMs": null,
      "deliveredOffsetMs": null
    },
    {
      "gateAtMs": 73000,
      "nextActionId": "toys-1",
      "status": "AGREED",
      "believedMaskOn": true,
      "observedMaskOn": true,
      "maskEvidence": "button-stroke:mask-on",
      "readCount": 1,
      "gateLagMs": null,
      "deliveredOffsetMs": null
    },
    {
      "gateAtMs": 83000,
      "nextActionId": "toys-1",
      "status": "AGREED",
      "believedMaskOn": true,
      "observedMaskOn": true,
      "maskEvidence": "button-stroke:mask-on",
      "readCount": 1,
      "gateLagMs": null,
      "deliveredOffsetMs": null
    },
    {
      "gateAtMs": 93000,
      "nextActionId": "toys-1",
      "status": "AGREED",
      "believedMaskOn": true,
      "observedMaskOn": true,
      "maskEvidence": "button-stroke:mask-on",
      "readCount": 1,
      "gateLagMs": null,
      "deliveredOffsetMs": null
    },
    {
      "gateAtMs": 103000,
      "nextActionId": "toys-1",
      "status": "AGREED",
      "believedMaskOn": true,
      "observedMaskOn": true,
      "maskEvidence": "button-stroke:mask-on",
      "readCount": 1,
      "gateLagMs": null,
      "deliveredOffsetMs": null
    },
    {
      "gateAtMs": 113000,
      "nextActionId": "toys-1",
      "status": "AGREED",
      "believedMaskOn": true,
      "observedMaskOn": true,
      "maskEvidence": "button-stroke:mask-on",
      "readCount": 1,
      "gateLagMs": null,
      "deliveredOffsetMs": null
    },
    {
      "gateAtMs": 123000,
      "nextActionId": "toys-1",
      "status": "AGREED",
      "believedMaskOn": true,
      "observedMaskOn": true,
      "maskEvidence": "button-stroke:mask-on",
      "readCount": 1,
      "gateLagMs": null,
      "deliveredOffsetMs": null
    },
    {
      "gateAtMs": 133000,
      "nextActionId": "toys-1",
      "status": "AGREED",
      "believedMaskOn": true,
      "observedMaskOn": true,
      "maskEvidence": "button-stroke:mask-on",
      "readCount": 1,
      "gateLagMs": null,
      "deliveredOffsetMs": null
    },
    {
      "gateAtMs": 143000,
      "nextActionId": "toys-1",
      "status": "AGREED",
      "believedMaskOn": true,
      "observedMaskOn": true,
      "maskEvidence": "button-stroke:mask-on",
      "readCount": 1,
      "gateLagMs": null,
      "deliveredOffsetMs": null
    },
    {
      "gateAtMs": 153000,
      "nextActionId": "toys-1",
      "status": "AGREED",
      "believedMaskOn": true,
      "observedMaskOn": true,
      "maskEvidence": "button-stroke:mask-on",
      "readCount": 1,
      "gateLagMs": null,
      "deliveredOffsetMs": null
    },
    {
      "gateAtMs": 163000,
      "nextActionId": "toys-1",
      "status": "AGREED",
      "believedMaskOn": true,
      "observedMaskOn": true,
      "maskEvidence": "button-stroke:mask-on",
      "readCount": 1,
      "gateLagMs": null,
      "deliveredOffsetMs": null
    },
    {
      "gateAtMs": 173000,
      "nextActionId": "toys-1",
      "status": "AGREED",
      "believedMaskOn": true,
      "observedMaskOn": true,
      "maskEvidence": "button-stroke:mask-on",
      "readCount": 1,
      "gateLagMs": null,
      "deliveredOffsetMs": null
    },
    {
      "gateAtMs": 183000,
      "nextActionId": "toys-1",
      "status": "AGREED",
      "believedMaskOn": true,
      "observedMaskOn": true,
      "maskEvidence": "button-stroke:mask-on",
      "readCount": 1,
      "gateLagMs": null,
      "deliveredOffsetMs": null
    },
    {
      "gateAtMs": 193000,
      "nextActionId": "toys-1",
      "status": "AGREED",
      "believedMaskOn": true,
      "observedMaskOn": true,
      "maskEvidence": "button-stroke:mask-on",
      "readCount": 1,
      "gateLagMs": null,
      "deliveredOffsetMs": null
    },
    {
      "gateAtMs": 203000,
      "nextActionId": "toys-1",
      "status": "AGREED",
      "believedMaskOn": true,
      "observedMaskOn": true,
      "maskEvidence": "button-stroke:mask-on",
      "readCount": 1,
      "gateLagMs": null,
      "deliveredOffsetMs": null
    },
    {
      "gateAtMs": 213000,
      "nextActionId": "toys-1",
      "status": "AGREED",
      "believedMaskOn": true,
      "observedMaskOn": true,
      "maskEvidence": "button-stroke:mask-on",
      "readCount": 1,
      "gateLagMs": null,
      "deliveredOffsetMs": null
    },
    {
      "gateAtMs": 223000,
      "nextActionId": "toys-1",
      "status": "AGREED",
      "believedMaskOn": true,
      "observedMaskOn": true,
      "maskEvidence": "button-stroke:mask-on",
      "readCount": 1,
      "gateLagMs": null,
      "deliveredOffsetMs": null
    },
    {
      "gateAtMs": 233000,
      "nextActionId": "toys-1",
      "status": "AGREED",
      "believedMaskOn": true,
      "observedMaskOn": true,
      "maskEvidence": "button-stroke:mask-on",
      "readCount": 1,
      "gateLagMs": null,
      "deliveredOffsetMs": null
    },
    {
      "gateAtMs": 243000,
      "nextActionId": "toys-1",
      "status": "AGREED",
      "believedMaskOn": true,
      "observedMaskOn": true,
      "maskEvidence": "button-stroke:mask-on",
      "readCount": 1,
      "gateLagMs": null,
      "deliveredOffsetMs": null
    },
    {
      "gateAtMs": 253000,
      "nextActionId": "toys-1",
      "status": "AGREED",
      "believedMaskOn": true,
      "observedMaskOn": true,
      "maskEvidence": "button-stroke:mask-on",
      "readCount": 1,
      "gateLagMs": null,
      "deliveredOffsetMs": null
    },
    {
      "gateAtMs": 263000,
      "nextActionId": "toys-1",
      "status": "AGREED",
      "believedMaskOn": true,
      "observedMaskOn": true,
      "maskEvidence": "button-stroke:mask-on",
      "readCount": 1,
      "gateLagMs": null,
      "deliveredOffsetMs": null
    },
    {
      "gateAtMs": 273000,
      "nextActionId": "toys-1",
      "status": "AGREED",
      "believedMaskOn": true,
      "observedMaskOn": true,
      "maskEvidence": "button-stroke:mask-on",
      "readCount": 1,
      "gateLagMs": null,
      "deliveredOffsetMs": null
    },
    {
      "gateAtMs": 283000,
      "nextActionId": "toys-1",
      "status": "AGREED",
      "believedMaskOn": true,
      "observedMaskOn": true,
      "maskEvidence": "button-stroke:mask-on",
      "readCount": 1,
      "gateLagMs": null,
      "deliveredOffsetMs": null
    },
    {
      "gateAtMs": 293000,
      "nextActionId": "toys-1",
      "status": "AGREED",
      "believedMaskOn": true,
      "observedMaskOn": true,
      "maskEvidence": "button-stroke:mask-on",
      "readCount": 1,
      "gateLagMs": null,
      "deliveredOffsetMs": null
    },
    {
      "gateAtMs": 303000,
      "nextActionId": "toys-1",
      "status": "AGREED",
      "believedMaskOn": true,
      "observedMaskOn": true,
      "maskEvidence": "button-stroke:mask-on",
      "readCount": 1,
      "gateLagMs": null,
      "deliveredOffsetMs": null
    },
    {
      "gateAtMs": 313000,
      "nextActionId": "toys-1",
      "status": "AGREED",
      "believedMaskOn": true,
      "observedMaskOn": true,
      "maskEvidence": "button-stroke:mask-on",
      "readCount": 1,
      "gateLagMs": null,
      "deliveredOffsetMs": null
    },
    {
      "gateAtMs": 323000,
      "nextActionId": "toys-1",
      "status": "AGREED",
      "believedMaskOn": true,
      "observedMaskOn": true,
      "maskEvidence": "button-stroke:mask-on",
      "readCount": 1,
      "gateLagMs": null,
      "deliveredOffsetMs": null
    },
    {
      "gateAtMs": 333000,
      "nextActionId": "toys-1",
      "status": "AGREED",
      "believedMaskOn": true,
      "observedMaskOn": true,
      "maskEvidence": "button-stroke:mask-on",
      "readCount": 1,
      "gateLagMs": null,
      "deliveredOffsetMs": null
    },
    {
      "gateAtMs": 343000,
      "nextActionId": "toys-1",
      "status": "AGREED",
      "believedMaskOn": true,
      "observedMaskOn": true,
      "maskEvidence": "button-stroke:mask-on",
      "readCount": 1,
      "gateLagMs": null,
      "deliveredOffsetMs": null
    },
    {
      "gateAtMs": 353000,
      "nextActionId": "toys-1",
      "status": "AGREED",
      "believedMaskOn": true,
      "observedMaskOn": true,
      "maskEvidence": "button-stroke:mask-on",
      "readCount": 1,
      "gateLagMs": null,
      "deliveredOffsetMs": null
    },
    {
      "gateAtMs": 363000,
      "nextActionId": "toys-1",
      "status": "AGREED",
      "believedMaskOn": true,
      "observedMaskOn": true,
      "maskEvidence": "button-stroke:mask-on",
      "readCount": 1,
      "gateLagMs": null,
      "deliveredOffsetMs": null
    },
    {
      "gateAtMs": 373000,
      "nextActionId": "toys-1",
      "status": "AGREED",
      "believedMaskOn": true,
      "observedMaskOn": true,
      "maskEvidence": "button-stroke:mask-on",
      "readCount": 1,
      "gateLagMs": null,
      "deliveredOffsetMs": null
    },
    {
      "gateAtMs": 383000,
      "nextActionId": "toys-1",
      "status": "AGREED",
      "believedMaskOn": true,
      "observedMaskOn": true,
      "maskEvidence": "button-stroke:mask-on",
      "readCount": 1,
      "gateLagMs": null,
      "deliveredOffsetMs": null
    },
    {
      "gateAtMs": 393000,
      "nextActionId": "toys-1",
      "status": "AGREED",
      "believedMaskOn": true,
      "observedMaskOn": true,
      "maskEvidence": "button-stroke:mask-on",
      "readCount": 1,
      "gateLagMs": null,
      "deliveredOffsetMs": null
    },
    {
      "gateAtMs": 403000,
      "nextActionId": "toys-1",
      "status": "AGREED",
      "believedMaskOn": true,
      "observedMaskOn": true,
      "maskEvidence": "button-stroke:mask-on",
      "readCount": 1,
      "gateLagMs": null,
      "deliveredOffsetMs": null
    },
    {
      "gateAtMs": 413000,
      "nextActionId": "toys-1",
      "status": "AGREED",
      "believedMaskOn": true,
      "observedMaskOn": true,
      "maskEvidence": "button-stroke:mask-on",
      "readCount": 1,
      "gateLagMs": null,
      "deliveredOffsetMs": null
    }
  ],
  "deliveredOffsetMs": null,
  "terminal": {
    "lastNightAt": 1789443831524,
    "terminalAt": 1789443832421,
    "terminalLabel": "unknown=dark-frame-no-text",
    "bracketMs": 897,
    "attribution": "UNKNOWN"
  },
  "run": "artifacts/campaign-2026-09-15T03-36-31.145Z",
  "model": {
    "night": 7,
    "seeds": 100,
    "ventMaskTicks": 5,
    "rows": [
      {
        "epochMs": 0,
        "maskTicks": 5,
        "wins": 100,
        "armed": 100,
        "seeds": 100,
        "deaths": {}
      },
      {
        "epochMs": 16.67,
        "maskTicks": 5,
        "wins": 100,
        "armed": 100,
        "seeds": 100,
        "deaths": {}
      },
      {
        "epochMs": 33.33,
        "maskTicks": 5,
        "wins": 100,
        "armed": 100,
        "seeds": 100,
        "deaths": {}
      },
      {
        "epochMs": 50,
        "maskTicks": 5,
        "wins": 100,
        "armed": 100,
        "seeds": 100,
        "deaths": {}
      },
      {
        "epochMs": 66.67,
        "maskTicks": 5,
        "wins": 100,
        "armed": 100,
        "seeds": 100,
        "deaths": {}
      },
      {
        "epochMs": 83.33,
        "maskTicks": 5,
        "wins": 100,
        "armed": 100,
        "seeds": 100,
        "deaths": {}
      },
      {
        "epochMs": 100,
        "maskTicks": 5,
        "wins": 100,
        "armed": 100,
        "seeds": 100,
        "deaths": {}
      },
      {
        "epochMs": 116.67,
        "maskTicks": 5,
        "wins": 0,
        "armed": 0,
        "seeds": 100,
        "deaths": {
          "puppet": 81,
          "inside-office": 19
        }
      },
      {
        "epochMs": 133.33,
        "maskTicks": 5,
        "wins": 0,
        "armed": 0,
        "seeds": 100,
        "deaths": {
          "puppet": 81,
          "inside-office": 19
        }
      },
      {
        "epochMs": 150,
        "maskTicks": 5,
        "wins": 0,
        "armed": 0,
        "seeds": 100,
        "deaths": {
          "puppet": 81,
          "inside-office": 19
        }
      },
      {
        "epochMs": 166.67,
        "maskTicks": 5,
        "wins": 100,
        "armed": 100,
        "seeds": 100,
        "deaths": {}
      },
      {
        "epochMs": 183.33,
        "maskTicks": 5,
        "wins": 100,
        "armed": 100,
        "seeds": 100,
        "deaths": {}
      },
      {
        "epochMs": 200,
        "maskTicks": 5,
        "wins": 100,
        "armed": 100,
        "seeds": 100,
        "deaths": {}
      },
      {
        "epochMs": 216.67,
        "maskTicks": 5,
        "wins": 100,
        "armed": 100,
        "seeds": 100,
        "deaths": {}
      },
      {
        "epochMs": 233.33,
        "maskTicks": 5,
        "wins": 100,
        "armed": 100,
        "seeds": 100,
        "deaths": {}
      },
      {
        "epochMs": 250,
        "maskTicks": 5,
        "wins": 100,
        "armed": 100,
        "seeds": 100,
        "deaths": {}
      },
      {
        "epochMs": 266.67,
        "maskTicks": 5,
        "wins": 100,
        "armed": 100,
        "seeds": 100,
        "deaths": {}
      },
      {
        "epochMs": 283.33,
        "maskTicks": 5,
        "wins": 100,
        "armed": 100,
        "seeds": 100,
        "deaths": {}
      },
      {
        "epochMs": 300,
        "maskTicks": 5,
        "wins": 100,
        "armed": 100,
        "seeds": 100,
        "deaths": {}
      },
      {
        "epochMs": 316.67,
        "maskTicks": 5,
        "wins": 0,
        "armed": 0,
        "seeds": 100,
        "deaths": {
          "puppet": 82,
          "inside-office": 18
        }
      },
      {
        "epochMs": 333.33,
        "maskTicks": 5,
        "wins": 0,
        "armed": 0,
        "seeds": 100,
        "deaths": {
          "puppet": 82,
          "inside-office": 18
        }
      },
      {
        "epochMs": 350,
        "maskTicks": 5,
        "wins": 0,
        "armed": 0,
        "seeds": 100,
        "deaths": {
          "puppet": 82,
          "inside-office": 18
        }
      },
      {
        "epochMs": 366.67,
        "maskTicks": 4,
        "wins": 0,
        "armed": 100,
        "seeds": 100,
        "deaths": {
          "foxy": 86,
          "inside-office": 14
        }
      },
      {
        "epochMs": 383.33,
        "maskTicks": 4,
        "wins": 0,
        "armed": 100,
        "seeds": 100,
        "deaths": {
          "foxy": 86,
          "inside-office": 14
        }
      },
      {
        "epochMs": 400,
        "maskTicks": 4,
        "wins": 0,
        "armed": 100,
        "seeds": 100,
        "deaths": {
          "foxy": 86,
          "inside-office": 14
        }
      },
      {
        "epochMs": 416.67,
        "maskTicks": 4,
        "wins": 0,
        "armed": 100,
        "seeds": 100,
        "deaths": {
          "foxy": 86,
          "inside-office": 14
        }
      },
      {
        "epochMs": 433.33,
        "maskTicks": 4,
        "wins": 0,
        "armed": 100,
        "seeds": 100,
        "deaths": {
          "foxy": 86,
          "inside-office": 14
        }
      },
      {
        "epochMs": 450,
        "maskTicks": 4,
        "wins": 0,
        "armed": 100,
        "seeds": 100,
        "deaths": {
          "foxy": 85,
          "inside-office": 15
        }
      },
      {
        "epochMs": 466.67,
        "maskTicks": 4,
        "wins": 0,
        "armed": 100,
        "seeds": 100,
        "deaths": {
          "inside-office": 20,
          "foxy": 80
        }
      },
      {
        "epochMs": 483.33,
        "maskTicks": 4,
        "wins": 0,
        "armed": 100,
        "seeds": 100,
        "deaths": {
          "foxy": 100
        }
      },
      {
        "epochMs": 500,
        "maskTicks": 4,
        "wins": 0,
        "armed": 100,
        "seeds": 100,
        "deaths": {
          "foxy": 100
        }
      },
      {
        "epochMs": 516.67,
        "maskTicks": 4,
        "wins": 0,
        "armed": 0,
        "seeds": 100,
        "deaths": {
          "foxy": 100
        }
      },
      {
        "epochMs": 533.33,
        "maskTicks": 4,
        "wins": 0,
        "armed": 0,
        "seeds": 100,
        "deaths": {
          "foxy": 100
        }
      },
      {
        "epochMs": 550,
        "maskTicks": 4,
        "wins": 0,
        "armed": 0,
        "seeds": 100,
        "deaths": {
          "foxy": 100
        }
      },
      {
        "epochMs": 566.67,
        "maskTicks": 4,
        "wins": 0,
        "armed": 100,
        "seeds": 100,
        "deaths": {
          "foxy": 100
        }
      },
      {
        "epochMs": 583.33,
        "maskTicks": 4,
        "wins": 0,
        "armed": 100,
        "seeds": 100,
        "deaths": {
          "foxy": 100
        }
      },
      {
        "epochMs": 600,
        "maskTicks": 4,
        "wins": 0,
        "armed": 100,
        "seeds": 100,
        "deaths": {
          "foxy": 100
        }
      },
      {
        "epochMs": 616.67,
        "maskTicks": 4,
        "wins": 0,
        "armed": 100,
        "seeds": 100,
        "deaths": {
          "foxy": 100
        }
      },
      {
        "epochMs": 633.33,
        "maskTicks": 4,
        "wins": 0,
        "armed": 100,
        "seeds": 100,
        "deaths": {
          "foxy": 100
        }
      },
      {
        "epochMs": 650,
        "maskTicks": 4,
        "wins": 0,
        "armed": 100,
        "seeds": 100,
        "deaths": {
          "foxy": 100
        }
      },
      {
        "epochMs": 666.67,
        "maskTicks": 4,
        "wins": 0,
        "armed": 100,
        "seeds": 100,
        "deaths": {
          "foxy": 100
        }
      },
      {
        "epochMs": 683.33,
        "maskTicks": 4,
        "wins": 0,
        "armed": 100,
        "seeds": 100,
        "deaths": {
          "foxy": 100
        }
      },
      {
        "epochMs": 700,
        "maskTicks": 4,
        "wins": 0,
        "armed": 100,
        "seeds": 100,
        "deaths": {
          "foxy": 100
        }
      },
      {
        "epochMs": 716.67,
        "maskTicks": 4,
        "wins": 0,
        "armed": 0,
        "seeds": 100,
        "deaths": {
          "foxy": 100
        }
      },
      {
        "epochMs": 733.33,
        "maskTicks": 4,
        "wins": 0,
        "armed": 0,
        "seeds": 100,
        "deaths": {
          "foxy": 100
        }
      },
      {
        "epochMs": 750,
        "maskTicks": 4,
        "wins": 0,
        "armed": 0,
        "seeds": 100,
        "deaths": {
          "foxy": 100
        }
      },
      {
        "epochMs": 766.67,
        "maskTicks": 4,
        "wins": 0,
        "armed": 100,
        "seeds": 100,
        "deaths": {
          "foxy": 100
        }
      },
      {
        "epochMs": 783.33,
        "maskTicks": 4,
        "wins": 0,
        "armed": 100,
        "seeds": 100,
        "deaths": {
          "foxy": 100
        }
      },
      {
        "epochMs": 800,
        "maskTicks": 5,
        "wins": 0,
        "armed": 100,
        "seeds": 100,
        "deaths": {
          "foxy": 100
        }
      },
      {
        "epochMs": 816.67,
        "maskTicks": 5,
        "wins": 0,
        "armed": 100,
        "seeds": 100,
        "deaths": {
          "foxy": 100
        }
      },
      {
        "epochMs": 833.33,
        "maskTicks": 5,
        "wins": 0,
        "armed": 100,
        "seeds": 100,
        "deaths": {
          "foxy": 100
        }
      },
      {
        "epochMs": 850,
        "maskTicks": 5,
        "wins": 0,
        "armed": 100,
        "seeds": 100,
        "deaths": {
          "foxy": 100
        }
      },
      {
        "epochMs": 866.67,
        "maskTicks": 5,
        "wins": 0,
        "armed": 100,
        "seeds": 100,
        "deaths": {
          "foxy": 100
        }
      },
      {
        "epochMs": 883.33,
        "maskTicks": 5,
        "wins": 0,
        "armed": 100,
        "seeds": 100,
        "deaths": {
          "foxy": 100
        }
      },
      {
        "epochMs": 900,
        "maskTicks": 5,
        "wins": 0,
        "armed": 100,
        "seeds": 100,
        "deaths": {
          "foxy": 100
        }
      },
      {
        "epochMs": 916.67,
        "maskTicks": 5,
        "wins": 0,
        "armed": 0,
        "seeds": 100,
        "deaths": {
          "foxy": 100
        }
      },
      {
        "epochMs": 933.33,
        "maskTicks": 5,
        "wins": 0,
        "armed": 0,
        "seeds": 100,
        "deaths": {
          "foxy": 100
        }
      },
      {
        "epochMs": 950,
        "maskTicks": 5,
        "wins": 0,
        "armed": 0,
        "seeds": 100,
        "deaths": {
          "foxy": 100
        }
      },
      {
        "epochMs": 966.67,
        "maskTicks": 5,
        "wins": 0,
        "armed": 100,
        "seeds": 100,
        "deaths": {
          "foxy": 51,
          "golden-freddy": 49
        }
      },
      {
        "epochMs": 983.33,
        "maskTicks": 5,
        "wins": 0,
        "armed": 100,
        "seeds": 100,
        "deaths": {
          "foxy": 51,
          "golden-freddy": 49
        }
      }
    ],
    "lossBands": [
      {
        "fromMs": 116.67,
        "maskTicks": 5,
        "toMs": 166.67
      },
      {
        "fromMs": 316.67,
        "maskTicks": 5,
        "toMs": 1000
      }
    ],
    "uncontrolledPhase": {
      "night": 7,
      "runs": 3000,
      "wins": 791,
      "armed": 2248,
      "deaths": {
        "foxy": 1792,
        "puppet": 254,
        "inside-office": 120,
        "golden-freddy": 43
      },
      "note": "epoch drawn uniformly over one game second; the gate scores epoch 0 only"
    }
  }
}
[ 3/13  23%] delivered phase vs the model band took 22s (pipeline 279s)

--- native-frame state coverage for the actuation ---
  no frame trace for night7-night7-k3-full-02-20260915T033615Z: frame-level state coverage and input/frame
  alignment are UNKNOWN. Nothing was measured.

--- elegance (inputs sent vs needed) ---
  no driver log for night7-night7-k3-full-02-20260915T033615Z; nothing to count. Runs before 2026-08-26 have none.

--- Balloon Boy's vent bang ---
  no raw audio kept for night7-night7-k3-full-02-20260915T033615Z; scan-night requires a receiver PCM capture.
  external authority facts are also absent; run with CUE_AUDIO=1 AUDIO_AUTHORITY_SOCKET=PATH.

==============================================================
VERDICT: every instrument passed for night7-night7-k3-full-02-20260915T033615Z
==============================================================
