==============================================================
run: night7-night7-k2-cohort-r07-20260914T232510Z
==============================================================
capture: night7-night7-k2-cohort-r07-20260914T232510Z.mp4
hid trace: MISSING (run with HID_TRACE_RUN=1)
input trace: none (run atrace-input.sh around the command)
SurfaceFlinger latency: none (set SF_LAYER for capture)
cue trace: none (run with CUE_HELPER=1)
legacy night PCM: none (receiver owns live audio)
audio facts: none (run with external authority socket)
session manifest: none (unmanifested run)
campaign bundle: artifacts/campaign-2026-09-14T23-25-26.044Z
frame trace: none (run query-cue-helper.sh trace start/stop around the run)
capture rate: 44 fps (ffprobe 34650000/785461)
  using measured 44 fps for timing-sensitive graders (nominal 60)

--- session manifest (v1 provenance contract) ---
  no night7-night7-k2-cohort-r07-20260914T232510Z-session.json: this run is unmanifested, so nothing below can
  name its game build, model hashes, clock alignment or win evidence.
  Nothing was validated.
  Run under tools/device/trial.sh, which emits one.

--- input dispatch / frame landing (Perfetto) ---
  no input trace kept for night7-night7-k2-cohort-r07-20260914T232510Z; rendered video cannot establish dispatch.

--- clock transitions (HUD first frame, 1 AM) ---
clocktrace: HUD first=34455ms; 1 AM was not found

[ 1/13   7%] --- video instruments over one shared decode (survival, cameras, light, keyframes, box, intervals, timeline) ---
           ... video instruments over one shared decode (survival, cameras, light, keyframes, box, intervals, timeline) still running (20s)
--- survival (the only number that is a run length) ---
tools/device/../../captures/night7-night7-k2-cohort-r07-20260914T232510Z.mp4: the HUD is never present -- no night ran at all
[decode-once] survival (the only number that is a run length): exit 1, 12s, FAILED (exit 1)
--- camera selections ---
tools/device/../../captures/night7-night7-k2-cohort-r07-20260914T232510Z.mp4: selected-camera trace at 44 fps
  cam 07    3.34s ->   3.39s  (0.05s)
  cam 04    4.02s ->   8.30s  (4.27s)
  cam 04   10.84s ->  13.34s  (2.50s)
  cam 04   35.27s ->  35.39s  (0.11s)
  cam 04   42.57s ->  46.91s  (4.34s)
  cam 04   49.34s ->  49.43s  (0.09s)
summary: 0 complete 10-04-07-11 sweeps, 0 incomplete sweep starts
[decode-once] camera selections: exit 0, 12s, ok
--- camera light actually flashing ---
tools/device/../../captures/night7-night7-k2-cohort-r07-20260914T232510Z.mp4: signature sweepcheck-signature.json  (sweep lit iff >=2/3 cams)
summary: 0/0 sweeps lit (>=2 of 3 cameras)
NO GRADABLE SWEEP: no sweep window was found in this run, so this instrument says nothing about whether the light fired.
[decode-once] camera light actually flashing: exit 3, 23s, a result about the run, not an instrument failure
--- keyframes (what the run contained) ---
tools/device/../../captures/night7-night7-k2-cohort-r07-20260914T232510Z.mp4: 105 frames at 2.0 fps, 12 kept
  timestamps: 0.0s 3.0s 8.5s 11.0s 18.0s 21.5s 25.5s 26.5s 34.5s 35.0s 38.5s 49.5s
  sheet: tools/device/../../captures/night7-night7-k2-cohort-r07-20260914T232510Z-keyframes.png
[decode-once] keyframes (what the run contained): exit 0, 23s, ok
--- music box ---
tools/device/../../captures/night7-night7-k2-cohort-r07-20260914T232510Z.mp4: 52.33s sampled at 12 fps
  cam11   4.00s ->   8.33s    2.4% ->   2.4%  (range   2.4-  2.4%)
  cam11  10.83s ->  13.33s    2.4% ->   2.4%  (range   2.4-  2.4%)
  cam11  35.17s ->  35.42s    2.4% ->   2.4%  (range   2.4-  2.4%)
  cam11  42.58s ->  46.92s    2.4% ->   2.4%  (range   2.4-  2.4%)
  cam11  49.33s ->  49.50s    1.5% ->   1.5%  (range   1.5-  1.5%)
[decode-once] music box: exit 0, 12s, ok
--- office / mask / camera intervals ---
tools/device/../../captures/night7-night7-k2-cohort-r07-20260914T232510Z.mp4: 52.33s sampled at 12 fps
  camera   0.33s ->   3.33s  (3.00s)
  camera  13.67s ->  22.58s  (8.92s)
  camera  23.17s ->  24.42s  (1.25s)
  office  34.42s ->  35.08s  (0.67s)
  camera  39.00s ->  41.92s  (2.92s)
  camera  49.50s ->  52.33s  (2.83s)
summary: 5 camera intervals, 0 visible hall flashes, 0 latched-mask intervals
note: visible hall flashes are only a rendering lower bound; the sourced movement blackout can hide logically accepted Foxy flashes
[decode-once] office / mask / camera intervals: exit 0, 12s, ok
--- run timeline and terminal outcome ---
tools/device/../../captures/night7-night7-k2-cohort-r07-20260914T232510Z.mp4: 105 frames at 2.0 fps, 640x288
      0.0s ->     8.5s  (   8.5s)  camera
      8.5s ->    11.0s  (   2.5s)  other
     11.0s ->    30.0s  (  19.0s)  camera
     30.0s ->    32.5s  (   2.5s)  intro
     32.5s ->    36.0s  (   3.5s)  dark
     36.0s ->    39.0s  (   3.0s)  unknown
     39.0s ->    47.0s  (   8.0s)  camera
     47.0s ->    49.5s  (   2.5s)  other
     49.5s ->    52.5s  (   3.0s)  camera

  TERMINAL: unknown
  nothing terminal was captured; the recording may stop before the end of the night
[decode-once] run timeline and terminal outcome: exit 0, 23s, ok
[decode-once] 2 shared decode(s) for 7 instruments: 7 branches in 9.6s (exit 0), 3 branches in 8.9s (exit 0)
  ^ FAILED (resource-limited or diagnostic error)
[ 1/13   7%] video instruments over one shared decode (survival, cameras, light, keyframes, box, intervals, timeline) took 24s (pipeline 30s)

[ 2/13  15%] --- campaign bundle (executor-owned facts) ---
--- modern campaign bundle (executor-owned facts) ---
  night reached               NO -- the run never entered a night
  arm mode                    observe-once
  arm                         UNKNOWN on attempt 1 (0 retries, 0 samples)
  arm verified at             UNKNOWN
  parked prefix (plan)        UNKNOWN
  PHASE LAG (suffix shift)    none -- observe-once never parks the stream
  cycle gates                 0 (0 agreed, 0 corrected, 0 aborted)
  gate lag                    UNKNOWN
  delivered offset            UNKNOWN
  corrections landed          0 confirmed, 0 unconfirmed, 0 unread, 0 never read back
  press acceptance            no transition was graded
  stop reason                 campaign-abort (anchored release refused (onset-not-latched); strict anchor does not release unanchored)
[ 2/13  15%] campaign bundle (executor-owned facts) took 0s (pipeline 30s)

[ 3/13  23%] --- delivered phase vs the model band ---
file://tools/device/phase-reconstruct.mjs:32
const fail = message => { throw new Error(`phase reconstruction: ${message}`); };
                                ^

Error: phase reconstruction: bundle has no hid.night-go: the run never reached a night
    at fail (file://tools/device/phase-reconstruct.mjs:32:33)
    at reconstruct (file://tools/device/phase-reconstruct.mjs:152:17)
    at file://tools/device/phase-reconstruct.mjs:371:18
    at ModuleJob.run (node:internal/modules/esm/module_job:343:25)
    at async onImport.tracePromise.__proto__ (node:internal/modules/esm/loader:681:26)
    at async asyncRunEntryPointWithESMLoader (node:internal/modules/run_main:117:5)

Node.js v22.23.2
  ^ FAILED (resource-limited or diagnostic error)
[ 3/13  23%] delivered phase vs the model band took 0s (pipeline 30s)

--- native-frame state coverage for the actuation ---
  no frame trace for night7-night7-k2-cohort-r07-20260914T232510Z: frame-level state coverage and input/frame
  alignment are UNKNOWN. Nothing was measured.

--- elegance (inputs sent vs needed) ---
  no driver log for night7-night7-k2-cohort-r07-20260914T232510Z; nothing to count. Runs before 2026-08-26 have none.

--- Balloon Boy's vent bang ---
  no raw audio kept for night7-night7-k2-cohort-r07-20260914T232510Z; scan-night requires a receiver PCM capture.
  external authority facts are also absent; run with CUE_AUDIO=1 AUDIO_AUTHORITY_SOCKET=PATH.

==============================================================
VERDICT: at least one instrument FAILED for night7-night7-k2-cohort-r07-20260914T232510Z -- read above
==============================================================
