==============================================================
run: night6-anchoredf1-20260913T173421Z
==============================================================
capture: night6-anchoredf1-20260913T173421Z.mp4
hid trace: MISSING (run with HID_TRACE_RUN=1)
input trace: none (run atrace-input.sh around the command)
SurfaceFlinger latency: none (set SF_LAYER for capture)
cue trace: none (run with CUE_HELPER=1)
legacy night PCM: none (receiver owns live audio)
audio facts: none (run with external authority socket)
session manifest: none (unmanifested run)
campaign bundle: artifacts/campaign-2026-09-13T17-34-35.030Z
frame trace: night6-anchoredf1-20260913T173421Z-763977996519305.tsv
capture rate: 47 fps (ffprobe 112770000/2399531)
  using measured 47 fps for timing-sensitive graders (nominal 60)

--- session manifest (v1 provenance contract) ---
  no night6-anchoredf1-20260913T173421Z-session.json: this run is unmanifested, so nothing below can
  name its game build, model hashes, clock alignment or win evidence.
  Nothing was validated.
  Run under tools/device/trial.sh, which emits one.

--- input dispatch / frame landing (Perfetto) ---
  no input trace kept for night6-anchoredf1-20260913T173421Z; rendered video cannot establish dispatch.

--- clock transitions (HUD first frame, 1 AM) ---
clocktrace: HUD first=27596ms; 1 AM was not found

[ 1/13   7%] --- video instruments over one shared decode (survival, cameras, light, keyframes, box, intervals, timeline) ---
           ... video instruments over one shared decode (survival, cameras, light, keyframes, box, intervals, timeline) still running (20s)
--- survival (the only number that is a run length) ---
tools/device/../../captures/night6-anchoredf1-20260913T173421Z.mp4: 213 frames at 4.0 fps
  night HUD appears at 27.5s
  1 HUD-absent stretches contain no death static -- the monitor is up; longest 20.5s at 32.8s
  1 of them go fully dark and the HUD returns after -- longest 20.5s at 32.8s. A dark camera, a raised mask and a death minigame are not separated here: UNKNOWN(dark is ambiguous)
  HUD last seen at 32.5s of 53.2s recorded
  ALIVE for at least 5.2s -- nothing in this recording shows the run ending, so this is a lower bound
[decode-once] survival (the only number that is a run length): exit 0, 13s, ok
--- camera selections ---
tools/device/../../captures/night6-anchoredf1-20260913T173421Z.mp4: selected-camera trace at 47 fps
  no stable target-camera highlights detected
[decode-once] camera selections: exit 0, 13s, ok
--- camera light actually flashing ---
tools/device/../../captures/night6-anchoredf1-20260913T173421Z.mp4: signature sweepcheck-signature.json  (sweep lit iff >=2/3 cams)
summary: 0/0 sweeps lit (>=2 of 3 cameras)
NO GRADABLE SWEEP: no sweep window was found in this run, so this instrument says nothing about whether the light fired.
[decode-once] camera light actually flashing: exit 3, 25s, a result about the run, not an instrument failure
--- keyframes (what the run contained) ---
tools/device/../../captures/night6-anchoredf1-20260913T173421Z.mp4: 107 frames at 2.0 fps, 12 kept
  timestamps: 0.0s 1.5s 4.5s 11.5s 13.0s 13.5s 21.0s 32.5s 44.5s 46.5s 50.0s 52.0s
  sheet: tools/device/../../captures/night6-anchoredf1-20260913T173421Z-keyframes.png
[decode-once] keyframes (what the run contained): exit 0, 25s, ok
--- music box ---
tools/device/../../captures/night6-anchoredf1-20260913T173421Z.mp4: 53.33s sampled at 12 fps
  no CAM 11 music-box gauge detected
[decode-once] music box: exit 0, 13s, ok
--- office / mask / camera intervals ---
tools/device/../../captures/night6-anchoredf1-20260913T173421Z.mp4: 53.33s sampled at 12 fps
  camera   0.67s ->   3.50s  (2.83s)
  camera  12.00s ->  14.83s  (2.83s)
  camera  15.50s ->  19.00s  (3.50s)
  camera  20.92s ->  23.00s  (2.08s)
  office  27.58s ->  32.83s  (5.25s)
  camera  36.58s ->  38.67s  (2.08s)
  camera  47.08s ->  51.17s  (4.08s)
  camera  51.75s ->  53.33s  (1.58s)
summary: 7 camera intervals, 0 visible hall flashes, 0 latched-mask intervals
note: visible hall flashes are only a rendering lower bound; the sourced movement blackout can hide logically accepted Foxy flashes
[decode-once] office / mask / camera intervals: exit 0, 13s, ok
--- run timeline and terminal outcome ---
tools/device/../../captures/night6-anchoredf1-20260913T173421Z.mp4: 107 frames at 2.0 fps, 640x288
      0.0s ->     5.0s  (   5.0s)  other
      5.0s ->     9.0s  (   4.0s)  camera
      9.0s ->    23.0s  (  14.0s)  other
     23.0s ->    25.5s  (   2.5s)  intro
     25.5s ->    27.5s  (   2.0s)  dark
     27.5s ->    33.5s  (   6.0s)  office
     33.5s ->    36.5s  (   3.0s)  unknown
     36.5s ->    40.0s  (   3.5s)  other
     40.0s ->    44.5s  (   4.5s)  camera
     44.5s ->    53.5s  (   9.0s)  other

  TERMINAL: unknown
  nothing terminal was captured; the recording may stop before the end of the night
[decode-once] run timeline and terminal outcome: exit 0, 25s, ok
[decode-once] 2 shared decode(s) for 7 instruments: 7 branches in 10.6s (exit 0), 3 branches in 10.0s (exit 0)
[ 1/13   7%] video instruments over one shared decode (survival, cameras, light, keyframes, box, intervals, timeline) took 25s (pipeline 32s)

[ 2/13  15%] --- campaign bundle (executor-owned facts) ---
--- modern campaign bundle (executor-owned facts) ---
  night reached               NO -- the run never entered a night
  arm mode                    observe-once
  arm                         UNKNOWN on attempt 1 (0 retries, 0 samples)
  arm verified at             UNKNOWN
  parked prefix (plan)        UNKNOWN
  PHASE LAG (suffix shift)    none -- observe-once never parks the stream
  cycle gates                 0 (0 agreed, 0 corrected, 0 aborted)
  gate lag                    UNKNOWN
  delivered offset            UNKNOWN
  corrections landed          0 confirmed, 0 unconfirmed, 0 unread, 0 never read back
  press acceptance            no transition was graded
  stop reason                 campaign-abort (adb device-local executor: action toys-7 overlaps the previous HID macro)
[ 2/13  15%] campaign bundle (executor-owned facts) took 0s (pipeline 32s)

[ 3/13  23%] --- delivered phase vs the model band ---
file://tools/device/phase-reconstruct.mjs:32
const fail = message => { throw new Error(`phase reconstruction: ${message}`); };
                                ^

Error: phase reconstruction: bundle has no hid.schedule-start
    at fail (file://tools/device/phase-reconstruct.mjs:32:33)
    at reconstruct (file://tools/device/phase-reconstruct.mjs:151:15)
    at file://tools/device/phase-reconstruct.mjs:371:18
    at ModuleJob.run (node:internal/modules/esm/module_job:343:25)
    at async onImport.tracePromise.__proto__ (node:internal/modules/esm/loader:681:26)
    at async asyncRunEntryPointWithESMLoader (node:internal/modules/run_main:117:5)

Node.js v22.23.2
  ^ FAILED (resource-limited or diagnostic error)
[ 3/13  23%] delivered phase vs the model band took 1s (pipeline 33s)

[ 4/13  30%] --- native-frame state coverage for the actuation ---
ACTUATION_METRIC trace=night6-anchoredf1-20260913T173421Z-763977996519305.tsv scope=full-trace frames=1083 monitor_unknown_frame_pct=71.930 mask_unknown_frame_pct=71.930 state_basis=native-strokes unknown_frames=779/1083 unknown_frame_pct=71.930
[ 4/13  30%] native-frame state coverage for the actuation took 0s (pipeline 33s)

[ 5/13  38%] --- scheduled contacts against frame stalls ---
tap-stall-audit: bundle has no hid.night-go: the run never reached a night
  ^ FAILED (resource-limited or diagnostic error)
[ 5/13  38%] scheduled contacts against frame stalls took 0s (pipeline 33s)

--- input dispatch aligned to presented frames ---
  a frame trace is present but no Perfetto input trace is: dispatch
  cannot be aligned to frames. Run atrace-input.sh around the command.

--- elegance (inputs sent vs needed) ---
  no driver log for night6-anchoredf1-20260913T173421Z; nothing to count. Runs before 2026-08-26 have none.

--- Balloon Boy's vent bang ---
  no raw audio kept for night6-anchoredf1-20260913T173421Z; scan-night requires a receiver PCM capture.
  external authority facts are also absent; run with CUE_AUDIO=1 AUDIO_AUTHORITY_SOCKET=PATH.

==============================================================
VERDICT: at least one instrument FAILED for night6-anchoredf1-20260913T173421Z -- read above
==============================================================
