==============================================================
run: night7-anchoredi3-20260913T185056Z
==============================================================
capture: night7-anchoredi3-20260913T185056Z.mp4
hid trace: MISSING (run with HID_TRACE_RUN=1)
input trace: none (run atrace-input.sh around the command)
SurfaceFlinger latency: none (set SF_LAYER for capture)
cue trace: none (run with CUE_HELPER=1)
legacy night PCM: none (receiver owns live audio)
audio facts: none (run with external authority socket)
session manifest: none (unmanifested run)
campaign bundle: artifacts/campaign-2026-09-13T18-51-13.205Z
frame trace: night7-anchoredi3-20260913T185056Z-768576186625118.tsv
capture rate: 41 fps (ffprobe 177660000/4296101)
  using measured 41 fps for timing-sensitive graders (nominal 60)

--- session manifest (v1 provenance contract) ---
  no night7-anchoredi3-20260913T185056Z-session.json: this run is unmanifested, so nothing below can
  name its game build, model hashes, clock alignment or win evidence.
  Nothing was validated.
  Run under tools/device/trial.sh, which emits one.

--- input dispatch / frame landing (Perfetto) ---
  no input trace kept for night7-anchoredi3-20260913T185056Z; rendered video cannot establish dispatch.

--- clock transitions (HUD first frame, 1 AM) ---
clocktrace: office HUD was not found

[ 1/13   7%] --- video instruments over one shared decode (survival, cameras, light, keyframes, box, intervals, timeline) ---
           ... video instruments over one shared decode (survival, cameras, light, keyframes, box, intervals, timeline) still running (20s)
--- survival (the only number that is a run length) ---
tools/device/../../captures/night7-anchoredi3-20260913T185056Z.mp4: the HUD is never present -- no night ran at all
[decode-once] survival (the only number that is a run length): exit 1, 11s, FAILED (exit 1)
--- camera selections ---
tools/device/../../captures/night7-anchoredi3-20260913T185056Z.mp4: selected-camera trace at 41 fps
  cam 07    4.34s ->   4.39s  (0.05s)
  cam 07   35.20s ->  35.24s  (0.05s)
summary: 0 complete 10-04-07-11 sweeps, 0 incomplete sweep starts
[decode-once] camera selections: exit 0, 11s, ok
--- camera light actually flashing ---
tools/device/../../captures/night7-anchoredi3-20260913T185056Z.mp4: signature sweepcheck-signature.json  (sweep lit iff >=2/3 cams)
summary: 0/0 sweeps lit (>=2 of 3 cameras)
NO GRADABLE SWEEP: no sweep window was found in this run, so this instrument says nothing about whether the light fired.
[decode-once] camera light actually flashing: exit 3, 23s, a result about the run, not an instrument failure
--- keyframes (what the run contained) ---
tools/device/../../captures/night7-anchoredi3-20260913T185056Z.mp4: 95 frames at 2.0 fps, 12 kept
  timestamps: 0.0s 1.5s 3.0s 9.5s 13.5s 23.0s 25.5s 27.0s 28.5s 35.0s 45.0s 45.5s
  sheet: tools/device/../../captures/night7-anchoredi3-20260913T185056Z-keyframes.png
[decode-once] keyframes (what the run contained): exit 0, 23s, ok
--- music box ---
tools/device/../../captures/night7-anchoredi3-20260913T185056Z.mp4: 47.75s sampled at 12 fps
  no CAM 11 music-box gauge detected
[decode-once] music box: exit 0, 11s, ok
--- office / mask / camera intervals ---
tools/device/../../captures/night7-anchoredi3-20260913T185056Z.mp4: 47.75s sampled at 12 fps
  camera   0.25s ->   4.33s  (4.08s)
  camera  14.58s ->  19.33s  (4.75s)
  camera  19.92s ->  24.17s  (4.25s)
  camera  24.75s ->  27.00s  (2.25s)
  camera  32.33s ->  35.17s  (2.83s)
  camera  45.25s ->  47.67s  (2.42s)
summary: 6 camera intervals, 0 visible hall flashes, 0 latched-mask intervals
note: visible hall flashes are only a rendering lower bound; the sourced movement blackout can hide logically accepted Foxy flashes
[decode-once] office / mask / camera intervals: exit 0, 11s, ok
--- run timeline and terminal outcome ---
tools/device/../../captures/night7-anchoredi3-20260913T185056Z.mp4: 95 frames at 2.0 fps, 640x288
      0.0s ->     5.0s  (   5.0s)  other
      5.0s ->     9.0s  (   4.0s)  camera
      9.0s ->    11.5s  (   2.5s)  other
     11.5s ->    14.5s  (   3.0s)  camera
     14.5s ->    29.5s  (  15.0s)  other
     29.5s ->    32.5s  (   3.0s)  unknown
     32.5s ->    36.0s  (   3.5s)  other
     36.0s ->    40.0s  (   4.0s)  camera
     40.0s ->    42.5s  (   2.5s)  other
     42.5s ->    46.0s  (   3.5s)  camera
     46.0s ->    47.5s  (   1.5s)  other

  TERMINAL: unknown
  nothing terminal was captured; the recording may stop before the end of the night
[decode-once] run timeline and terminal outcome: exit 0, 23s, ok
[decode-once] 2 shared decode(s) for 7 instruments: 7 branches in 9.0s (exit 0), 3 branches in 9.2s (exit 0)
  ^ FAILED (resource-limited or diagnostic error)
[ 1/13   7%] video instruments over one shared decode (survival, cameras, light, keyframes, box, intervals, timeline) took 23s (pipeline 30s)

[ 2/13  15%] --- campaign bundle (executor-owned facts) ---
--- modern campaign bundle (executor-owned facts) ---
  night reached               NO -- the run never entered a night
  arm mode                    observe-once
  arm                         UNKNOWN on attempt 1 (0 retries, 0 samples)
  arm verified at             UNKNOWN
  parked prefix (plan)        UNKNOWN
  PHASE LAG (suffix shift)    none -- observe-once never parks the stream
  cycle gates                 0 (0 agreed, 0 corrected, 0 aborted)
  gate lag                    UNKNOWN
  delivered offset            UNKNOWN
  corrections landed          0 confirmed, 0 unconfirmed, 0 unread, 0 never read back
  press acceptance            no transition was graded
  stop reason                 campaign-abort (custom night initial readback is not confirmed)
[ 2/13  15%] campaign bundle (executor-owned facts) took 0s (pipeline 30s)

[ 3/13  23%] --- delivered phase vs the model band ---
file://tools/device/phase-reconstruct.mjs:32
const fail = message => { throw new Error(`phase reconstruction: ${message}`); };
                                ^

Error: phase reconstruction: bundle has no hid.schedule-start
    at fail (file://tools/device/phase-reconstruct.mjs:32:33)
    at reconstruct (file://tools/device/phase-reconstruct.mjs:151:15)
    at file://tools/device/phase-reconstruct.mjs:371:18
    at ModuleJob.run (node:internal/modules/esm/module_job:343:25)
    at async onImport.tracePromise.__proto__ (node:internal/modules/esm/loader:681:26)
    at async asyncRunEntryPointWithESMLoader (node:internal/modules/run_main:117:5)

Node.js v22.23.2
  ^ FAILED (resource-limited or diagnostic error)
[ 3/13  23%] delivered phase vs the model band took 0s (pipeline 30s)

[ 4/13  30%] --- native-frame state coverage for the actuation ---
ACTUATION_METRIC trace=night7-anchoredi3-20260913T185056Z-768576186625118.tsv scope=full-trace frames=735 monitor_unknown_frame_pct=100.000 mask_unknown_frame_pct=100.000 state_basis=native-strokes unknown_frames=735/735 unknown_frame_pct=100.000
[ 4/13  30%] native-frame state coverage for the actuation took 0s (pipeline 30s)

[ 5/13  38%] --- scheduled contacts against frame stalls ---
tap-stall-audit: bundle has no hid.night-go: the run never reached a night
  ^ FAILED (resource-limited or diagnostic error)
[ 5/13  38%] scheduled contacts against frame stalls took 0s (pipeline 30s)

--- input dispatch aligned to presented frames ---
  a frame trace is present but no Perfetto input trace is: dispatch
  cannot be aligned to frames. Run atrace-input.sh around the command.

--- elegance (inputs sent vs needed) ---
  no driver log for night7-anchoredi3-20260913T185056Z; nothing to count. Runs before 2026-08-26 have none.

--- Balloon Boy's vent bang ---
  no raw audio kept for night7-anchoredi3-20260913T185056Z; scan-night requires a receiver PCM capture.
  external authority facts are also absent; run with CUE_AUDIO=1 AUDIO_AUTHORITY_SOCKET=PATH.

==============================================================
VERDICT: at least one instrument FAILED for night7-anchoredi3-20260913T185056Z -- read above
==============================================================
