==============================================================
run: night7-night7-k2-cohort-r08-20260914T233902Z
==============================================================
capture: night7-night7-k2-cohort-r08-20260914T233902Z.mp4
hid trace: MISSING (run with HID_TRACE_RUN=1)
input trace: none (run atrace-input.sh around the command)
SurfaceFlinger latency: none (set SF_LAYER for capture)
cue trace: none (run with CUE_HELPER=1)
legacy night PCM: none (receiver owns live audio)
audio facts: none (run with external authority socket)
session manifest: none (unmanifested run)
campaign bundle: artifacts/campaign-2026-09-14T23-39-15.285Z
frame trace: none (run query-cue-helper.sh trace start/stop around the run)
capture rate: 58 fps (ffprobe 70612500/1213337)
  using measured 58 fps for timing-sensitive graders (nominal 60)

--- session manifest (v1 provenance contract) ---
  no night7-night7-k2-cohort-r08-20260914T233902Z-session.json: this run is unmanifested, so nothing below can
  name its game build, model hashes, clock alignment or win evidence.
  Nothing was validated.
  Run under tools/device/trial.sh, which emits one.

--- input dispatch / frame landing (Perfetto) ---
  no input trace kept for night7-night7-k2-cohort-r08-20260914T233902Z; rendered video cannot establish dispatch.

--- clock transitions (HUD first frame, 1 AM) ---
HUD first=34328ms; 1 AM=104328ms; delta=70000ms; resolution=17ms

[ 1/13   7%] --- video instruments over one shared decode (survival, cameras, light, keyframes, box, intervals, timeline) ---
           ... video instruments over one shared decode (survival, cameras, light, keyframes, box, intervals, timeline) still running (20s)
           ... video instruments over one shared decode (survival, cameras, light, keyframes, box, intervals, timeline) still running (40s)
           ... video instruments over one shared decode (survival, cameras, light, keyframes, box, intervals, timeline) still running (60s)
           ... video instruments over one shared decode (survival, cameras, light, keyframes, box, intervals, timeline) still running (80s)
           ... video instruments over one shared decode (survival, cameras, light, keyframes, box, intervals, timeline) still running (100s)
           ... video instruments over one shared decode (survival, cameras, light, keyframes, box, intervals, timeline) still running (120s)
--- survival (the only number that is a run length) ---
tools/device/../../captures/night7-night7-k2-cohort-r08-20260914T233902Z.mp4: 1294 frames at 4.0 fps
  night HUD appears at 34.2s
  HUD gone for good from 304.8s: death static (temporal: 20 frames, 5.0s, mean 36, tdiff 37)
  ALIVE for 270.5s
[decode-once] survival (the only number that is a run length): exit 0, 66s, ok
--- camera selections ---
tools/device/../../captures/night7-night7-k2-cohort-r08-20260914T233902Z.mp4: selected-camera trace at 58 fps
  cam 04    3.97s ->   8.28s  (4.31s)
  cam 04   10.81s ->  10.90s  (0.09s)
  cam 07   37.12s ->  37.17s  (0.05s)
  cam 11   37.28s ->  37.71s  (0.43s)
  cam 11   38.74s ->  39.19s  (0.45s)
  cam 11   44.74s ->  48.14s  (3.40s)
  cam 11   54.74s ->  58.16s  (3.41s)
  cam 11   64.71s ->  68.14s  (3.43s)
  cam 11   74.76s ->  78.17s  (3.41s)
  cam 11   84.72s ->  88.17s  (3.45s)
  cam 11   94.72s ->  98.16s  (3.43s)
  cam 11  104.72s -> 108.17s  (3.45s)
  cam 11  114.74s -> 118.19s  (3.45s)
  cam 11  124.69s -> 128.16s  (3.47s)
  cam 11  134.74s -> 138.17s  (3.43s)
  cam 11  144.76s -> 148.17s  (3.41s)
  cam 11  154.76s -> 158.19s  (3.43s)
  cam 11  164.71s -> 168.19s  (3.48s)
  cam 11  174.76s -> 178.16s  (3.40s)
  cam 11  184.76s -> 188.19s  (3.43s)
  cam 11  194.78s -> 198.17s  (3.40s)
  cam 11  204.79s -> 208.19s  (3.40s)
  cam 11  214.78s -> 218.19s  (3.41s)
  cam 11  224.76s -> 228.21s  (3.45s)
  cam 11  234.79s -> 238.19s  (3.40s)
  cam 11  244.69s -> 248.17s  (3.48s)
  cam 11  254.79s -> 258.17s  (3.38s)
  cam 11  264.79s -> 268.17s  (3.38s)
  cam 11  274.79s -> 278.21s  (3.41s)
  cam 11  284.81s -> 288.21s  (3.40s)
  cam 11  294.78s -> 298.17s  (3.40s)
summary: 0 complete 10-04-07-11 sweeps, 0 incomplete sweep starts
[decode-once] camera selections: exit 0, 66s, ok
--- camera light actually flashing ---
tools/device/../../captures/night7-night7-k2-cohort-r08-20260914T233902Z.mp4: signature sweepcheck-signature.json  (sweep lit iff >=2/3 cams)
summary: 0/0 sweeps lit (>=2 of 3 cameras)
NO GRADABLE SWEEP: no sweep window was found in this run, so this instrument says nothing about whether the light fired.
[decode-once] camera light actually flashing: exit 3, 131s, a result about the run, not an instrument failure
--- keyframes (what the run contained) ---
tools/device/../../captures/night7-night7-k2-cohort-r08-20260914T233902Z.mp4: 647 frames at 2.0 fps, 12 kept
  timestamps: 0.0s 8.5s 29.5s 37.5s 38.0s 64.5s 87.5s 124.5s 134.5s 244.5s 284.5s 304.5s
  sheet: tools/device/../../captures/night7-night7-k2-cohort-r08-20260914T233902Z-keyframes.png
[decode-once] keyframes (what the run contained): exit 0, 131s, ok
--- music box ---
tools/device/../../captures/night7-night7-k2-cohort-r08-20260914T233902Z.mp4: 323.58s sampled at 12 fps
  cam11   3.92s ->   8.25s    0.0% ->   2.4%  (range   0.0-  2.4%)
  cam11  10.75s ->  10.92s    1.2% ->   1.2%  (range   1.2-  1.2%)
  cam11  38.92s ->  39.00s   75.5% ->  75.5%  (range  75.5- 75.5%)
  cam11  44.92s ->  47.92s   29.0% ->  80.6%  (range  29.0- 80.6%)
  cam11  54.92s ->  58.00s   34.6% ->  83.4%  (range  34.6- 83.4%)
  cam11  64.92s ->  67.92s   42.2% ->  86.7%  (range  42.2- 86.7%)
  cam11  74.92s ->  77.92s   52.5% ->  91.2%  (range  52.5- 91.2%)
  cam11  84.92s ->  87.92s   61.2% ->  91.2%  (range  61.2- 91.3%)
  cam11  94.92s ->  97.92s   61.2% -> 100.0%  (range  61.2-100.0%)
  cam11 104.92s -> 107.92s   61.2% -> 100.0%  (range  61.2-100.0%)
  cam11 114.92s -> 118.00s   61.2% -> 100.0%  (range  61.2-100.0%)
  cam11 124.92s -> 127.92s   61.1% -> 100.0%  (range  61.1-100.0%)
  cam11 134.92s -> 138.00s   61.2% -> 100.0%  (range  61.2-100.0%)
  cam11 144.92s -> 148.00s   61.5% -> 100.0%  (range  61.5-100.0%)
  cam11 154.92s -> 158.00s   61.2% -> 100.0%  (range  61.2-100.0%)
  cam11 164.92s -> 168.00s   61.3% -> 100.0%  (range  61.3-100.0%)
  cam11 174.92s -> 178.00s   61.2% -> 100.0%  (range  61.2-100.0%)
  cam11 184.92s -> 188.00s   61.2% -> 100.0%  (range  61.2-100.0%)
  cam11 194.92s -> 198.00s   61.2% -> 100.0%  (range  61.2-100.0%)
  cam11 204.92s -> 208.00s   61.3% -> 100.0%  (range  61.3-100.0%)
  cam11 214.92s -> 218.00s   61.3% -> 100.0%  (range  61.3-100.0%)
  cam11 224.92s -> 228.00s   61.3% -> 100.0%  (range  61.3-100.0%)
  cam11 234.92s -> 238.00s   61.4% -> 100.0%  (range  61.4-100.0%)
  cam11 244.92s -> 248.00s   61.3% -> 100.0%  (range  61.3-100.0%)
  cam11 254.92s -> 258.00s   61.2% -> 100.0%  (range  61.2-100.0%)
  cam11 264.92s -> 268.00s   61.2% -> 100.0%  (range  61.2-100.0%)
  cam11 274.92s -> 278.00s   61.4% -> 100.0%  (range  61.4-100.0%)
  cam11 284.92s -> 288.00s   61.2% -> 100.0%  (range  61.2-100.0%)
  cam11 294.92s -> 298.00s   61.3% -> 100.0%  (range  61.3-100.0%)
[decode-once] music box: exit 0, 66s, ok
--- office / mask / camera intervals ---
tools/device/../../captures/night7-night7-k2-cohort-r08-20260914T233902Z.mp4: 323.58s sampled at 12 fps
  camera   0.17s ->   3.33s  (3.17s)
  camera  11.17s ->  23.50s  (12.33s)
  office  34.33s ->  36.83s  (2.50s)
  camera  37.08s ->  37.83s  (0.75s)
  office  38.08s ->  38.58s  (0.50s)
  camera  38.67s ->  39.17s  (0.50s)
  mask    39.92s ->  43.83s  (3.92s)  <-- latched mask
  office  44.00s ->  44.25s  (0.25s)
  camera  44.67s ->  48.17s  (3.50s)
  office  48.33s ->  48.58s  (0.25s)
  mask    48.83s ->  53.83s  (5.00s)  <-- latched mask
  office  54.08s ->  54.42s  (0.33s)
  camera  54.67s ->  58.17s  (3.50s)
  office  58.33s ->  58.58s  (0.25s)
  mask    58.83s ->  63.92s  (5.08s)  <-- latched mask
  camera  64.67s ->  68.17s  (3.50s)
  mask    68.50s ->  74.08s  (5.58s)  <-- latched mask
  camera  74.67s ->  78.42s  (3.75s)
  mask    78.83s ->  84.08s  (5.25s)  <-- latched mask
  camera  84.67s ->  88.17s  (3.50s)
  office  88.33s ->  88.58s  (0.25s)
  mask    88.83s ->  93.83s  (5.00s)  <-- latched mask
  office  94.00s ->  94.42s  (0.42s)
  camera  94.67s ->  98.58s  (3.92s)
  mask    98.75s -> 104.08s  (5.33s)  <-- latched mask
  camera 104.67s -> 108.17s  (3.50s)
  mask   108.83s -> 113.83s  (5.00s)  <-- latched mask
  office 114.08s -> 114.42s  (0.33s)
  camera 114.67s -> 118.17s  (3.50s)
  mask   118.75s -> 123.83s  (5.08s)  <-- latched mask
  office 124.08s -> 124.42s  (0.33s)
  camera 124.58s -> 128.17s  (3.58s)
  mask   128.50s -> 134.17s  (5.67s)  <-- latched mask
  camera 134.67s -> 138.17s  (3.50s)
  mask   138.83s -> 143.83s  (5.00s)  <-- latched mask
  camera 144.67s -> 148.42s  (3.75s)
  mask   148.83s -> 153.92s  (5.08s)  <-- latched mask
  office 154.08s -> 154.50s  (0.42s)
  camera 154.67s -> 158.17s  (3.50s)
  mask   158.50s -> 164.17s  (5.67s)  <-- latched mask
  camera 164.58s -> 168.17s  (3.58s)
  mask   168.83s -> 174.08s  (5.25s)  <-- latched mask
  camera 174.67s -> 178.17s  (3.50s)
  mask   178.50s -> 184.08s  (5.58s)  <-- latched mask
  camera 184.67s -> 188.42s  (3.75s)
  mask   188.83s -> 193.92s  (5.08s)  <-- latched mask
  office 194.08s -> 194.58s  (0.50s)
  camera 194.67s -> 198.42s  (3.75s)
  mask   198.83s -> 203.83s  (5.00s)  <-- latched mask
  camera 204.67s -> 208.17s  (3.50s)
  mask   208.83s -> 214.17s  (5.33s)  <-- latched mask
  camera 214.67s -> 218.42s  (3.75s)
  mask   218.83s -> 223.83s  (5.00s)  <-- latched mask
  office 224.00s -> 224.58s  (0.58s)
  camera 224.67s -> 228.67s  (4.00s)
  mask   228.83s -> 234.17s  (5.33s)  <-- latched mask
  camera 234.67s -> 238.67s  (4.00s)
  mask   238.83s -> 244.17s  (5.33s)  <-- latched mask
  camera 244.58s -> 248.42s  (3.83s)
  mask   248.75s -> 253.92s  (5.17s)  <-- latched mask
  office 254.08s -> 254.33s  (0.25s)
  camera 254.67s -> 258.17s  (3.50s)
  mask   258.83s -> 264.17s  (5.33s)  <-- latched mask
  camera 264.75s -> 268.42s  (3.67s)
  mask   268.83s -> 274.17s  (5.33s)  <-- latched mask
  camera 274.67s -> 278.67s  (4.00s)
  mask   278.83s -> 284.17s  (5.33s)  <-- latched mask
  camera 284.67s -> 288.17s  (3.50s)
  mask   288.83s -> 293.92s  (5.08s)  <-- latched mask
  office 294.00s -> 294.42s  (0.42s)
  camera 294.67s -> 298.17s  (3.50s)
  mask   298.75s -> 303.92s  (5.17s)  <-- latched mask
  office 304.08s -> 304.33s  (0.25s)
  camera 304.67s -> 309.50s  (4.83s)
  camera 320.08s -> 323.42s  (3.33s)
summary: 32 camera intervals, 0 visible hall flashes, 27 latched-mask intervals
note: visible hall flashes are only a rendering lower bound; the sourced movement blackout can hide logically accepted Foxy flashes
[decode-once] office / mask / camera intervals: exit 0, 66s, ok
--- run timeline and terminal outcome ---
tools/device/../../captures/night7-night7-k2-cohort-r08-20260914T233902Z.mp4: 647 frames at 2.0 fps, 640x288
      0.0s ->     8.5s  (   8.5s)  camera
      8.5s ->    11.0s  (   2.5s)  other
     11.0s ->    30.0s  (  19.0s)  camera
     30.0s ->    32.5s  (   2.5s)  intro
     32.5s ->    34.5s  (   2.0s)  dark
     34.5s ->    40.0s  (   5.5s)  office
     40.0s ->    44.5s  (   4.5s)  mask
     44.5s ->    49.0s  (   4.5s)  camera
     49.0s ->    54.5s  (   5.5s)  mask
     54.5s ->    59.0s  (   4.5s)  camera
     59.0s ->    64.5s  (   5.5s)  mask
     64.5s ->    69.0s  (   4.5s)  camera
     69.0s ->    74.5s  (   5.5s)  mask
     74.5s ->    79.0s  (   4.5s)  camera
     79.0s ->    84.5s  (   5.5s)  mask
     84.5s ->    89.0s  (   4.5s)  camera
     89.0s ->    94.5s  (   5.5s)  mask
     94.5s ->    99.0s  (   4.5s)  camera
     99.0s ->   104.5s  (   5.5s)  mask
    104.5s ->   109.0s  (   4.5s)  camera
    109.0s ->   114.5s  (   5.5s)  mask
    114.5s ->   119.0s  (   4.5s)  camera
    119.0s ->   124.5s  (   5.5s)  mask
    124.5s ->   129.0s  (   4.5s)  camera
    129.0s ->   134.5s  (   5.5s)  mask
    134.5s ->   139.0s  (   4.5s)  camera
    139.0s ->   144.5s  (   5.5s)  mask
    144.5s ->   149.0s  (   4.5s)  camera
    149.0s ->   154.5s  (   5.5s)  mask
    154.5s ->   159.0s  (   4.5s)  camera
    159.0s ->   164.5s  (   5.5s)  mask
    164.5s ->   169.0s  (   4.5s)  camera
    169.0s ->   174.5s  (   5.5s)  mask
    174.5s ->   179.0s  (   4.5s)  camera
    179.0s ->   184.5s  (   5.5s)  mask
    184.5s ->   189.0s  (   4.5s)  camera
    189.0s ->   194.5s  (   5.5s)  mask
    194.5s ->   199.0s  (   4.5s)  camera
    199.0s ->   204.5s  (   5.5s)  mask
    204.5s ->   209.0s  (   4.5s)  camera
    209.0s ->   214.5s  (   5.5s)  mask
    214.5s ->   219.0s  (   4.5s)  camera
    219.0s ->   224.5s  (   5.5s)  mask
    224.5s ->   229.0s  (   4.5s)  camera
    229.0s ->   234.5s  (   5.5s)  mask
    234.5s ->   239.0s  (   4.5s)  camera
    239.0s ->   244.5s  (   5.5s)  mask
    244.5s ->   249.0s  (   4.5s)  camera
    249.0s ->   254.5s  (   5.5s)  mask
    254.5s ->   259.0s  (   4.5s)  camera
    259.0s ->   264.5s  (   5.5s)  mask
    264.5s ->   269.0s  (   4.5s)  camera
    269.0s ->   274.5s  (   5.5s)  mask
    274.5s ->   279.0s  (   4.5s)  camera
    279.0s ->   284.5s  (   5.5s)  mask
    284.5s ->   289.0s  (   4.5s)  camera
    289.0s ->   294.5s  (   5.5s)  mask
    294.5s ->   299.0s  (   4.5s)  camera
    299.0s ->   305.0s  (   6.0s)  mask
    305.0s ->   320.0s  (  15.0s)  other
    320.0s ->   323.5s  (   3.5s)  camera

  TERMINAL: unknown
  nothing terminal was captured; the recording may stop before the end of the night
[decode-once] run timeline and terminal outcome: exit 0, 131s, ok
[decode-once] 2 shared decode(s) for 7 instruments: 7 branches in 64.2s (exit 0), 3 branches in 61.6s (exit 0)
[ 1/13   7%] video instruments over one shared decode (survival, cameras, light, keyframes, box, intervals, timeline) took 131s (pipeline 172s)

[ 2/13  15%] --- campaign bundle (executor-owned facts) ---
--- modern campaign bundle (executor-owned facts) ---
  night reached               yes
  arm mode                    observe-once
  arm                         UNRESOLVED (non-fatal) on attempt 1 (0 retries, 1 samples)
  arm verified at             UNKNOWN
  parked prefix (plan)        UNKNOWN
  PHASE LAG (suffix shift)    none -- observe-once never parks the stream
  cycle gates                 28 (27 agreed, 0 corrected, 1 aborted)
  gate lag                    UNKNOWN
  delivered offset            UNKNOWN
  corrections landed          0 confirmed, 0 unconfirmed, 0 unread, 0 never read back
  press acceptance            3 graded -- 3 UNKNOWN
  stop reason                 gate-abort (mask-state-unavailable)
[ 2/13  15%] campaign bundle (executor-owned facts) took 0s (pipeline 172s)

[ 3/13  23%] --- delivered phase vs the model band ---
           ... delivered phase vs the model band still running (20s)
{
  "schema": "device-phase-reconstruction-v1",
  "origin": {
    "kind": "lifecycle-classification",
    "nightGoAt": 1789429179801,
    "releasedAt": 1789429179810,
    "errorVersusFirstNightFrameMs": "UNKNOWN",
    "bracketedByMs": 1543,
    "priorSampleLabel": "unknown=dark-frame-no-text",
    "observationCadenceMs": {
      "min": 371,
      "p50": 974,
      "max": 8058
    }
  },
  "plannedPhaseOffsetMs": 0,
  "actionCount": 301,
  "arm": null,
  "cycles": [
    {
      "gateAtMs": 3348,
      "nextActionId": "toys-1",
      "status": "AGREED",
      "believedMaskOn": true,
      "observedMaskOn": true,
      "maskEvidence": "button-stroke:mask-on",
      "readCount": 1,
      "gateLagMs": null,
      "deliveredOffsetMs": null
    },
    {
      "gateAtMs": 13000,
      "nextActionId": "toys-1",
      "status": "AGREED",
      "believedMaskOn": true,
      "observedMaskOn": true,
      "maskEvidence": "button-stroke:mask-on",
      "readCount": 1,
      "gateLagMs": null,
      "deliveredOffsetMs": null
    },
    {
      "gateAtMs": 23000,
      "nextActionId": "toys-1",
      "status": "AGREED",
      "believedMaskOn": true,
      "observedMaskOn": true,
      "maskEvidence": "button-stroke:mask-on",
      "readCount": 1,
      "gateLagMs": null,
      "deliveredOffsetMs": null
    },
    {
      "gateAtMs": 33000,
      "nextActionId": "toys-1",
      "status": "AGREED",
      "believedMaskOn": true,
      "observedMaskOn": true,
      "maskEvidence": "button-stroke:mask-on",
      "readCount": 1,
      "gateLagMs": null,
      "deliveredOffsetMs": null
    },
    {
      "gateAtMs": 43000,
      "nextActionId": "toys-1",
      "status": "AGREED",
      "believedMaskOn": true,
      "observedMaskOn": true,
      "maskEvidence": "button-stroke:mask-on",
      "readCount": 1,
      "gateLagMs": null,
      "deliveredOffsetMs": null
    },
    {
      "gateAtMs": 53000,
      "nextActionId": "toys-1",
      "status": "AGREED",
      "believedMaskOn": true,
      "observedMaskOn": true,
      "maskEvidence": "button-stroke:mask-on",
      "readCount": 1,
      "gateLagMs": null,
      "deliveredOffsetMs": null
    },
    {
      "gateAtMs": 63000,
      "nextActionId": "toys-1",
      "status": "AGREED",
      "believedMaskOn": true,
      "observedMaskOn": true,
      "maskEvidence": "button-stroke:mask-on",
      "readCount": 1,
      "gateLagMs": null,
      "deliveredOffsetMs": null
    },
    {
      "gateAtMs": 73000,
      "nextActionId": "toys-1",
      "status": "AGREED",
      "believedMaskOn": true,
      "observedMaskOn": true,
      "maskEvidence": "button-stroke:mask-on",
      "readCount": 1,
      "gateLagMs": null,
      "deliveredOffsetMs": null
    },
    {
      "gateAtMs": 83000,
      "nextActionId": "toys-1",
      "status": "AGREED",
      "believedMaskOn": true,
      "observedMaskOn": true,
      "maskEvidence": "button-stroke:mask-on",
      "readCount": 1,
      "gateLagMs": null,
      "deliveredOffsetMs": null
    },
    {
      "gateAtMs": 93000,
      "nextActionId": "toys-1",
      "status": "AGREED",
      "believedMaskOn": true,
      "observedMaskOn": true,
      "maskEvidence": "button-stroke:mask-on",
      "readCount": 1,
      "gateLagMs": null,
      "deliveredOffsetMs": null
    },
    {
      "gateAtMs": 103000,
      "nextActionId": "toys-1",
      "status": "AGREED",
      "believedMaskOn": true,
      "observedMaskOn": true,
      "maskEvidence": "button-stroke:mask-on",
      "readCount": 1,
      "gateLagMs": null,
      "deliveredOffsetMs": null
    },
    {
      "gateAtMs": 113000,
      "nextActionId": "toys-1",
      "status": "AGREED",
      "believedMaskOn": true,
      "observedMaskOn": true,
      "maskEvidence": "button-stroke:mask-on",
      "readCount": 1,
      "gateLagMs": null,
      "deliveredOffsetMs": null
    },
    {
      "gateAtMs": 123000,
      "nextActionId": "toys-1",
      "status": "AGREED",
      "believedMaskOn": true,
      "observedMaskOn": true,
      "maskEvidence": "button-stroke:mask-on",
      "readCount": 1,
      "gateLagMs": null,
      "deliveredOffsetMs": null
    },
    {
      "gateAtMs": 133000,
      "nextActionId": "toys-1",
      "status": "AGREED",
      "believedMaskOn": true,
      "observedMaskOn": true,
      "maskEvidence": "button-stroke:mask-on",
      "readCount": 1,
      "gateLagMs": null,
      "deliveredOffsetMs": null
    },
    {
      "gateAtMs": 143000,
      "nextActionId": "toys-1",
      "status": "AGREED",
      "believedMaskOn": true,
      "observedMaskOn": true,
      "maskEvidence": "button-stroke:mask-on",
      "readCount": 1,
      "gateLagMs": null,
      "deliveredOffsetMs": null
    },
    {
      "gateAtMs": 153000,
      "nextActionId": "toys-1",
      "status": "AGREED",
      "believedMaskOn": true,
      "observedMaskOn": true,
      "maskEvidence": "button-stroke:mask-on",
      "readCount": 1,
      "gateLagMs": null,
      "deliveredOffsetMs": null
    },
    {
      "gateAtMs": 163000,
      "nextActionId": "toys-1",
      "status": "AGREED",
      "believedMaskOn": true,
      "observedMaskOn": true,
      "maskEvidence": "button-stroke:mask-on",
      "readCount": 1,
      "gateLagMs": null,
      "deliveredOffsetMs": null
    },
    {
      "gateAtMs": 173000,
      "nextActionId": "toys-1",
      "status": "AGREED",
      "believedMaskOn": true,
      "observedMaskOn": true,
      "maskEvidence": "button-stroke:mask-on",
      "readCount": 1,
      "gateLagMs": null,
      "deliveredOffsetMs": null
    },
    {
      "gateAtMs": 183000,
      "nextActionId": "toys-1",
      "status": "AGREED",
      "believedMaskOn": true,
      "observedMaskOn": true,
      "maskEvidence": "button-stroke:mask-on",
      "readCount": 1,
      "gateLagMs": null,
      "deliveredOffsetMs": null
    },
    {
      "gateAtMs": 193000,
      "nextActionId": "toys-1",
      "status": "AGREED",
      "believedMaskOn": true,
      "observedMaskOn": true,
      "maskEvidence": "button-stroke:mask-on",
      "readCount": 1,
      "gateLagMs": null,
      "deliveredOffsetMs": null
    },
    {
      "gateAtMs": 203000,
      "nextActionId": "toys-1",
      "status": "AGREED",
      "believedMaskOn": true,
      "observedMaskOn": true,
      "maskEvidence": "button-stroke:mask-on",
      "readCount": 1,
      "gateLagMs": null,
      "deliveredOffsetMs": null
    },
    {
      "gateAtMs": 213000,
      "nextActionId": "toys-1",
      "status": "AGREED",
      "believedMaskOn": true,
      "observedMaskOn": true,
      "maskEvidence": "button-stroke:mask-on",
      "readCount": 1,
      "gateLagMs": null,
      "deliveredOffsetMs": null
    },
    {
      "gateAtMs": 223000,
      "nextActionId": "toys-1",
      "status": "AGREED",
      "believedMaskOn": true,
      "observedMaskOn": true,
      "maskEvidence": "button-stroke:mask-on",
      "readCount": 1,
      "gateLagMs": null,
      "deliveredOffsetMs": null
    },
    {
      "gateAtMs": 233000,
      "nextActionId": "toys-1",
      "status": "AGREED",
      "believedMaskOn": true,
      "observedMaskOn": true,
      "maskEvidence": "button-stroke:mask-on",
      "readCount": 1,
      "gateLagMs": null,
      "deliveredOffsetMs": null
    },
    {
      "gateAtMs": 243000,
      "nextActionId": "toys-1",
      "status": "AGREED",
      "believedMaskOn": true,
      "observedMaskOn": true,
      "maskEvidence": "button-stroke:mask-on",
      "readCount": 1,
      "gateLagMs": null,
      "deliveredOffsetMs": null
    },
    {
      "gateAtMs": 253000,
      "nextActionId": "toys-1",
      "status": "AGREED",
      "believedMaskOn": true,
      "observedMaskOn": true,
      "maskEvidence": "button-stroke:mask-on",
      "readCount": 1,
      "gateLagMs": null,
      "deliveredOffsetMs": null
    },
    {
      "gateAtMs": 263000,
      "nextActionId": "toys-1",
      "status": "AGREED",
      "believedMaskOn": true,
      "observedMaskOn": true,
      "maskEvidence": "button-stroke:mask-on",
      "readCount": 1,
      "gateLagMs": null,
      "deliveredOffsetMs": null
    },
    {
      "gateAtMs": 273000,
      "nextActionId": "toys-1",
      "status": "UNKNOWN",
      "believedMaskOn": true,
      "observedMaskOn": null,
      "maskEvidence": "stroke-unavailable",
      "readCount": 4,
      "gateLagMs": null,
      "deliveredOffsetMs": null
    }
  ],
  "deliveredOffsetMs": null,
  "terminal": {
    "lastNightAt": 1789429449375,
    "terminalAt": 1789429451032,
    "terminalLabel": "state=static",
    "bracketMs": 1657,
    "attribution": "UNKNOWN"
  },
  "run": "artifacts/campaign-2026-09-14T23-39-15.285Z",
  "model": {
    "night": 7,
    "seeds": 100,
    "ventMaskTicks": 5,
    "rows": [
      {
        "epochMs": 0,
        "maskTicks": 5,
        "wins": 100,
        "armed": 100,
        "seeds": 100,
        "deaths": {}
      },
      {
        "epochMs": 16.67,
        "maskTicks": 5,
        "wins": 100,
        "armed": 100,
        "seeds": 100,
        "deaths": {}
      },
      {
        "epochMs": 33.33,
        "maskTicks": 5,
        "wins": 100,
        "armed": 100,
        "seeds": 100,
        "deaths": {}
      },
      {
        "epochMs": 50,
        "maskTicks": 5,
        "wins": 100,
        "armed": 100,
        "seeds": 100,
        "deaths": {}
      },
      {
        "epochMs": 66.67,
        "maskTicks": 5,
        "wins": 100,
        "armed": 100,
        "seeds": 100,
        "deaths": {}
      },
      {
        "epochMs": 83.33,
        "maskTicks": 5,
        "wins": 100,
        "armed": 100,
        "seeds": 100,
        "deaths": {}
      },
      {
        "epochMs": 100,
        "maskTicks": 5,
        "wins": 100,
        "armed": 100,
        "seeds": 100,
        "deaths": {}
      },
      {
        "epochMs": 116.67,
        "maskTicks": 5,
        "wins": 0,
        "armed": 0,
        "seeds": 100,
        "deaths": {
          "puppet": 81,
          "inside-office": 19
        }
      },
      {
        "epochMs": 133.33,
        "maskTicks": 5,
        "wins": 0,
        "armed": 0,
        "seeds": 100,
        "deaths": {
          "puppet": 81,
          "inside-office": 19
        }
      },
      {
        "epochMs": 150,
        "maskTicks": 5,
        "wins": 0,
        "armed": 0,
        "seeds": 100,
        "deaths": {
          "puppet": 81,
          "inside-office": 19
        }
      },
      {
        "epochMs": 166.67,
        "maskTicks": 5,
        "wins": 100,
        "armed": 100,
        "seeds": 100,
        "deaths": {}
      },
      {
        "epochMs": 183.33,
        "maskTicks": 5,
        "wins": 100,
        "armed": 100,
        "seeds": 100,
        "deaths": {}
      },
      {
        "epochMs": 200,
        "maskTicks": 5,
        "wins": 100,
        "armed": 100,
        "seeds": 100,
        "deaths": {}
      },
      {
        "epochMs": 216.67,
        "maskTicks": 5,
        "wins": 100,
        "armed": 100,
        "seeds": 100,
        "deaths": {}
      },
      {
        "epochMs": 233.33,
        "maskTicks": 5,
        "wins": 100,
        "armed": 100,
        "seeds": 100,
        "deaths": {}
      },
      {
        "epochMs": 250,
        "maskTicks": 5,
        "wins": 100,
        "armed": 100,
        "seeds": 100,
        "deaths": {}
      },
      {
        "epochMs": 266.67,
        "maskTicks": 5,
        "wins": 100,
        "armed": 100,
        "seeds": 100,
        "deaths": {}
      },
      {
        "epochMs": 283.33,
        "maskTicks": 5,
        "wins": 100,
        "armed": 100,
        "seeds": 100,
        "deaths": {}
      },
      {
        "epochMs": 300,
        "maskTicks": 5,
        "wins": 100,
        "armed": 100,
        "seeds": 100,
        "deaths": {}
      },
      {
        "epochMs": 316.67,
        "maskTicks": 5,
        "wins": 0,
        "armed": 0,
        "seeds": 100,
        "deaths": {
          "puppet": 82,
          "inside-office": 18
        }
      },
      {
        "epochMs": 333.33,
        "maskTicks": 5,
        "wins": 0,
        "armed": 0,
        "seeds": 100,
        "deaths": {
          "puppet": 82,
          "inside-office": 18
        }
      },
      {
        "epochMs": 350,
        "maskTicks": 5,
        "wins": 0,
        "armed": 0,
        "seeds": 100,
        "deaths": {
          "puppet": 82,
          "inside-office": 18
        }
      },
      {
        "epochMs": 366.67,
        "maskTicks": 4,
        "wins": 0,
        "armed": 100,
        "seeds": 100,
        "deaths": {
          "foxy": 86,
          "inside-office": 14
        }
      },
      {
        "epochMs": 383.33,
        "maskTicks": 4,
        "wins": 0,
        "armed": 100,
        "seeds": 100,
        "deaths": {
          "foxy": 86,
          "inside-office": 14
        }
      },
      {
        "epochMs": 400,
        "maskTicks": 4,
        "wins": 0,
        "armed": 100,
        "seeds": 100,
        "deaths": {
          "foxy": 86,
          "inside-office": 14
        }
      },
      {
        "epochMs": 416.67,
        "maskTicks": 4,
        "wins": 0,
        "armed": 100,
        "seeds": 100,
        "deaths": {
          "foxy": 86,
          "inside-office": 14
        }
      },
      {
        "epochMs": 433.33,
        "maskTicks": 4,
        "wins": 0,
        "armed": 100,
        "seeds": 100,
        "deaths": {
          "foxy": 86,
          "inside-office": 14
        }
      },
      {
        "epochMs": 450,
        "maskTicks": 4,
        "wins": 0,
        "armed": 100,
        "seeds": 100,
        "deaths": {
          "foxy": 85,
          "inside-office": 15
        }
      },
      {
        "epochMs": 466.67,
        "maskTicks": 4,
        "wins": 0,
        "armed": 100,
        "seeds": 100,
        "deaths": {
          "inside-office": 20,
          "foxy": 80
        }
      },
      {
        "epochMs": 483.33,
        "maskTicks": 4,
        "wins": 0,
        "armed": 100,
        "seeds": 100,
        "deaths": {
          "foxy": 100
        }
      },
      {
        "epochMs": 500,
        "maskTicks": 4,
        "wins": 0,
        "armed": 100,
        "seeds": 100,
        "deaths": {
          "foxy": 100
        }
      },
      {
        "epochMs": 516.67,
        "maskTicks": 4,
        "wins": 0,
        "armed": 0,
        "seeds": 100,
        "deaths": {
          "foxy": 100
        }
      },
      {
        "epochMs": 533.33,
        "maskTicks": 4,
        "wins": 0,
        "armed": 0,
        "seeds": 100,
        "deaths": {
          "foxy": 100
        }
      },
      {
        "epochMs": 550,
        "maskTicks": 4,
        "wins": 0,
        "armed": 0,
        "seeds": 100,
        "deaths": {
          "foxy": 100
        }
      },
      {
        "epochMs": 566.67,
        "maskTicks": 4,
        "wins": 0,
        "armed": 100,
        "seeds": 100,
        "deaths": {
          "foxy": 100
        }
      },
      {
        "epochMs": 583.33,
        "maskTicks": 4,
        "wins": 0,
        "armed": 100,
        "seeds": 100,
        "deaths": {
          "foxy": 100
        }
      },
      {
        "epochMs": 600,
        "maskTicks": 4,
        "wins": 0,
        "armed": 100,
        "seeds": 100,
        "deaths": {
          "foxy": 100
        }
      },
      {
        "epochMs": 616.67,
        "maskTicks": 4,
        "wins": 0,
        "armed": 100,
        "seeds": 100,
        "deaths": {
          "foxy": 100
        }
      },
      {
        "epochMs": 633.33,
        "maskTicks": 4,
        "wins": 0,
        "armed": 100,
        "seeds": 100,
        "deaths": {
          "foxy": 100
        }
      },
      {
        "epochMs": 650,
        "maskTicks": 4,
        "wins": 0,
        "armed": 100,
        "seeds": 100,
        "deaths": {
          "foxy": 100
        }
      },
      {
        "epochMs": 666.67,
        "maskTicks": 4,
        "wins": 0,
        "armed": 100,
        "seeds": 100,
        "deaths": {
          "foxy": 100
        }
      },
      {
        "epochMs": 683.33,
        "maskTicks": 4,
        "wins": 0,
        "armed": 100,
        "seeds": 100,
        "deaths": {
          "foxy": 100
        }
      },
      {
        "epochMs": 700,
        "maskTicks": 4,
        "wins": 0,
        "armed": 100,
        "seeds": 100,
        "deaths": {
          "foxy": 100
        }
      },
      {
        "epochMs": 716.67,
        "maskTicks": 4,
        "wins": 0,
        "armed": 0,
        "seeds": 100,
        "deaths": {
          "foxy": 100
        }
      },
      {
        "epochMs": 733.33,
        "maskTicks": 4,
        "wins": 0,
        "armed": 0,
        "seeds": 100,
        "deaths": {
          "foxy": 100
        }
      },
      {
        "epochMs": 750,
        "maskTicks": 4,
        "wins": 0,
        "armed": 0,
        "seeds": 100,
        "deaths": {
          "foxy": 100
        }
      },
      {
        "epochMs": 766.67,
        "maskTicks": 4,
        "wins": 0,
        "armed": 100,
        "seeds": 100,
        "deaths": {
          "foxy": 100
        }
      },
      {
        "epochMs": 783.33,
        "maskTicks": 4,
        "wins": 0,
        "armed": 100,
        "seeds": 100,
        "deaths": {
          "foxy": 100
        }
      },
      {
        "epochMs": 800,
        "maskTicks": 5,
        "wins": 0,
        "armed": 100,
        "seeds": 100,
        "deaths": {
          "foxy": 100
        }
      },
      {
        "epochMs": 816.67,
        "maskTicks": 5,
        "wins": 0,
        "armed": 100,
        "seeds": 100,
        "deaths": {
          "foxy": 100
        }
      },
      {
        "epochMs": 833.33,
        "maskTicks": 5,
        "wins": 0,
        "armed": 100,
        "seeds": 100,
        "deaths": {
          "foxy": 100
        }
      },
      {
        "epochMs": 850,
        "maskTicks": 5,
        "wins": 0,
        "armed": 100,
        "seeds": 100,
        "deaths": {
          "foxy": 100
        }
      },
      {
        "epochMs": 866.67,
        "maskTicks": 5,
        "wins": 0,
        "armed": 100,
        "seeds": 100,
        "deaths": {
          "foxy": 100
        }
      },
      {
        "epochMs": 883.33,
        "maskTicks": 5,
        "wins": 0,
        "armed": 100,
        "seeds": 100,
        "deaths": {
          "foxy": 100
        }
      },
      {
        "epochMs": 900,
        "maskTicks": 5,
        "wins": 0,
        "armed": 100,
        "seeds": 100,
        "deaths": {
          "foxy": 100
        }
      },
      {
        "epochMs": 916.67,
        "maskTicks": 5,
        "wins": 0,
        "armed": 0,
        "seeds": 100,
        "deaths": {
          "foxy": 100
        }
      },
      {
        "epochMs": 933.33,
        "maskTicks": 5,
        "wins": 0,
        "armed": 0,
        "seeds": 100,
        "deaths": {
          "foxy": 100
        }
      },
      {
        "epochMs": 950,
        "maskTicks": 5,
        "wins": 0,
        "armed": 0,
        "seeds": 100,
        "deaths": {
          "foxy": 100
        }
      },
      {
        "epochMs": 966.67,
        "maskTicks": 5,
        "wins": 0,
        "armed": 100,
        "seeds": 100,
        "deaths": {
          "foxy": 51,
          "golden-freddy": 49
        }
      },
      {
        "epochMs": 983.33,
        "maskTicks": 5,
        "wins": 0,
        "armed": 100,
        "seeds": 100,
        "deaths": {
          "foxy": 51,
          "golden-freddy": 49
        }
      }
    ],
    "lossBands": [
      {
        "fromMs": 116.67,
        "maskTicks": 5,
        "toMs": 166.67
      },
      {
        "fromMs": 316.67,
        "maskTicks": 5,
        "toMs": 1000
      }
    ],
    "uncontrolledPhase": {
      "night": 7,
      "runs": 3000,
      "wins": 791,
      "armed": 2248,
      "deaths": {
        "foxy": 1792,
        "puppet": 254,
        "inside-office": 120,
        "golden-freddy": 43
      },
      "note": "epoch drawn uniformly over one game second; the gate scores epoch 0 only"
    }
  }
}
[ 3/13  23%] delivered phase vs the model band took 21s (pipeline 193s)

--- native-frame state coverage for the actuation ---
  no frame trace for night7-night7-k2-cohort-r08-20260914T233902Z: frame-level state coverage and input/frame
  alignment are UNKNOWN. Nothing was measured.

--- elegance (inputs sent vs needed) ---
  no driver log for night7-night7-k2-cohort-r08-20260914T233902Z; nothing to count. Runs before 2026-08-26 have none.

--- Balloon Boy's vent bang ---
  no raw audio kept for night7-night7-k2-cohort-r08-20260914T233902Z; scan-night requires a receiver PCM capture.
  external authority facts are also absent; run with CUE_AUDIO=1 AUDIO_AUTHORITY_SOCKET=PATH.

==============================================================
VERDICT: every instrument passed for night7-night7-k2-cohort-r08-20260914T233902Z
==============================================================
