==============================================================
run: night7-anchoredi6-20260913T190115Z
==============================================================
capture: night7-anchoredi6-20260913T190115Z.mp4
hid trace: MISSING (run with HID_TRACE_RUN=1)
input trace: none (run atrace-input.sh around the command)
SurfaceFlinger latency: none (set SF_LAYER for capture)
cue trace: none (run with CUE_HELPER=1)
legacy night PCM: none (receiver owns live audio)
audio facts: none (run with external authority socket)
session manifest: none (unmanifested run)
campaign bundle: artifacts/campaign-2026-09-13T19-01-29.243Z
frame trace: night7-anchoredi6-20260913T190115Z-769192188835539.tsv
capture rate: 55 fps (ffprobe 245632500/4477679)
  using measured 55 fps for timing-sensitive graders (nominal 60)

--- session manifest (v1 provenance contract) ---
  no night7-anchoredi6-20260913T190115Z-session.json: this run is unmanifested, so nothing below can
  name its game build, model hashes, clock alignment or win evidence.
  Nothing was validated.
  Run under tools/device/trial.sh, which emits one.

--- input dispatch / frame landing (Perfetto) ---
  no input trace kept for night7-anchoredi6-20260913T190115Z; rendered video cannot establish dispatch.

--- clock transitions (HUD first frame, 1 AM) ---
HUD first=32745ms; 1 AM=102782ms; delta=70037ms; resolution=18ms

[ 1/13   7%] --- video instruments over one shared decode (survival, cameras, light, keyframes, box, intervals, timeline) ---
           ... video instruments over one shared decode (survival, cameras, light, keyframes, box, intervals, timeline) still running (20s)
           ... video instruments over one shared decode (survival, cameras, light, keyframes, box, intervals, timeline) still running (40s)
           ... video instruments over one shared decode (survival, cameras, light, keyframes, box, intervals, timeline) still running (60s)
           ... video instruments over one shared decode (survival, cameras, light, keyframes, box, intervals, timeline) still running (80s)
--- survival (the only number that is a run length) ---
tools/device/../../captures/night7-anchoredi6-20260913T190115Z.mp4: 796 frames at 4.0 fps
  night HUD appears at 32.8s
  HUD gone for good from 173.2s: death static (temporal: 20 frames, 5.0s, mean 36, tdiff 37)
  ALIVE for 140.5s
  note: the HUD returns for 1 later frames -- the game restarted or the menu was re-entered while the pilot kept pressing
[decode-once] survival (the only number that is a run length): exit 0, 50s, ok
--- camera selections ---
tools/device/../../captures/night7-anchoredi6-20260913T190115Z.mp4: selected-camera trace at 55 fps
  cam 07   35.62s ->  35.71s  (0.09s)
  cam 11   35.78s ->  36.24s  (0.45s)
  cam 11   37.29s ->  37.71s  (0.42s)
  cam 11   43.24s ->  46.65s  (3.42s)
  cam 11   53.27s ->  56.69s  (3.42s)
  cam 11   63.25s ->  66.65s  (3.40s)
  cam 11   73.25s ->  76.69s  (3.44s)
  cam 11   83.27s ->  86.69s  (3.42s)
  cam 11   93.27s ->  96.67s  (3.40s)
  cam 11  103.27s -> 106.69s  (3.42s)
  cam 11  113.25s -> 116.69s  (3.44s)
  cam 11  123.27s -> 126.69s  (3.42s)
  cam 11  133.24s -> 136.67s  (3.44s)
  cam 11  143.25s -> 146.65s  (3.40s)
  cam 11  153.27s -> 156.69s  (3.42s)
  cam 11  163.29s -> 163.47s  (0.18s)
  cam 11  163.55s -> 166.69s  (3.15s)
summary: 0 complete 10-04-07-11 sweeps, 0 incomplete sweep starts
[decode-once] camera selections: exit 0, 50s, ok
--- camera light actually flashing ---
tools/device/../../captures/night7-anchoredi6-20260913T190115Z.mp4: signature sweepcheck-signature.json  (sweep lit iff >=2/3 cams)
  sweep  1: cam10=dark  cam04=dark  cam07=dark   -> DARK
summary: 0/1 sweeps lit (>=2 of 3 cameras)
[decode-once] camera light actually flashing: exit 3, 94s, a result about the run, not an instrument failure
--- keyframes (what the run contained) ---
tools/device/../../captures/night7-anchoredi6-20260913T190115Z.mp4: 398 frames at 2.0 fps, 12 kept
  timestamps: 0.0s 9.5s 25.0s 37.0s 43.0s 86.0s 123.0s 133.0s 156.5s 165.0s 172.5s 185.5s
  sheet: tools/device/../../captures/night7-anchoredi6-20260913T190115Z-keyframes.png
[decode-once] keyframes (what the run contained): exit 0, 94s, ok
--- music box ---
tools/device/../../captures/night7-anchoredi6-20260913T190115Z.mp4: 199.00s sampled at 12 fps
  cam11  37.42s ->  37.58s   75.6% ->  75.6%  (range  75.6- 75.6%)
  cam11  43.42s ->  46.58s   28.9% ->  80.7%  (range  28.9- 80.7%)
  cam11  53.42s ->  56.58s   34.6% ->  83.5%  (range  34.6- 83.5%)
  cam11  63.42s ->  66.58s   42.3% ->  86.9%  (range  42.3- 86.9%)
  cam11  73.42s ->  76.58s   52.5% ->  91.6%  (range  52.5- 91.6%)
  cam11  83.42s ->  86.58s   61.2% -> 100.0%  (range  61.2-100.0%)
  cam11  93.50s ->  96.58s   67.7% -> 100.0%  (range  67.7-100.0%)
  cam11 103.42s -> 106.58s   61.2% -> 100.0%  (range  61.2-100.0%)
  cam11 113.50s -> 116.58s   61.3% -> 100.0%  (range  61.3-100.0%)
  cam11 123.42s -> 126.58s   61.2% -> 100.0%  (range  61.2-100.0%)
  cam11 133.42s -> 136.58s   61.2% -> 100.0%  (range  61.2-100.0%)
  cam11 143.50s -> 146.58s   67.9% -> 100.0%  (range  67.8-100.0%)
  cam11 153.42s -> 156.58s   61.2% -> 100.0%  (range  61.2-100.0%)
  cam11 163.42s -> 166.58s   65.2% -> 100.0%  (range  65.2-100.0%)
[decode-once] music box: exit 0, 50s, ok
--- office / mask / camera intervals ---
tools/device/../../captures/night7-anchoredi6-20260913T190115Z.mp4: 199.00s sampled at 12 fps
  camera   0.00s ->   4.42s  (4.42s)
  camera  12.25s ->  21.67s  (9.42s)
  camera  22.58s ->  22.92s  (0.33s)
  office  32.75s ->  35.42s  (2.67s)
  camera  35.58s ->  36.33s  (0.75s)
  office  36.42s ->  37.00s  (0.58s)
  camera  37.17s ->  37.67s  (0.50s)
  mask    38.42s ->  41.92s  (3.50s)  <-- latched mask
  office  42.08s ->  42.58s  (0.50s)
  office  42.67s ->  43.08s  (0.42s)
  camera  43.17s ->  46.67s  (3.50s)
  mask    47.33s ->  51.92s  (4.58s)  <-- latched mask
  office  52.08s ->  52.92s  (0.83s)
  camera  53.17s ->  56.92s  (3.75s)
  mask    57.33s ->  61.92s  (4.58s)  <-- latched mask
  office  62.08s ->  62.92s  (0.83s)
  camera  63.17s ->  66.67s  (3.50s)
  mask    67.33s ->  72.50s  (5.17s)  <-- latched mask
  camera  73.17s ->  76.92s  (3.75s)
  mask    77.33s ->  82.50s  (5.17s)  <-- latched mask
  camera  83.17s ->  87.08s  (3.92s)
  mask    87.33s ->  92.58s  (5.25s)  <-- latched mask
  camera  93.17s ->  96.67s  (3.50s)
  mask    97.33s -> 101.92s  (4.58s)  <-- latched mask
  office 102.08s -> 103.08s  (1.00s)
  camera 103.17s -> 106.92s  (3.75s)
  mask   107.00s -> 112.58s  (5.58s)  <-- latched mask
  camera 113.17s -> 116.67s  (3.50s)
  mask   117.33s -> 122.00s  (4.67s)  <-- latched mask
  office 122.17s -> 123.00s  (0.83s)
  camera 123.17s -> 127.08s  (3.92s)
  mask   127.33s -> 132.58s  (5.25s)  <-- latched mask
  camera 133.17s -> 136.67s  (3.50s)
  mask   137.33s -> 142.58s  (5.25s)  <-- latched mask
  camera 143.17s -> 146.92s  (3.75s)
  mask   147.33s -> 152.58s  (5.25s)  <-- latched mask
  camera 153.17s -> 156.67s  (3.50s)
  mask   157.33s -> 162.67s  (5.33s)  <-- latched mask
  camera 163.17s -> 166.67s  (3.50s)
  mask   167.33s -> 171.92s  (4.58s)  <-- latched mask
  camera 173.08s -> 177.92s  (4.83s)
  camera 183.08s -> 185.75s  (2.67s)
  hall   196.58s -> 196.75s  (0.17s)
  camera 196.75s -> 198.08s  (1.33s)
summary: 21 camera intervals, 1 visible hall flashes, 14 latched-mask intervals
note: visible hall flashes are only a rendering lower bound; the sourced movement blackout can hide logically accepted Foxy flashes
[decode-once] office / mask / camera intervals: exit 0, 50s, ok
--- run timeline and terminal outcome ---
tools/device/../../captures/night7-anchoredi6-20260913T190115Z.mp4: 398 frames at 2.0 fps, 640x288
      0.0s ->     5.0s  (   5.0s)  other
      5.0s ->     9.0s  (   4.0s)  camera
      9.0s ->    25.0s  (  16.0s)  other
     25.0s ->    28.0s  (   3.0s)  camera
     28.0s ->    30.5s  (   2.5s)  intro
     30.5s ->    33.0s  (   2.5s)  dark
     33.0s ->    38.5s  (   5.5s)  office
     38.5s ->    43.0s  (   4.5s)  mask
     43.0s ->    47.5s  (   4.5s)  camera
     47.5s ->    53.0s  (   5.5s)  mask
     53.0s ->    57.5s  (   4.5s)  camera
     57.5s ->    63.0s  (   5.5s)  mask
     63.0s ->    67.5s  (   4.5s)  camera
     67.5s ->    73.0s  (   5.5s)  mask
     73.0s ->    77.5s  (   4.5s)  camera
     77.5s ->    83.0s  (   5.5s)  mask
     83.0s ->    87.5s  (   4.5s)  camera
     87.5s ->    93.0s  (   5.5s)  mask
     93.0s ->    97.5s  (   4.5s)  camera
     97.5s ->   103.0s  (   5.5s)  mask
    103.0s ->   107.5s  (   4.5s)  camera
    107.5s ->   113.0s  (   5.5s)  mask
    113.0s ->   117.5s  (   4.5s)  camera
    117.5s ->   123.0s  (   5.5s)  mask
    123.0s ->   127.5s  (   4.5s)  camera
    127.5s ->   133.0s  (   5.5s)  mask
    133.0s ->   137.5s  (   4.5s)  camera
    137.5s ->   143.0s  (   5.5s)  mask
    143.0s ->   147.5s  (   4.5s)  camera
    147.5s ->   153.0s  (   5.5s)  mask
    153.0s ->   157.5s  (   4.5s)  camera
    157.5s ->   163.0s  (   5.5s)  mask
    163.0s ->   167.5s  (   4.5s)  camera
    167.5s ->   173.0s  (   5.5s)  mask
    173.0s ->   180.0s  (   7.0s)  other
    180.0s ->   183.0s  (   3.0s)  unknown
    183.0s ->   187.0s  (   4.0s)  other
    187.0s ->   191.0s  (   4.0s)  camera
    191.0s ->   193.5s  (   2.5s)  other
    193.5s ->   196.5s  (   3.0s)  camera
    196.5s ->   199.0s  (   2.5s)  other

  TERMINAL: unknown
  nothing terminal was captured; the recording may stop before the end of the night
[decode-once] run timeline and terminal outcome: exit 0, 94s, ok
[decode-once] 2 shared decode(s) for 7 instruments: 7 branches in 47.5s (exit 0), 3 branches in 41.9s (exit 0)
[ 1/13   7%] video instruments over one shared decode (survival, cameras, light, keyframes, box, intervals, timeline) took 95s (pipeline 126s)

[ 2/13  15%] --- campaign bundle (executor-owned facts) ---
--- modern campaign bundle (executor-owned facts) ---
  night reached               yes
  arm mode                    observe-once
  arm                         UNRESOLVED (non-fatal) on attempt 1 (0 retries, 1 samples)
  arm verified at             UNKNOWN
  parked prefix (plan)        UNKNOWN
  PHASE LAG (suffix shift)    none -- observe-once never parks the stream
  cycle gates                 15 (14 agreed, 0 corrected, 1 aborted)
  gate lag                    UNKNOWN
  delivered offset            UNKNOWN
  corrections landed          0 confirmed, 0 unconfirmed, 0 unread, 0 never read back
  press acceptance            3 graded -- 1 UNSTABLE, 1 PASS, 1 UNKNOWN
  stop reason                 gate-abort (mask-state-unavailable)
[ 2/13  15%] campaign bundle (executor-owned facts) took 0s (pipeline 126s)

[ 3/13  23%] --- delivered phase vs the model band ---
           ... delivered phase vs the model band still running (20s)
{
  "schema": "device-phase-reconstruction-v1",
  "origin": {
    "kind": "lifecycle-classification",
    "nightGoAt": 1789326111281,
    "releasedAt": 1789326111291,
    "errorVersusFirstNightFrameMs": "UNKNOWN",
    "bracketedByMs": 2419,
    "priorSampleLabel": "state=intro",
    "observationCadenceMs": {
      "min": 0,
      "p50": 986,
      "max": 13525
    }
  },
  "plannedPhaseOffsetMs": 0,
  "actionCount": 301,
  "arm": null,
  "cycles": [
    {
      "gateAtMs": 3348,
      "nextActionId": "toys-1",
      "status": "AGREED",
      "believedMaskOn": true,
      "observedMaskOn": true,
      "maskEvidence": "button-stroke:mask-on",
      "readCount": 1,
      "gateLagMs": null,
      "deliveredOffsetMs": null
    },
    {
      "gateAtMs": 12560,
      "nextActionId": "toys-1",
      "status": "AGREED",
      "believedMaskOn": true,
      "observedMaskOn": true,
      "maskEvidence": "button-stroke:mask-on",
      "readCount": 1,
      "gateLagMs": null,
      "deliveredOffsetMs": null
    },
    {
      "gateAtMs": 22560,
      "nextActionId": "toys-1",
      "status": "AGREED",
      "believedMaskOn": true,
      "observedMaskOn": true,
      "maskEvidence": "button-stroke:mask-on",
      "readCount": 1,
      "gateLagMs": null,
      "deliveredOffsetMs": null
    },
    {
      "gateAtMs": 32560,
      "nextActionId": "toys-1",
      "status": "AGREED",
      "believedMaskOn": true,
      "observedMaskOn": true,
      "maskEvidence": "button-stroke:mask-on",
      "readCount": 1,
      "gateLagMs": null,
      "deliveredOffsetMs": null
    },
    {
      "gateAtMs": 42560,
      "nextActionId": "toys-1",
      "status": "AGREED",
      "believedMaskOn": true,
      "observedMaskOn": true,
      "maskEvidence": "button-stroke:mask-on",
      "readCount": 1,
      "gateLagMs": null,
      "deliveredOffsetMs": null
    },
    {
      "gateAtMs": 52560,
      "nextActionId": "toys-1",
      "status": "AGREED",
      "believedMaskOn": true,
      "observedMaskOn": true,
      "maskEvidence": "button-stroke:mask-on",
      "readCount": 1,
      "gateLagMs": null,
      "deliveredOffsetMs": null
    },
    {
      "gateAtMs": 62560,
      "nextActionId": "toys-1",
      "status": "AGREED",
      "believedMaskOn": true,
      "observedMaskOn": true,
      "maskEvidence": "button-stroke:mask-on",
      "readCount": 1,
      "gateLagMs": null,
      "deliveredOffsetMs": null
    },
    {
      "gateAtMs": 72560,
      "nextActionId": "toys-1",
      "status": "AGREED",
      "believedMaskOn": true,
      "observedMaskOn": true,
      "maskEvidence": "button-stroke:mask-on",
      "readCount": 1,
      "gateLagMs": null,
      "deliveredOffsetMs": null
    },
    {
      "gateAtMs": 82560,
      "nextActionId": "toys-1",
      "status": "AGREED",
      "believedMaskOn": true,
      "observedMaskOn": true,
      "maskEvidence": "button-stroke:mask-on",
      "readCount": 1,
      "gateLagMs": null,
      "deliveredOffsetMs": null
    },
    {
      "gateAtMs": 92560,
      "nextActionId": "toys-1",
      "status": "AGREED",
      "believedMaskOn": true,
      "observedMaskOn": true,
      "maskEvidence": "button-stroke:mask-on",
      "readCount": 1,
      "gateLagMs": null,
      "deliveredOffsetMs": null
    },
    {
      "gateAtMs": 102560,
      "nextActionId": "toys-1",
      "status": "AGREED",
      "believedMaskOn": true,
      "observedMaskOn": true,
      "maskEvidence": "button-stroke:mask-on",
      "readCount": 1,
      "gateLagMs": null,
      "deliveredOffsetMs": null
    },
    {
      "gateAtMs": 112560,
      "nextActionId": "toys-1",
      "status": "AGREED",
      "believedMaskOn": true,
      "observedMaskOn": true,
      "maskEvidence": "button-stroke:mask-on",
      "readCount": 1,
      "gateLagMs": null,
      "deliveredOffsetMs": null
    },
    {
      "gateAtMs": 122560,
      "nextActionId": "toys-1",
      "status": "AGREED",
      "believedMaskOn": true,
      "observedMaskOn": true,
      "maskEvidence": "button-stroke:mask-on",
      "readCount": 1,
      "gateLagMs": null,
      "deliveredOffsetMs": null
    },
    {
      "gateAtMs": 132560,
      "nextActionId": "toys-1",
      "status": "AGREED",
      "believedMaskOn": true,
      "observedMaskOn": true,
      "maskEvidence": "button-stroke:mask-on",
      "readCount": 1,
      "gateLagMs": null,
      "deliveredOffsetMs": null
    },
    {
      "gateAtMs": 142560,
      "nextActionId": "toys-1",
      "status": "UNKNOWN",
      "believedMaskOn": true,
      "observedMaskOn": null,
      "maskEvidence": "stroke-unavailable",
      "readCount": 3,
      "gateLagMs": null,
      "deliveredOffsetMs": null
    }
  ],
  "deliveredOffsetMs": null,
  "terminal": {
    "lastNightAt": 1789326250041,
    "terminalAt": 1789326251577,
    "terminalLabel": "state=static",
    "bracketMs": 1536,
    "attribution": "UNKNOWN"
  },
  "frameTrace": "tools/device/../../captures/frame-traces/night7-anchoredi6-20260913T190115Z-769192188835539.tsv",
  "run": "artifacts/campaign-2026-09-13T19-01-29.243Z",
  "model": {
    "night": 7,
    "seeds": 100,
    "ventMaskTicks": 5,
    "rows": [
      {
        "epochMs": 0,
        "maskTicks": 5,
        "wins": 100,
        "armed": 100,
        "seeds": 100,
        "deaths": {}
      },
      {
        "epochMs": 16.67,
        "maskTicks": 5,
        "wins": 100,
        "armed": 100,
        "seeds": 100,
        "deaths": {}
      },
      {
        "epochMs": 33.33,
        "maskTicks": 5,
        "wins": 100,
        "armed": 100,
        "seeds": 100,
        "deaths": {}
      },
      {
        "epochMs": 50,
        "maskTicks": 5,
        "wins": 100,
        "armed": 100,
        "seeds": 100,
        "deaths": {}
      },
      {
        "epochMs": 66.67,
        "maskTicks": 5,
        "wins": 100,
        "armed": 100,
        "seeds": 100,
        "deaths": {}
      },
      {
        "epochMs": 83.33,
        "maskTicks": 5,
        "wins": 100,
        "armed": 100,
        "seeds": 100,
        "deaths": {}
      },
      {
        "epochMs": 100,
        "maskTicks": 5,
        "wins": 100,
        "armed": 100,
        "seeds": 100,
        "deaths": {}
      },
      {
        "epochMs": 116.67,
        "maskTicks": 5,
        "wins": 0,
        "armed": 0,
        "seeds": 100,
        "deaths": {
          "puppet": 81,
          "inside-office": 19
        }
      },
      {
        "epochMs": 133.33,
        "maskTicks": 5,
        "wins": 0,
        "armed": 0,
        "seeds": 100,
        "deaths": {
          "puppet": 81,
          "inside-office": 19
        }
      },
      {
        "epochMs": 150,
        "maskTicks": 5,
        "wins": 0,
        "armed": 0,
        "seeds": 100,
        "deaths": {
          "puppet": 81,
          "inside-office": 19
        }
      },
      {
        "epochMs": 166.67,
        "maskTicks": 5,
        "wins": 100,
        "armed": 100,
        "seeds": 100,
        "deaths": {}
      },
      {
        "epochMs": 183.33,
        "maskTicks": 5,
        "wins": 100,
        "armed": 100,
        "seeds": 100,
        "deaths": {}
      },
      {
        "epochMs": 200,
        "maskTicks": 5,
        "wins": 100,
        "armed": 100,
        "seeds": 100,
        "deaths": {}
      },
      {
        "epochMs": 216.67,
        "maskTicks": 5,
        "wins": 100,
        "armed": 100,
        "seeds": 100,
        "deaths": {}
      },
      {
        "epochMs": 233.33,
        "maskTicks": 5,
        "wins": 100,
        "armed": 100,
        "seeds": 100,
        "deaths": {}
      },
      {
        "epochMs": 250,
        "maskTicks": 5,
        "wins": 100,
        "armed": 100,
        "seeds": 100,
        "deaths": {}
      },
      {
        "epochMs": 266.67,
        "maskTicks": 5,
        "wins": 100,
        "armed": 100,
        "seeds": 100,
        "deaths": {}
      },
      {
        "epochMs": 283.33,
        "maskTicks": 5,
        "wins": 100,
        "armed": 100,
        "seeds": 100,
        "deaths": {}
      },
      {
        "epochMs": 300,
        "maskTicks": 5,
        "wins": 100,
        "armed": 100,
        "seeds": 100,
        "deaths": {}
      },
      {
        "epochMs": 316.67,
        "maskTicks": 5,
        "wins": 0,
        "armed": 0,
        "seeds": 100,
        "deaths": {
          "puppet": 82,
          "inside-office": 18
        }
      },
      {
        "epochMs": 333.33,
        "maskTicks": 5,
        "wins": 0,
        "armed": 0,
        "seeds": 100,
        "deaths": {
          "puppet": 82,
          "inside-office": 18
        }
      },
      {
        "epochMs": 350,
        "maskTicks": 5,
        "wins": 0,
        "armed": 0,
        "seeds": 100,
        "deaths": {
          "puppet": 82,
          "inside-office": 18
        }
      },
      {
        "epochMs": 366.67,
        "maskTicks": 4,
        "wins": 0,
        "armed": 100,
        "seeds": 100,
        "deaths": {
          "foxy": 86,
          "inside-office": 14
        }
      },
      {
        "epochMs": 383.33,
        "maskTicks": 4,
        "wins": 0,
        "armed": 100,
        "seeds": 100,
        "deaths": {
          "foxy": 86,
          "inside-office": 14
        }
      },
      {
        "epochMs": 400,
        "maskTicks": 4,
        "wins": 0,
        "armed": 100,
        "seeds": 100,
        "deaths": {
          "foxy": 86,
          "inside-office": 14
        }
      },
      {
        "epochMs": 416.67,
        "maskTicks": 4,
        "wins": 0,
        "armed": 100,
        "seeds": 100,
        "deaths": {
          "foxy": 86,
          "inside-office": 14
        }
      },
      {
        "epochMs": 433.33,
        "maskTicks": 4,
        "wins": 0,
        "armed": 100,
        "seeds": 100,
        "deaths": {
          "foxy": 86,
          "inside-office": 14
        }
      },
      {
        "epochMs": 450,
        "maskTicks": 4,
        "wins": 0,
        "armed": 100,
        "seeds": 100,
        "deaths": {
          "foxy": 85,
          "inside-office": 15
        }
      },
      {
        "epochMs": 466.67,
        "maskTicks": 4,
        "wins": 0,
        "armed": 100,
        "seeds": 100,
        "deaths": {
          "inside-office": 20,
          "foxy": 80
        }
      },
      {
        "epochMs": 483.33,
        "maskTicks": 4,
        "wins": 0,
        "armed": 100,
        "seeds": 100,
        "deaths": {
          "foxy": 100
        }
      },
      {
        "epochMs": 500,
        "maskTicks": 4,
        "wins": 0,
        "armed": 100,
        "seeds": 100,
        "deaths": {
          "foxy": 100
        }
      },
      {
        "epochMs": 516.67,
        "maskTicks": 4,
        "wins": 0,
        "armed": 0,
        "seeds": 100,
        "deaths": {
          "foxy": 100
        }
      },
      {
        "epochMs": 533.33,
        "maskTicks": 4,
        "wins": 0,
        "armed": 0,
        "seeds": 100,
        "deaths": {
          "foxy": 100
        }
      },
      {
        "epochMs": 550,
        "maskTicks": 4,
        "wins": 0,
        "armed": 0,
        "seeds": 100,
        "deaths": {
          "foxy": 100
        }
      },
      {
        "epochMs": 566.67,
        "maskTicks": 4,
        "wins": 0,
        "armed": 100,
        "seeds": 100,
        "deaths": {
          "foxy": 100
        }
      },
      {
        "epochMs": 583.33,
        "maskTicks": 4,
        "wins": 0,
        "armed": 100,
        "seeds": 100,
        "deaths": {
          "foxy": 100
        }
      },
      {
        "epochMs": 600,
        "maskTicks": 4,
        "wins": 0,
        "armed": 100,
        "seeds": 100,
        "deaths": {
          "foxy": 100
        }
      },
      {
        "epochMs": 616.67,
        "maskTicks": 4,
        "wins": 0,
        "armed": 100,
        "seeds": 100,
        "deaths": {
          "foxy": 100
        }
      },
      {
        "epochMs": 633.33,
        "maskTicks": 4,
        "wins": 0,
        "armed": 100,
        "seeds": 100,
        "deaths": {
          "foxy": 100
        }
      },
      {
        "epochMs": 650,
        "maskTicks": 4,
        "wins": 0,
        "armed": 100,
        "seeds": 100,
        "deaths": {
          "foxy": 100
        }
      },
      {
        "epochMs": 666.67,
        "maskTicks": 4,
        "wins": 0,
        "armed": 100,
        "seeds": 100,
        "deaths": {
          "foxy": 100
        }
      },
      {
        "epochMs": 683.33,
        "maskTicks": 4,
        "wins": 0,
        "armed": 100,
        "seeds": 100,
        "deaths": {
          "foxy": 100
        }
      },
      {
        "epochMs": 700,
        "maskTicks": 4,
        "wins": 0,
        "armed": 100,
        "seeds": 100,
        "deaths": {
          "foxy": 100
        }
      },
      {
        "epochMs": 716.67,
        "maskTicks": 4,
        "wins": 0,
        "armed": 0,
        "seeds": 100,
        "deaths": {
          "foxy": 100
        }
      },
      {
        "epochMs": 733.33,
        "maskTicks": 4,
        "wins": 0,
        "armed": 0,
        "seeds": 100,
        "deaths": {
          "foxy": 100
        }
      },
      {
        "epochMs": 750,
        "maskTicks": 4,
        "wins": 0,
        "armed": 0,
        "seeds": 100,
        "deaths": {
          "foxy": 100
        }
      },
      {
        "epochMs": 766.67,
        "maskTicks": 4,
        "wins": 0,
        "armed": 100,
        "seeds": 100,
        "deaths": {
          "foxy": 100
        }
      },
      {
        "epochMs": 783.33,
        "maskTicks": 4,
        "wins": 0,
        "armed": 100,
        "seeds": 100,
        "deaths": {
          "foxy": 100
        }
      },
      {
        "epochMs": 800,
        "maskTicks": 5,
        "wins": 0,
        "armed": 100,
        "seeds": 100,
        "deaths": {
          "foxy": 100
        }
      },
      {
        "epochMs": 816.67,
        "maskTicks": 5,
        "wins": 0,
        "armed": 100,
        "seeds": 100,
        "deaths": {
          "foxy": 100
        }
      },
      {
        "epochMs": 833.33,
        "maskTicks": 5,
        "wins": 0,
        "armed": 100,
        "seeds": 100,
        "deaths": {
          "foxy": 100
        }
      },
      {
        "epochMs": 850,
        "maskTicks": 5,
        "wins": 0,
        "armed": 100,
        "seeds": 100,
        "deaths": {
          "foxy": 100
        }
      },
      {
        "epochMs": 866.67,
        "maskTicks": 5,
        "wins": 0,
        "armed": 100,
        "seeds": 100,
        "deaths": {
          "foxy": 100
        }
      },
      {
        "epochMs": 883.33,
        "maskTicks": 5,
        "wins": 0,
        "armed": 100,
        "seeds": 100,
        "deaths": {
          "foxy": 100
        }
      },
      {
        "epochMs": 900,
        "maskTicks": 5,
        "wins": 0,
        "armed": 100,
        "seeds": 100,
        "deaths": {
          "foxy": 100
        }
      },
      {
        "epochMs": 916.67,
        "maskTicks": 5,
        "wins": 0,
        "armed": 0,
        "seeds": 100,
        "deaths": {
          "foxy": 100
        }
      },
      {
        "epochMs": 933.33,
        "maskTicks": 5,
        "wins": 0,
        "armed": 0,
        "seeds": 100,
        "deaths": {
          "foxy": 100
        }
      },
      {
        "epochMs": 950,
        "maskTicks": 5,
        "wins": 0,
        "armed": 0,
        "seeds": 100,
        "deaths": {
          "foxy": 100
        }
      },
      {
        "epochMs": 966.67,
        "maskTicks": 5,
        "wins": 0,
        "armed": 100,
        "seeds": 100,
        "deaths": {
          "foxy": 51,
          "golden-freddy": 49
        }
      },
      {
        "epochMs": 983.33,
        "maskTicks": 5,
        "wins": 0,
        "armed": 100,
        "seeds": 100,
        "deaths": {
          "foxy": 51,
          "golden-freddy": 49
        }
      }
    ],
    "lossBands": [
      {
        "fromMs": 116.67,
        "maskTicks": 5,
        "toMs": 166.67
      },
      {
        "fromMs": 316.67,
        "maskTicks": 5,
        "toMs": 1000
      }
    ],
    "uncontrolledPhase": {
      "night": 7,
      "runs": 3000,
      "wins": 791,
      "armed": 2248,
      "deaths": {
        "foxy": 1792,
        "puppet": 254,
        "inside-office": 120,
        "golden-freddy": 43
      },
      "note": "epoch drawn uniformly over one game second; the gate scores epoch 0 only"
    }
  }
}
[ 3/13  23%] delivered phase vs the model band took 22s (pipeline 148s)

[ 4/13  30%] --- native-frame state coverage for the actuation ---
ACTUATION_METRIC trace=night7-anchoredi6-20260913T190115Z-769192188835539.tsv scope=full-trace frames=1022 monitor_unknown_frame_pct=100.000 mask_unknown_frame_pct=100.000 state_basis=native-strokes unknown_frames=1022/1022 unknown_frame_pct=100.000
[ 4/13  30%] native-frame state coverage for the actuation took 0s (pipeline 148s)

[ 5/13  38%] --- scheduled contacts against frame stalls ---
frames 1022 over 17.1 s; interval p50 16.67 ms, p99 20.8 ms, max 88.8 ms, 1 over 33 ms
clock: 14 gate reads bracket the helper clock by 157.3 ms; no landed effect could anchor the schedule, so the gate bracket stands. Smallest landed-effect latency: Infinity ms at the early end, Infinity ms at the late end. A finding below holds at BOTH ends or is AMBIGUOUS.
contacts: 301 scheduled, 0 inside the trace; OUTSIDE_TRACE 301
no contact was covered by a stall, arrived with its button absent, or missed its effect
exposure of a contact to this trace's stalls (clock-free), priced over the 92 taps the plan schedules per night:
  contact   exposure   expected lost/night   P(zero lost)
     33 ms    0.327%       0.30               74%
     50 ms    0.227%       0.21               81%
     67 ms    0.128%       0.12               89%
    100 ms    0.000%       0.00              100%
actuation latency (getevent): 111 press edges, none matched a scheduled contact with a visible effect under either clock
verdict: ALL_CONTACTS_LANDED
signature transitions per plan iteration, ms from the iteration base (loop rows run +6560..), clock at the bracket midpoint (+-79 ms):
[ 5/13  38%] scheduled contacts against frame stalls took 0s (pipeline 148s)

--- input dispatch aligned to presented frames ---
  a frame trace is present but no Perfetto input trace is: dispatch
  cannot be aligned to frames. Run atrace-input.sh around the command.

--- elegance (inputs sent vs needed) ---
  no driver log for night7-anchoredi6-20260913T190115Z; nothing to count. Runs before 2026-08-26 have none.

--- Balloon Boy's vent bang ---
  no raw audio kept for night7-anchoredi6-20260913T190115Z; scan-night requires a receiver PCM capture.
  external authority facts are also absent; run with CUE_AUDIO=1 AUDIO_AUTHORITY_SOCKET=PATH.

==============================================================
VERDICT: every instrument passed for night7-anchoredi6-20260913T190115Z
==============================================================
