==============================================================
run: night7-night7-k3-full-06-20260915T225056Z
==============================================================
capture: night7-night7-k3-full-06-20260915T225056Z.mp4
hid trace: MISSING (run with HID_TRACE_RUN=1)
input trace: none (run atrace-input.sh around the command)
SurfaceFlinger latency: none (set SF_LAYER for capture)
cue trace: none (run with CUE_HELPER=1)
legacy night PCM: none (receiver owns live audio)
audio facts: none (run with external authority socket)
session manifest: none (unmanifested run)
campaign bundle: artifacts/campaign-2026-09-15T22-51-12.476Z
frame trace: none (run query-cue-helper.sh trace start/stop around the run)
capture rate: 58 fps (ffprobe 10746750/184151)
  using measured 58 fps for timing-sensitive graders (nominal 60)

--- session manifest (v1 provenance contract) ---
  no night7-night7-k3-full-06-20260915T225056Z-session.json: this run is unmanifested, so nothing below can
  name its game build, model hashes, clock alignment or win evidence.
  Nothing was validated.
  Run under tools/device/trial.sh, which emits one.

--- input dispatch / frame landing (Perfetto) ---
  no input trace kept for night7-night7-k3-full-06-20260915T225056Z; rendered video cannot establish dispatch.

--- clock transitions (HUD first frame, 1 AM) ---
HUD first=38276ms; 1 AM=108259ms; delta=69983ms; resolution=17ms

[ 1/13   7%] --- video instruments over one shared decode (survival, cameras, light, keyframes, box, intervals, timeline) ---
           ... video instruments over one shared decode (survival, cameras, light, keyframes, box, intervals, timeline) still running (20s)
           ... video instruments over one shared decode (survival, cameras, light, keyframes, box, intervals, timeline) still running (40s)
           ... video instruments over one shared decode (survival, cameras, light, keyframes, box, intervals, timeline) still running (60s)
           ... video instruments over one shared decode (survival, cameras, light, keyframes, box, intervals, timeline) still running (80s)
           ... video instruments over one shared decode (survival, cameras, light, keyframes, box, intervals, timeline) still running (100s)
           ... video instruments over one shared decode (survival, cameras, light, keyframes, box, intervals, timeline) still running (120s)
           ... video instruments over one shared decode (survival, cameras, light, keyframes, box, intervals, timeline) still running (140s)
           ... video instruments over one shared decode (survival, cameras, light, keyframes, box, intervals, timeline) still running (160s)
           ... video instruments over one shared decode (survival, cameras, light, keyframes, box, intervals, timeline) still running (180s)
           ... video instruments over one shared decode (survival, cameras, light, keyframes, box, intervals, timeline) still running (200s)
           ... video instruments over one shared decode (survival, cameras, light, keyframes, box, intervals, timeline) still running (220s)
           ... video instruments over one shared decode (survival, cameras, light, keyframes, box, intervals, timeline) still running (240s)
           ... video instruments over one shared decode (survival, cameras, light, keyframes, box, intervals, timeline) still running (260s)
           ... video instruments over one shared decode (survival, cameras, light, keyframes, box, intervals, timeline) still running (280s)
           ... video instruments over one shared decode (survival, cameras, light, keyframes, box, intervals, timeline) still running (300s)
           ... video instruments over one shared decode (survival, cameras, light, keyframes, box, intervals, timeline) still running (320s)
           ... video instruments over one shared decode (survival, cameras, light, keyframes, box, intervals, timeline) still running (340s)
           ... video instruments over one shared decode (survival, cameras, light, keyframes, box, intervals, timeline) still running (360s)
           ... video instruments over one shared decode (survival, cameras, light, keyframes, box, intervals, timeline) still running (380s)
           ... video instruments over one shared decode (survival, cameras, light, keyframes, box, intervals, timeline) still running (400s)
           ... video instruments over one shared decode (survival, cameras, light, keyframes, box, intervals, timeline) still running (420s)
           ... video instruments over one shared decode (survival, cameras, light, keyframes, box, intervals, timeline) still running (440s)
           ... video instruments over one shared decode (survival, cameras, light, keyframes, box, intervals, timeline) still running (460s)
           ... video instruments over one shared decode (survival, cameras, light, keyframes, box, intervals, timeline) still running (480s)
           ... video instruments over one shared decode (survival, cameras, light, keyframes, box, intervals, timeline) still running (500s)
           ... video instruments over one shared decode (survival, cameras, light, keyframes, box, intervals, timeline) still running (520s)
           ... video instruments over one shared decode (survival, cameras, light, keyframes, box, intervals, timeline) still running (540s)
--- survival (the only number that is a run length) ---
tools/device/../../captures/night7-night7-k3-full-06-20260915T225056Z.mp4: 1964 frames at 4.0 fps
  night HUD appears at 38.2s
  1 HUD-absent stretches contain no death static -- the monitor is up; longest 32.5s at 458.5s
  1 of them go fully dark and the HUD returns after -- longest 32.5s at 458.5s. A dark camera, a raised mask and a death minigame are not separated here: UNKNOWN(dark is ambiguous)
  HUD last seen at 458.2s of 491.0s recorded
  ALIVE for at least 420.2s -- nothing in this recording shows the run ending, so this is a lower bound
[decode-once] survival (the only number that is a run length): exit 0, 291s, ok
--- camera selections ---
tools/device/../../captures/night7-night7-k3-full-06-20260915T225056Z.mp4: selected-camera trace at 58 fps
  cam 04    6.00s ->  10.34s  (4.34s)
  cam 04   12.81s ->  12.95s  (0.14s)
  cam 11   41.21s ->  41.66s  (0.45s)
  cam 11   42.69s ->  43.12s  (0.43s)
  cam 11   48.64s ->  52.10s  (3.47s)
  cam 11   58.69s ->  62.10s  (3.41s)
  cam 11   68.66s ->  72.09s  (3.43s)
  cam 11   78.69s ->  82.10s  (3.41s)
  cam 11   88.67s ->  92.10s  (3.43s)
  cam 11   98.67s -> 102.09s  (3.41s)
  cam 11  108.66s -> 112.10s  (3.45s)
  cam 11  118.71s -> 122.10s  (3.40s)
  cam 11  128.66s -> 132.07s  (3.41s)
  cam 11  138.69s -> 142.12s  (3.43s)
  cam 11  148.67s -> 152.07s  (3.40s)
  cam 11  158.71s -> 162.12s  (3.41s)
  cam 11  168.67s -> 172.10s  (3.43s)
  cam 11  178.69s -> 182.09s  (3.40s)
  cam 11  188.71s -> 192.12s  (3.41s)
  cam 11  198.72s -> 202.10s  (3.38s)
  cam 11  208.67s -> 212.10s  (3.43s)
  cam 11  218.67s -> 222.12s  (3.45s)
  cam 11  228.69s -> 232.10s  (3.41s)
  cam 11  238.69s -> 242.10s  (3.41s)
  cam 11  248.69s -> 252.10s  (3.41s)
  cam 11  258.72s -> 262.10s  (3.38s)
  cam 11  268.69s -> 272.10s  (3.41s)
  cam 11  278.69s -> 282.14s  (3.45s)
  cam 11  288.71s -> 292.12s  (3.41s)
  cam 11  298.72s -> 302.09s  (3.36s)
  cam 11  308.69s -> 312.14s  (3.45s)
  cam 11  318.71s -> 322.14s  (3.43s)
  cam 11  328.71s -> 332.10s  (3.40s)
  cam 11  338.69s -> 342.12s  (3.43s)
  cam 11  348.71s -> 352.10s  (3.40s)
  cam 11  358.71s -> 362.09s  (3.38s)
  cam 11  368.71s -> 372.12s  (3.41s)
  cam 11  378.71s -> 382.12s  (3.41s)
  cam 11  388.71s -> 392.12s  (3.41s)
  cam 11  398.71s -> 402.12s  (3.41s)
  cam 11  408.67s -> 412.12s  (3.45s)
  cam 11  418.72s -> 422.14s  (3.41s)
  cam 11  428.72s -> 432.12s  (3.40s)
  cam 11  438.72s -> 442.14s  (3.41s)
  cam 11  448.72s -> 452.10s  (3.38s)
  cam 11  470.19s -> 483.40s  (13.21s)
summary: 0 complete 10-04-07-11 sweeps, 0 incomplete sweep starts
[decode-once] camera selections: exit 0, 291s, ok
--- camera light actually flashing ---
tools/device/../../captures/night7-night7-k3-full-06-20260915T225056Z.mp4: signature sweepcheck-signature.json  (sweep lit iff >=2/3 cams)
summary: 0/0 sweeps lit (>=2 of 3 cameras)
NO GRADABLE SWEEP: no sweep window was found in this run, so this instrument says nothing about whether the light fired.
[decode-once] camera light actually flashing: exit 3, 555s, a result about the run, not an instrument failure
--- keyframes (what the run contained) ---
tools/device/../../captures/night7-night7-k3-full-06-20260915T225056Z.mp4: 982 frames at 2.0 fps, 12 kept
  timestamps: 0.0s 41.0s 41.5s 48.5s 88.5s 91.5s 128.5s 138.5s 278.5s 418.5s 473.5s 487.0s
  sheet: tools/device/../../captures/night7-night7-k3-full-06-20260915T225056Z-keyframes.png
[decode-once] keyframes (what the run contained): exit 0, 556s, ok
--- music box ---
tools/device/../../captures/night7-night7-k3-full-06-20260915T225056Z.mp4: 491.08s sampled at 12 fps
  cam11   6.00s ->  10.33s    2.4% ->   2.4%  (range   2.4-  2.4%)
  cam11  12.83s ->  13.00s    2.4% ->   2.4%  (range   2.4-  2.4%)
  cam11  42.83s ->  42.92s   75.7% ->  75.7%  (range  75.7- 75.7%)
  cam11  48.83s ->  51.92s   28.9% ->  80.8%  (range  28.9- 80.8%)
  cam11  58.83s ->  61.92s   34.6% ->  83.4%  (range  34.6- 83.4%)
  cam11  68.83s ->  71.83s   42.2% ->  86.8%  (range  42.2- 86.8%)
  cam11  78.83s ->  81.92s   52.5% ->  91.4%  (range  52.5- 91.4%)
  cam11  88.83s ->  91.92s   61.1% -> 100.0%  (range  61.1-100.0%)
  cam11  98.83s -> 101.83s   61.2% -> 100.0%  (range  61.2-100.0%)
  cam11 108.83s -> 111.92s   61.2% -> 100.0%  (range  61.2-100.0%)
  cam11 118.83s -> 121.92s   61.4% -> 100.0%  (range  61.4-100.0%)
  cam11 128.83s -> 131.83s   61.2% -> 100.0%  (range  61.2-100.0%)
  cam11 138.83s -> 141.92s   61.1% -> 100.0%  (range  61.1-100.0%)
  cam11 148.83s -> 151.83s   61.4% -> 100.0%  (range  61.4-100.0%)
  cam11 158.83s -> 161.92s   61.1% -> 100.0%  (range  61.1-100.0%)
  cam11 168.83s -> 171.92s   61.2% -> 100.0%  (range  61.2-100.0%)
  cam11 178.83s -> 181.92s   61.2% -> 100.0%  (range  61.2-100.0%)
  cam11 188.83s -> 191.92s   61.1% -> 100.0%  (range  61.1-100.0%)
  cam11 198.92s -> 201.92s   67.4% -> 100.0%  (range  67.4-100.0%)
  cam11 208.83s -> 211.92s   61.3% -> 100.0%  (range  61.3-100.0%)
  cam11 218.83s -> 222.00s   61.1% -> 100.0%  (range  61.1-100.0%)
  cam11 228.83s -> 231.92s   61.3% -> 100.0%  (range  61.3-100.0%)
  cam11 238.83s -> 241.92s   61.3% -> 100.0%  (range  61.3-100.0%)
  cam11 248.83s -> 251.83s   61.3% -> 100.0%  (range  61.3-100.0%)
  cam11 258.92s -> 261.92s   61.2% -> 100.0%  (range  61.2-100.0%)
  cam11 268.83s -> 271.92s   61.2% -> 100.0%  (range  61.2-100.0%)
  cam11 278.83s -> 281.92s   61.2% -> 100.0%  (range  61.2-100.0%)
  cam11 288.83s -> 291.92s   61.2% -> 100.0%  (range  61.2-100.0%)
  cam11 298.83s -> 301.92s   61.2% -> 100.0%  (range  61.2-100.0%)
  cam11 308.83s -> 311.92s   61.2% -> 100.0%  (range  61.2-100.0%)
  cam11 318.83s -> 321.92s   61.2% -> 100.0%  (range  61.2-100.0%)
  cam11 328.92s -> 331.92s   61.4% -> 100.0%  (range  61.4-100.0%)
  cam11 338.83s -> 341.92s   61.2% -> 100.0%  (range  61.2-100.0%)
  cam11 348.92s -> 351.92s   61.2% -> 100.0%  (range  61.2-100.0%)
  cam11 358.83s -> 361.92s   61.4% -> 100.0%  (range  61.4-100.0%)
  cam11 368.92s -> 371.92s   67.6% -> 100.0%  (range  67.6-100.0%)
  cam11 378.92s -> 381.92s   61.3% -> 100.0%  (range  61.3-100.0%)
  cam11 388.92s -> 392.00s   67.7% -> 100.0%  (range  67.7-100.0%)
  cam11 398.83s -> 401.92s   61.1% -> 100.0%  (range  61.1-100.0%)
  cam11 408.92s -> 411.92s   61.2% -> 100.0%  (range  61.2-100.0%)
  cam11 418.92s -> 421.92s   61.2% -> 100.0%  (range  61.2-100.0%)
  cam11 428.92s -> 431.92s   67.6% -> 100.0%  (range  67.6-100.0%)
  cam11 438.92s -> 441.92s   67.6% -> 100.0%  (range  67.6-100.0%)
  cam11 448.83s -> 451.92s   61.3% -> 100.0%  (range  61.3-100.0%)
[decode-once] music box: exit 0, 291s, ok
--- office / mask / camera intervals ---
tools/device/../../captures/night7-night7-k3-full-06-20260915T225056Z.mp4: 491.08s sampled at 12 fps
  camera   0.00s ->   5.42s  (5.42s)
  camera  13.17s ->  25.50s  (12.33s)
  office  38.25s ->  40.83s  (2.58s)
  camera  41.00s ->  41.83s  (0.83s)
  office  41.83s ->  42.42s  (0.58s)
  camera  42.58s ->  43.08s  (0.50s)
  mask    43.83s ->  47.75s  (3.92s)  <-- latched mask
  camera  48.58s ->  52.08s  (3.50s)
  mask    52.75s ->  57.75s  (5.00s)  <-- latched mask
  office  58.00s ->  58.33s  (0.33s)
  camera  58.58s ->  62.50s  (3.92s)
  mask    62.75s ->  67.75s  (5.00s)  <-- latched mask
  office  67.92s ->  68.33s  (0.42s)
  camera  68.58s ->  72.50s  (3.92s)
  mask    72.75s ->  77.75s  (5.00s)  <-- latched mask
  camera  78.58s ->  82.08s  (3.50s)
  mask    82.75s ->  88.00s  (5.25s)  <-- latched mask
  camera  88.58s ->  92.08s  (3.50s)
  mask    92.75s ->  97.75s  (5.00s)  <-- latched mask
  office  98.00s ->  98.33s  (0.33s)
  camera  98.58s -> 102.08s  (3.50s)
  office 102.25s -> 102.50s  (0.25s)
  mask   102.67s -> 107.75s  (5.08s)  <-- latched mask
  office 107.92s -> 108.33s  (0.42s)
  camera 108.58s -> 112.33s  (3.75s)
  mask   112.50s -> 118.08s  (5.58s)  <-- latched mask
  camera 118.58s -> 122.58s  (4.00s)
  mask   122.75s -> 127.83s  (5.08s)  <-- latched mask
  camera 128.58s -> 132.08s  (3.50s)
  office 132.25s -> 132.50s  (0.25s)
  mask   132.75s -> 137.83s  (5.08s)  <-- latched mask
  office 138.00s -> 138.33s  (0.33s)
  camera 138.58s -> 142.58s  (4.00s)
  mask   142.75s -> 148.08s  (5.33s)  <-- latched mask
  camera 148.58s -> 152.08s  (3.50s)
  mask   152.75s -> 158.08s  (5.33s)  <-- latched mask
  camera 158.58s -> 162.08s  (3.50s)
  mask   162.75s -> 167.83s  (5.08s)  <-- latched mask
  camera 168.58s -> 172.58s  (4.00s)
  mask   172.75s -> 177.83s  (5.08s)  <-- latched mask
  camera 178.58s -> 182.08s  (3.50s)
  mask   182.75s -> 187.83s  (5.08s)  <-- latched mask
  camera 188.58s -> 192.17s  (3.58s)
  mask   192.75s -> 197.83s  (5.08s)  <-- latched mask
  camera 198.58s -> 202.08s  (3.50s)
  mask   202.75s -> 207.75s  (5.00s)  <-- latched mask
  office 208.00s -> 208.50s  (0.50s)
  camera 208.58s -> 212.08s  (3.50s)
  mask   212.50s -> 218.08s  (5.58s)  <-- latched mask
  camera 218.58s -> 222.08s  (3.50s)
  mask   222.50s -> 228.08s  (5.58s)  <-- latched mask
  camera 228.58s -> 232.08s  (3.50s)
  mask   232.75s -> 237.83s  (5.08s)  <-- latched mask
  camera 238.58s -> 242.08s  (3.50s)
  mask   242.50s -> 248.08s  (5.58s)  <-- latched mask
  camera 248.58s -> 252.08s  (3.50s)
  mask   252.50s -> 258.08s  (5.58s)  <-- latched mask
  camera 258.67s -> 262.08s  (3.42s)
  mask   262.50s -> 268.08s  (5.58s)  <-- latched mask
  camera 268.58s -> 272.08s  (3.50s)
  mask   272.75s -> 277.75s  (5.00s)  <-- latched mask
  camera 278.58s -> 282.17s  (3.58s)
  mask   282.50s -> 288.08s  (5.58s)  <-- latched mask
  camera 288.58s -> 292.58s  (4.00s)
  mask   292.75s -> 298.08s  (5.33s)  <-- latched mask
  camera 298.58s -> 302.08s  (3.50s)
  mask   302.75s -> 307.83s  (5.08s)  <-- latched mask
  camera 308.58s -> 312.58s  (4.00s)
  mask   312.75s -> 318.08s  (5.33s)  <-- latched mask
  camera 318.58s -> 322.17s  (3.58s)
  mask   322.75s -> 328.08s  (5.33s)  <-- latched mask
  camera 328.58s -> 332.08s  (3.50s)
  mask   332.75s -> 337.83s  (5.08s)  <-- latched mask
  office 338.00s -> 338.42s  (0.42s)
  camera 338.58s -> 342.33s  (3.75s)
  mask   342.75s -> 348.08s  (5.33s)  <-- latched mask
  camera 348.58s -> 352.08s  (3.50s)
  mask   352.75s -> 357.83s  (5.08s)  <-- latched mask
  camera 358.58s -> 362.08s  (3.50s)
  mask   362.42s -> 368.08s  (5.67s)  <-- latched mask
  camera 368.58s -> 372.08s  (3.50s)
  mask   372.50s -> 377.83s  (5.33s)  <-- latched mask
  camera 378.58s -> 382.08s  (3.50s)
  mask   382.50s -> 388.08s  (5.58s)  <-- latched mask
  camera 388.58s -> 392.17s  (3.58s)
  mask   392.75s -> 397.83s  (5.08s)  <-- latched mask
  office 398.00s -> 398.42s  (0.42s)
  camera 398.58s -> 402.58s  (4.00s)
  mask   402.75s -> 408.08s  (5.33s)  <-- latched mask
  camera 408.58s -> 412.58s  (4.00s)
  mask   412.75s -> 418.08s  (5.33s)  <-- latched mask
  camera 418.58s -> 422.17s  (3.58s)
  mask   422.75s -> 427.83s  (5.08s)  <-- latched mask
  office 428.00s -> 428.42s  (0.42s)
  camera 428.58s -> 432.58s  (4.00s)
  mask   432.75s -> 438.08s  (5.33s)  <-- latched mask
  camera 438.58s -> 442.58s  (4.00s)
  mask   442.75s -> 448.08s  (5.33s)  <-- latched mask
  camera 448.58s -> 452.58s  (4.00s)
  mask   452.75s -> 458.08s  (5.33s)  <-- latched mask
  camera 469.58s -> 484.00s  (14.42s)
  camera 485.42s -> 491.08s  (5.67s)
summary: 47 camera intervals, 0 visible hall flashes, 42 latched-mask intervals
note: visible hall flashes are only a rendering lower bound; the sourced movement blackout can hide logically accepted Foxy flashes
[decode-once] office / mask / camera intervals: exit 0, 290s, ok
--- run timeline and terminal outcome ---
tools/device/../../captures/night7-night7-k3-full-06-20260915T225056Z.mp4: 982 frames at 2.0 fps, 640x288
      0.0s ->    10.5s  (  10.5s)  camera
     10.5s ->    13.0s  (   2.5s)  other
     13.0s ->    33.5s  (  20.5s)  camera
     33.5s ->    36.0s  (   2.5s)  intro
     36.0s ->    38.5s  (   2.5s)  dark
     38.5s ->    44.0s  (   5.5s)  office
     44.0s ->    48.5s  (   4.5s)  mask
     48.5s ->    52.5s  (   4.0s)  camera
     52.5s ->    58.5s  (   6.0s)  mask
     58.5s ->    62.5s  (   4.0s)  camera
     62.5s ->    68.5s  (   6.0s)  mask
     68.5s ->    72.5s  (   4.0s)  camera
     72.5s ->    78.5s  (   6.0s)  mask
     78.5s ->    82.5s  (   4.0s)  camera
     82.5s ->    88.5s  (   6.0s)  mask
     88.5s ->    92.5s  (   4.0s)  camera
     92.5s ->    98.5s  (   6.0s)  mask
     98.5s ->   102.5s  (   4.0s)  camera
    102.5s ->   108.5s  (   6.0s)  mask
    108.5s ->   112.5s  (   4.0s)  camera
    112.5s ->   118.5s  (   6.0s)  mask
    118.5s ->   122.5s  (   4.0s)  camera
    122.5s ->   128.5s  (   6.0s)  mask
    128.5s ->   132.5s  (   4.0s)  camera
    132.5s ->   138.5s  (   6.0s)  mask
    138.5s ->   142.5s  (   4.0s)  camera
    142.5s ->   148.5s  (   6.0s)  mask
    148.5s ->   152.5s  (   4.0s)  camera
    152.5s ->   158.5s  (   6.0s)  mask
    158.5s ->   163.0s  (   4.5s)  camera
    163.0s ->   168.5s  (   5.5s)  mask
    168.5s ->   172.5s  (   4.0s)  camera
    172.5s ->   178.5s  (   6.0s)  mask
    178.5s ->   182.5s  (   4.0s)  camera
    182.5s ->   188.5s  (   6.0s)  mask
    188.5s ->   192.5s  (   4.0s)  camera
    192.5s ->   198.5s  (   6.0s)  mask
    198.5s ->   202.5s  (   4.0s)  camera
    202.5s ->   208.5s  (   6.0s)  mask
    208.5s ->   212.5s  (   4.0s)  camera
    212.5s ->   218.5s  (   6.0s)  mask
    218.5s ->   222.5s  (   4.0s)  camera
    222.5s ->   228.5s  (   6.0s)  mask
    228.5s ->   233.0s  (   4.5s)  camera
    233.0s ->   238.5s  (   5.5s)  mask
    238.5s ->   242.5s  (   4.0s)  camera
    242.5s ->   248.5s  (   6.0s)  mask
    248.5s ->   253.0s  (   4.5s)  camera
    253.0s ->   258.5s  (   5.5s)  mask
    258.5s ->   262.5s  (   4.0s)  camera
    262.5s ->   268.5s  (   6.0s)  mask
    268.5s ->   272.5s  (   4.0s)  camera
    272.5s ->   278.5s  (   6.0s)  mask
    278.5s ->   283.0s  (   4.5s)  camera
    283.0s ->   288.5s  (   5.5s)  mask
    288.5s ->   292.5s  (   4.0s)  camera
    292.5s ->   298.5s  (   6.0s)  mask
    298.5s ->   302.5s  (   4.0s)  camera
    302.5s ->   308.5s  (   6.0s)  mask
    308.5s ->   312.5s  (   4.0s)  camera
    312.5s ->   318.5s  (   6.0s)  mask
    318.5s ->   323.0s  (   4.5s)  camera
    323.0s ->   328.5s  (   5.5s)  mask
    328.5s ->   332.5s  (   4.0s)  camera
    332.5s ->   338.5s  (   6.0s)  mask
    338.5s ->   342.5s  (   4.0s)  camera
    342.5s ->   348.5s  (   6.0s)  mask
    348.5s ->   352.5s  (   4.0s)  camera
    352.5s ->   358.5s  (   6.0s)  mask
    358.5s ->   362.5s  (   4.0s)  camera
    362.5s ->   368.5s  (   6.0s)  mask
    368.5s ->   373.0s  (   4.5s)  camera
    373.0s ->   378.5s  (   5.5s)  mask
    378.5s ->   383.0s  (   4.5s)  camera
    383.0s ->   388.5s  (   5.5s)  mask
    388.5s ->   392.5s  (   4.0s)  camera
    392.5s ->   398.5s  (   6.0s)  mask
    398.5s ->   403.0s  (   4.5s)  camera
    403.0s ->   408.5s  (   5.5s)  mask
    408.5s ->   413.0s  (   4.5s)  camera
    413.0s ->   418.5s  (   5.5s)  mask
    418.5s ->   422.5s  (   4.0s)  camera
    422.5s ->   428.5s  (   6.0s)  mask
    428.5s ->   434.0s  (   5.5s)  camera
    434.0s ->   438.5s  (   4.5s)  mask
    438.5s ->   443.0s  (   4.5s)  camera
    443.0s ->   448.5s  (   5.5s)  mask
    448.5s ->   454.0s  (   5.5s)  camera
    454.0s ->   459.0s  (   5.0s)  mask
    459.0s ->   467.0s  (   8.0s)  sixam
    467.0s ->   469.5s  (   2.5s)  dark
    469.5s ->   491.0s  (  21.5s)  camera

  TERMINAL: clear -- sixam at 459.0s
  the 6 AM win screen is in the recording, after the night
[decode-once] run timeline and terminal outcome: exit 0, 555s, ok
[decode-once] 2 shared decode(s) for 7 instruments: 7 branches in 287.8s (exit 0), 3 branches in 261.2s (exit 0)
[ 1/13   7%] video instruments over one shared decode (survival, cameras, light, keyframes, box, intervals, timeline) took 556s (pipeline 686s)

[ 2/13  15%] --- campaign bundle (executor-owned facts) ---
--- modern campaign bundle (executor-owned facts) ---
  night reached               yes
  arm mode                    observe-once
  arm                         UNRESOLVED (non-fatal) on attempt 1 (0 retries, 1 samples)
  arm verified at             UNKNOWN
  parked prefix (plan)        UNKNOWN
  PHASE LAG (suffix shift)    none -- observe-once never parks the stream
  cycle gates                 42 (42 agreed, 0 corrected, 0 aborted)
  gate lag                    UNKNOWN
  delivered offset            UNKNOWN
  corrections landed          0 confirmed, 0 unconfirmed, 0 unread, 0 never read back
  press acceptance            3 graded -- 1 UNKNOWN, 1 PASS, 1 UNSTABLE
  stop reason                 arm-unresolved (ambiguous-threshold)
[ 2/13  15%] campaign bundle (executor-owned facts) took 0s (pipeline 686s)

[ 3/13  23%] --- delivered phase vs the model band ---
           ... delivered phase vs the model band still running (20s)
           ... delivered phase vs the model band still running (40s)
           ... delivered phase vs the model band still running (60s)
           ... delivered phase vs the model band still running (80s)
{
  "schema": "device-phase-reconstruction-v1",
  "origin": {
    "kind": "lifecycle-classification",
    "nightGoAt": 1789512698166,
    "releasedAt": 1789512698168,
    "errorVersusFirstNightFrameMs": "UNKNOWN",
    "bracketedByMs": 2989,
    "priorSampleLabel": "state=intro",
    "observationCadenceMs": {
      "min": 539,
      "p50": 1364,
      "max": 12354
    }
  },
  "plannedPhaseOffsetMs": 0,
  "actionCount": 301,
  "arm": null,
  "cycles": [
    {
      "gateAtMs": 3348,
      "nextActionId": "toys-1",
      "status": "AGREED",
      "believedMaskOn": true,
      "observedMaskOn": true,
      "maskEvidence": "button-stroke:mask-on",
      "readCount": 1,
      "gateLagMs": null,
      "deliveredOffsetMs": null
    },
    {
      "gateAtMs": 13000,
      "nextActionId": "toys-1",
      "status": "AGREED",
      "believedMaskOn": true,
      "observedMaskOn": true,
      "maskEvidence": "button-stroke:mask-on",
      "readCount": 1,
      "gateLagMs": null,
      "deliveredOffsetMs": null
    },
    {
      "gateAtMs": 23000,
      "nextActionId": "toys-1",
      "status": "AGREED",
      "believedMaskOn": true,
      "observedMaskOn": true,
      "maskEvidence": "button-stroke:mask-on",
      "readCount": 1,
      "gateLagMs": null,
      "deliveredOffsetMs": null
    },
    {
      "gateAtMs": 33000,
      "nextActionId": "toys-1",
      "status": "AGREED",
      "believedMaskOn": true,
      "observedMaskOn": true,
      "maskEvidence": "button-stroke:mask-on",
      "readCount": 1,
      "gateLagMs": null,
      "deliveredOffsetMs": null
    },
    {
      "gateAtMs": 43000,
      "nextActionId": "toys-1",
      "status": "AGREED",
      "believedMaskOn": true,
      "observedMaskOn": true,
      "maskEvidence": "button-stroke:mask-on",
      "readCount": 1,
      "gateLagMs": null,
      "deliveredOffsetMs": null
    },
    {
      "gateAtMs": 53000,
      "nextActionId": "toys-1",
      "status": "AGREED",
      "believedMaskOn": true,
      "observedMaskOn": true,
      "maskEvidence": "button-stroke:mask-on",
      "readCount": 1,
      "gateLagMs": null,
      "deliveredOffsetMs": null
    },
    {
      "gateAtMs": 63000,
      "nextActionId": "toys-1",
      "status": "AGREED",
      "believedMaskOn": true,
      "observedMaskOn": true,
      "maskEvidence": "button-stroke:mask-on",
      "readCount": 1,
      "gateLagMs": null,
      "deliveredOffsetMs": null
    },
    {
      "gateAtMs": 73000,
      "nextActionId": "toys-1",
      "status": "AGREED",
      "believedMaskOn": true,
      "observedMaskOn": true,
      "maskEvidence": "button-stroke:mask-on",
      "readCount": 1,
      "gateLagMs": null,
      "deliveredOffsetMs": null
    },
    {
      "gateAtMs": 83000,
      "nextActionId": "toys-1",
      "status": "AGREED",
      "believedMaskOn": true,
      "observedMaskOn": true,
      "maskEvidence": "button-stroke:mask-on",
      "readCount": 1,
      "gateLagMs": null,
      "deliveredOffsetMs": null
    },
    {
      "gateAtMs": 93000,
      "nextActionId": "toys-1",
      "status": "AGREED",
      "believedMaskOn": true,
      "observedMaskOn": true,
      "maskEvidence": "button-stroke:mask-on",
      "readCount": 1,
      "gateLagMs": null,
      "deliveredOffsetMs": null
    },
    {
      "gateAtMs": 103000,
      "nextActionId": "toys-1",
      "status": "AGREED",
      "believedMaskOn": true,
      "observedMaskOn": true,
      "maskEvidence": "button-stroke:mask-on",
      "readCount": 1,
      "gateLagMs": null,
      "deliveredOffsetMs": null
    },
    {
      "gateAtMs": 113000,
      "nextActionId": "toys-1",
      "status": "AGREED",
      "believedMaskOn": true,
      "observedMaskOn": true,
      "maskEvidence": "button-stroke:mask-on",
      "readCount": 1,
      "gateLagMs": null,
      "deliveredOffsetMs": null
    },
    {
      "gateAtMs": 123000,
      "nextActionId": "toys-1",
      "status": "AGREED",
      "believedMaskOn": true,
      "observedMaskOn": true,
      "maskEvidence": "button-stroke:mask-on",
      "readCount": 1,
      "gateLagMs": null,
      "deliveredOffsetMs": null
    },
    {
      "gateAtMs": 133000,
      "nextActionId": "toys-1",
      "status": "AGREED",
      "believedMaskOn": true,
      "observedMaskOn": true,
      "maskEvidence": "button-stroke:mask-on",
      "readCount": 1,
      "gateLagMs": null,
      "deliveredOffsetMs": null
    },
    {
      "gateAtMs": 143000,
      "nextActionId": "toys-1",
      "status": "AGREED",
      "believedMaskOn": true,
      "observedMaskOn": true,
      "maskEvidence": "button-stroke:mask-on",
      "readCount": 1,
      "gateLagMs": null,
      "deliveredOffsetMs": null
    },
    {
      "gateAtMs": 153000,
      "nextActionId": "toys-1",
      "status": "AGREED",
      "believedMaskOn": true,
      "observedMaskOn": true,
      "maskEvidence": "button-stroke:mask-on",
      "readCount": 1,
      "gateLagMs": null,
      "deliveredOffsetMs": null
    },
    {
      "gateAtMs": 163000,
      "nextActionId": "toys-1",
      "status": "AGREED",
      "believedMaskOn": true,
      "observedMaskOn": true,
      "maskEvidence": "button-stroke:mask-on",
      "readCount": 1,
      "gateLagMs": null,
      "deliveredOffsetMs": null
    },
    {
      "gateAtMs": 173000,
      "nextActionId": "toys-1",
      "status": "AGREED",
      "believedMaskOn": true,
      "observedMaskOn": true,
      "maskEvidence": "button-stroke:mask-on",
      "readCount": 1,
      "gateLagMs": null,
      "deliveredOffsetMs": null
    },
    {
      "gateAtMs": 183000,
      "nextActionId": "toys-1",
      "status": "AGREED",
      "believedMaskOn": true,
      "observedMaskOn": true,
      "maskEvidence": "button-stroke:mask-on",
      "readCount": 1,
      "gateLagMs": null,
      "deliveredOffsetMs": null
    },
    {
      "gateAtMs": 193000,
      "nextActionId": "toys-1",
      "status": "AGREED",
      "believedMaskOn": true,
      "observedMaskOn": true,
      "maskEvidence": "button-stroke:mask-on",
      "readCount": 1,
      "gateLagMs": null,
      "deliveredOffsetMs": null
    },
    {
      "gateAtMs": 203000,
      "nextActionId": "toys-1",
      "status": "AGREED",
      "believedMaskOn": true,
      "observedMaskOn": true,
      "maskEvidence": "button-stroke:mask-on",
      "readCount": 1,
      "gateLagMs": null,
      "deliveredOffsetMs": null
    },
    {
      "gateAtMs": 213000,
      "nextActionId": "toys-1",
      "status": "AGREED",
      "believedMaskOn": true,
      "observedMaskOn": true,
      "maskEvidence": "button-stroke:mask-on",
      "readCount": 1,
      "gateLagMs": null,
      "deliveredOffsetMs": null
    },
    {
      "gateAtMs": 223000,
      "nextActionId": "toys-1",
      "status": "AGREED",
      "believedMaskOn": true,
      "observedMaskOn": true,
      "maskEvidence": "button-stroke:mask-on",
      "readCount": 1,
      "gateLagMs": null,
      "deliveredOffsetMs": null
    },
    {
      "gateAtMs": 233000,
      "nextActionId": "toys-1",
      "status": "AGREED",
      "believedMaskOn": true,
      "observedMaskOn": true,
      "maskEvidence": "button-stroke:mask-on",
      "readCount": 1,
      "gateLagMs": null,
      "deliveredOffsetMs": null
    },
    {
      "gateAtMs": 243000,
      "nextActionId": "toys-1",
      "status": "AGREED",
      "believedMaskOn": true,
      "observedMaskOn": true,
      "maskEvidence": "button-stroke:mask-on",
      "readCount": 1,
      "gateLagMs": null,
      "deliveredOffsetMs": null
    },
    {
      "gateAtMs": 253000,
      "nextActionId": "toys-1",
      "status": "AGREED",
      "believedMaskOn": true,
      "observedMaskOn": true,
      "maskEvidence": "button-stroke:mask-on",
      "readCount": 1,
      "gateLagMs": null,
      "deliveredOffsetMs": null
    },
    {
      "gateAtMs": 263000,
      "nextActionId": "toys-1",
      "status": "AGREED",
      "believedMaskOn": true,
      "observedMaskOn": true,
      "maskEvidence": "button-stroke:mask-on",
      "readCount": 1,
      "gateLagMs": null,
      "deliveredOffsetMs": null
    },
    {
      "gateAtMs": 273000,
      "nextActionId": "toys-1",
      "status": "AGREED",
      "believedMaskOn": true,
      "observedMaskOn": true,
      "maskEvidence": "button-stroke:mask-on",
      "readCount": 1,
      "gateLagMs": null,
      "deliveredOffsetMs": null
    },
    {
      "gateAtMs": 283000,
      "nextActionId": "toys-1",
      "status": "AGREED",
      "believedMaskOn": true,
      "observedMaskOn": true,
      "maskEvidence": "button-stroke:mask-on",
      "readCount": 1,
      "gateLagMs": null,
      "deliveredOffsetMs": null
    },
    {
      "gateAtMs": 293000,
      "nextActionId": "toys-1",
      "status": "AGREED",
      "believedMaskOn": true,
      "observedMaskOn": true,
      "maskEvidence": "button-stroke:mask-on",
      "readCount": 1,
      "gateLagMs": null,
      "deliveredOffsetMs": null
    },
    {
      "gateAtMs": 303000,
      "nextActionId": "toys-1",
      "status": "AGREED",
      "believedMaskOn": true,
      "observedMaskOn": true,
      "maskEvidence": "button-stroke:mask-on",
      "readCount": 1,
      "gateLagMs": null,
      "deliveredOffsetMs": null
    },
    {
      "gateAtMs": 313000,
      "nextActionId": "toys-1",
      "status": "AGREED",
      "believedMaskOn": true,
      "observedMaskOn": true,
      "maskEvidence": "button-stroke:mask-on",
      "readCount": 1,
      "gateLagMs": null,
      "deliveredOffsetMs": null
    },
    {
      "gateAtMs": 323000,
      "nextActionId": "toys-1",
      "status": "AGREED",
      "believedMaskOn": true,
      "observedMaskOn": true,
      "maskEvidence": "button-stroke:mask-on",
      "readCount": 1,
      "gateLagMs": null,
      "deliveredOffsetMs": null
    },
    {
      "gateAtMs": 333000,
      "nextActionId": "toys-1",
      "status": "AGREED",
      "believedMaskOn": true,
      "observedMaskOn": true,
      "maskEvidence": "button-stroke:mask-on",
      "readCount": 1,
      "gateLagMs": null,
      "deliveredOffsetMs": null
    },
    {
      "gateAtMs": 343000,
      "nextActionId": "toys-1",
      "status": "AGREED",
      "believedMaskOn": true,
      "observedMaskOn": true,
      "maskEvidence": "button-stroke:mask-on",
      "readCount": 1,
      "gateLagMs": null,
      "deliveredOffsetMs": null
    },
    {
      "gateAtMs": 353000,
      "nextActionId": "toys-1",
      "status": "AGREED",
      "believedMaskOn": true,
      "observedMaskOn": true,
      "maskEvidence": "button-stroke:mask-on",
      "readCount": 1,
      "gateLagMs": null,
      "deliveredOffsetMs": null
    },
    {
      "gateAtMs": 363000,
      "nextActionId": "toys-1",
      "status": "AGREED",
      "believedMaskOn": true,
      "observedMaskOn": true,
      "maskEvidence": "button-stroke:mask-on",
      "readCount": 1,
      "gateLagMs": null,
      "deliveredOffsetMs": null
    },
    {
      "gateAtMs": 373000,
      "nextActionId": "toys-1",
      "status": "AGREED",
      "believedMaskOn": true,
      "observedMaskOn": true,
      "maskEvidence": "button-stroke:mask-on",
      "readCount": 1,
      "gateLagMs": null,
      "deliveredOffsetMs": null
    },
    {
      "gateAtMs": 383000,
      "nextActionId": "toys-1",
      "status": "AGREED",
      "believedMaskOn": true,
      "observedMaskOn": true,
      "maskEvidence": "button-stroke:mask-on",
      "readCount": 1,
      "gateLagMs": null,
      "deliveredOffsetMs": null
    },
    {
      "gateAtMs": 393000,
      "nextActionId": "toys-1",
      "status": "AGREED",
      "believedMaskOn": true,
      "observedMaskOn": true,
      "maskEvidence": "button-stroke:mask-on",
      "readCount": 1,
      "gateLagMs": null,
      "deliveredOffsetMs": null
    },
    {
      "gateAtMs": 403000,
      "nextActionId": "toys-1",
      "status": "AGREED",
      "believedMaskOn": true,
      "observedMaskOn": true,
      "maskEvidence": "button-stroke:mask-on",
      "readCount": 1,
      "gateLagMs": null,
      "deliveredOffsetMs": null
    },
    {
      "gateAtMs": 413000,
      "nextActionId": "toys-1",
      "status": "AGREED",
      "believedMaskOn": true,
      "observedMaskOn": true,
      "maskEvidence": "button-stroke:mask-on",
      "readCount": 1,
      "gateLagMs": null,
      "deliveredOffsetMs": null
    }
  ],
  "deliveredOffsetMs": null,
  "terminal": {
    "lastNightAt": 1789513117061,
    "terminalAt": 1789513118356,
    "terminalLabel": "state=sixam",
    "bracketMs": 1295,
    "attribution": "UNKNOWN"
  },
  "run": "artifacts/campaign-2026-09-15T22-51-12.476Z",
  "model": {
    "night": 7,
    "seeds": 100,
    "ventMaskTicks": 5,
    "rows": [
      {
        "epochMs": 0,
        "maskTicks": 5,
        "wins": 100,
        "armed": 100,
        "seeds": 100,
        "deaths": {}
      },
      {
        "epochMs": 16.67,
        "maskTicks": 5,
        "wins": 100,
        "armed": 100,
        "seeds": 100,
        "deaths": {}
      },
      {
        "epochMs": 33.33,
        "maskTicks": 5,
        "wins": 100,
        "armed": 100,
        "seeds": 100,
        "deaths": {}
      },
      {
        "epochMs": 50,
        "maskTicks": 5,
        "wins": 100,
        "armed": 100,
        "seeds": 100,
        "deaths": {}
      },
      {
        "epochMs": 66.67,
        "maskTicks": 5,
        "wins": 100,
        "armed": 100,
        "seeds": 100,
        "deaths": {}
      },
      {
        "epochMs": 83.33,
        "maskTicks": 5,
        "wins": 100,
        "armed": 100,
        "seeds": 100,
        "deaths": {}
      },
      {
        "epochMs": 100,
        "maskTicks": 5,
        "wins": 100,
        "armed": 100,
        "seeds": 100,
        "deaths": {}
      },
      {
        "epochMs": 116.67,
        "maskTicks": 5,
        "wins": 0,
        "armed": 0,
        "seeds": 100,
        "deaths": {
          "puppet": 81,
          "inside-office": 19
        }
      },
      {
        "epochMs": 133.33,
        "maskTicks": 5,
        "wins": 0,
        "armed": 0,
        "seeds": 100,
        "deaths": {
          "puppet": 81,
          "inside-office": 19
        }
      },
      {
        "epochMs": 150,
        "maskTicks": 5,
        "wins": 0,
        "armed": 0,
        "seeds": 100,
        "deaths": {
          "puppet": 81,
          "inside-office": 19
        }
      },
      {
        "epochMs": 166.67,
        "maskTicks": 5,
        "wins": 100,
        "armed": 100,
        "seeds": 100,
        "deaths": {}
      },
      {
        "epochMs": 183.33,
        "maskTicks": 5,
        "wins": 100,
        "armed": 100,
        "seeds": 100,
        "deaths": {}
      },
      {
        "epochMs": 200,
        "maskTicks": 5,
        "wins": 100,
        "armed": 100,
        "seeds": 100,
        "deaths": {}
      },
      {
        "epochMs": 216.67,
        "maskTicks": 5,
        "wins": 100,
        "armed": 100,
        "seeds": 100,
        "deaths": {}
      },
      {
        "epochMs": 233.33,
        "maskTicks": 5,
        "wins": 100,
        "armed": 100,
        "seeds": 100,
        "deaths": {}
      },
      {
        "epochMs": 250,
        "maskTicks": 5,
        "wins": 100,
        "armed": 100,
        "seeds": 100,
        "deaths": {}
      },
      {
        "epochMs": 266.67,
        "maskTicks": 5,
        "wins": 100,
        "armed": 100,
        "seeds": 100,
        "deaths": {}
      },
      {
        "epochMs": 283.33,
        "maskTicks": 5,
        "wins": 100,
        "armed": 100,
        "seeds": 100,
        "deaths": {}
      },
      {
        "epochMs": 300,
        "maskTicks": 5,
        "wins": 100,
        "armed": 100,
        "seeds": 100,
        "deaths": {}
      },
      {
        "epochMs": 316.67,
        "maskTicks": 5,
        "wins": 0,
        "armed": 0,
        "seeds": 100,
        "deaths": {
          "puppet": 82,
          "inside-office": 18
        }
      },
      {
        "epochMs": 333.33,
        "maskTicks": 5,
        "wins": 0,
        "armed": 0,
        "seeds": 100,
        "deaths": {
          "puppet": 82,
          "inside-office": 18
        }
      },
      {
        "epochMs": 350,
        "maskTicks": 5,
        "wins": 0,
        "armed": 0,
        "seeds": 100,
        "deaths": {
          "puppet": 82,
          "inside-office": 18
        }
      },
      {
        "epochMs": 366.67,
        "maskTicks": 4,
        "wins": 0,
        "armed": 100,
        "seeds": 100,
        "deaths": {
          "foxy": 86,
          "inside-office": 14
        }
      },
      {
        "epochMs": 383.33,
        "maskTicks": 4,
        "wins": 0,
        "armed": 100,
        "seeds": 100,
        "deaths": {
          "foxy": 86,
          "inside-office": 14
        }
      },
      {
        "epochMs": 400,
        "maskTicks": 4,
        "wins": 0,
        "armed": 100,
        "seeds": 100,
        "deaths": {
          "foxy": 86,
          "inside-office": 14
        }
      },
      {
        "epochMs": 416.67,
        "maskTicks": 4,
        "wins": 0,
        "armed": 100,
        "seeds": 100,
        "deaths": {
          "foxy": 86,
          "inside-office": 14
        }
      },
      {
        "epochMs": 433.33,
        "maskTicks": 4,
        "wins": 0,
        "armed": 100,
        "seeds": 100,
        "deaths": {
          "foxy": 86,
          "inside-office": 14
        }
      },
      {
        "epochMs": 450,
        "maskTicks": 4,
        "wins": 0,
        "armed": 100,
        "seeds": 100,
        "deaths": {
          "foxy": 85,
          "inside-office": 15
        }
      },
      {
        "epochMs": 466.67,
        "maskTicks": 4,
        "wins": 0,
        "armed": 100,
        "seeds": 100,
        "deaths": {
          "inside-office": 20,
          "foxy": 80
        }
      },
      {
        "epochMs": 483.33,
        "maskTicks": 4,
        "wins": 0,
        "armed": 100,
        "seeds": 100,
        "deaths": {
          "foxy": 100
        }
      },
      {
        "epochMs": 500,
        "maskTicks": 4,
        "wins": 0,
        "armed": 100,
        "seeds": 100,
        "deaths": {
          "foxy": 100
        }
      },
      {
        "epochMs": 516.67,
        "maskTicks": 4,
        "wins": 0,
        "armed": 0,
        "seeds": 100,
        "deaths": {
          "foxy": 100
        }
      },
      {
        "epochMs": 533.33,
        "maskTicks": 4,
        "wins": 0,
        "armed": 0,
        "seeds": 100,
        "deaths": {
          "foxy": 100
        }
      },
      {
        "epochMs": 550,
        "maskTicks": 4,
        "wins": 0,
        "armed": 0,
        "seeds": 100,
        "deaths": {
          "foxy": 100
        }
      },
      {
        "epochMs": 566.67,
        "maskTicks": 4,
        "wins": 0,
        "armed": 100,
        "seeds": 100,
        "deaths": {
          "foxy": 100
        }
      },
      {
        "epochMs": 583.33,
        "maskTicks": 4,
        "wins": 0,
        "armed": 100,
        "seeds": 100,
        "deaths": {
          "foxy": 100
        }
      },
      {
        "epochMs": 600,
        "maskTicks": 4,
        "wins": 0,
        "armed": 100,
        "seeds": 100,
        "deaths": {
          "foxy": 100
        }
      },
      {
        "epochMs": 616.67,
        "maskTicks": 4,
        "wins": 0,
        "armed": 100,
        "seeds": 100,
        "deaths": {
          "foxy": 100
        }
      },
      {
        "epochMs": 633.33,
        "maskTicks": 4,
        "wins": 0,
        "armed": 100,
        "seeds": 100,
        "deaths": {
          "foxy": 100
        }
      },
      {
        "epochMs": 650,
        "maskTicks": 4,
        "wins": 0,
        "armed": 100,
        "seeds": 100,
        "deaths": {
          "foxy": 100
        }
      },
      {
        "epochMs": 666.67,
        "maskTicks": 4,
        "wins": 0,
        "armed": 100,
        "seeds": 100,
        "deaths": {
          "foxy": 100
        }
      },
      {
        "epochMs": 683.33,
        "maskTicks": 4,
        "wins": 0,
        "armed": 100,
        "seeds": 100,
        "deaths": {
          "foxy": 100
        }
      },
      {
        "epochMs": 700,
        "maskTicks": 4,
        "wins": 0,
        "armed": 100,
        "seeds": 100,
        "deaths": {
          "foxy": 100
        }
      },
      {
        "epochMs": 716.67,
        "maskTicks": 4,
        "wins": 0,
        "armed": 0,
        "seeds": 100,
        "deaths": {
          "foxy": 100
        }
      },
      {
        "epochMs": 733.33,
        "maskTicks": 4,
        "wins": 0,
        "armed": 0,
        "seeds": 100,
        "deaths": {
          "foxy": 100
        }
      },
      {
        "epochMs": 750,
        "maskTicks": 4,
        "wins": 0,
        "armed": 0,
        "seeds": 100,
        "deaths": {
          "foxy": 100
        }
      },
      {
        "epochMs": 766.67,
        "maskTicks": 4,
        "wins": 0,
        "armed": 100,
        "seeds": 100,
        "deaths": {
          "foxy": 100
        }
      },
      {
        "epochMs": 783.33,
        "maskTicks": 4,
        "wins": 0,
        "armed": 100,
        "seeds": 100,
        "deaths": {
          "foxy": 100
        }
      },
      {
        "epochMs": 800,
        "maskTicks": 5,
        "wins": 0,
        "armed": 100,
        "seeds": 100,
        "deaths": {
          "foxy": 100
        }
      },
      {
        "epochMs": 816.67,
        "maskTicks": 5,
        "wins": 0,
        "armed": 100,
        "seeds": 100,
        "deaths": {
          "foxy": 100
        }
      },
      {
        "epochMs": 833.33,
        "maskTicks": 5,
        "wins": 0,
        "armed": 100,
        "seeds": 100,
        "deaths": {
          "foxy": 100
        }
      },
      {
        "epochMs": 850,
        "maskTicks": 5,
        "wins": 0,
        "armed": 100,
        "seeds": 100,
        "deaths": {
          "foxy": 100
        }
      },
      {
        "epochMs": 866.67,
        "maskTicks": 5,
        "wins": 0,
        "armed": 100,
        "seeds": 100,
        "deaths": {
          "foxy": 100
        }
      },
      {
        "epochMs": 883.33,
        "maskTicks": 5,
        "wins": 0,
        "armed": 100,
        "seeds": 100,
        "deaths": {
          "foxy": 100
        }
      },
      {
        "epochMs": 900,
        "maskTicks": 5,
        "wins": 0,
        "armed": 100,
        "seeds": 100,
        "deaths": {
          "foxy": 100
        }
      },
      {
        "epochMs": 916.67,
        "maskTicks": 5,
        "wins": 0,
        "armed": 0,
        "seeds": 100,
        "deaths": {
          "foxy": 100
        }
      },
      {
        "epochMs": 933.33,
        "maskTicks": 5,
        "wins": 0,
        "armed": 0,
        "seeds": 100,
        "deaths": {
          "foxy": 100
        }
      },
      {
        "epochMs": 950,
        "maskTicks": 5,
        "wins": 0,
        "armed": 0,
        "seeds": 100,
        "deaths": {
          "foxy": 100
        }
      },
      {
        "epochMs": 966.67,
        "maskTicks": 5,
        "wins": 0,
        "armed": 100,
        "seeds": 100,
        "deaths": {
          "foxy": 51,
          "golden-freddy": 49
        }
      },
      {
        "epochMs": 983.33,
        "maskTicks": 5,
        "wins": 0,
        "armed": 100,
        "seeds": 100,
        "deaths": {
          "foxy": 51,
          "golden-freddy": 49
        }
      }
    ],
    "lossBands": [
      {
        "fromMs": 116.67,
        "maskTicks": 5,
        "toMs": 166.67
      },
      {
        "fromMs": 316.67,
        "maskTicks": 5,
        "toMs": 1000
      }
    ],
    "uncontrolledPhase": {
      "night": 7,
      "runs": 3000,
      "wins": 791,
      "armed": 2248,
      "deaths": {
        "foxy": 1792,
        "puppet": 254,
        "inside-office": 120,
        "golden-freddy": 43
      },
      "note": "epoch drawn uniformly over one game second; the gate scores epoch 0 only"
    }
  }
}
[ 3/13  23%] delivered phase vs the model band took 97s (pipeline 783s)

--- native-frame state coverage for the actuation ---
  no frame trace for night7-night7-k3-full-06-20260915T225056Z: frame-level state coverage and input/frame
  alignment are UNKNOWN. Nothing was measured.

--- elegance (inputs sent vs needed) ---
  no driver log for night7-night7-k3-full-06-20260915T225056Z; nothing to count. Runs before 2026-08-26 have none.

--- Balloon Boy's vent bang ---
  no raw audio kept for night7-night7-k3-full-06-20260915T225056Z; scan-night requires a receiver PCM capture.
  external authority facts are also absent; run with CUE_AUDIO=1 AUDIO_AUTHORITY_SOCKET=PATH.

==============================================================
VERDICT: every instrument passed for night7-night7-k3-full-06-20260915T225056Z
==============================================================
