==============================================================
run: night7-night7-k2-cohort-r05-20260914T225440Z
==============================================================
capture: night7-night7-k2-cohort-r05-20260914T225440Z.mp4
hid trace: MISSING (run with HID_TRACE_RUN=1)
input trace: none (run atrace-input.sh around the command)
SurfaceFlinger latency: none (set SF_LAYER for capture)
cue trace: none (run with CUE_HELPER=1)
legacy night PCM: none (receiver owns live audio)
audio facts: none (run with external authority socket)
session manifest: none (unmanifested run)
campaign bundle: artifacts/campaign-2026-09-14T22-54-55.948Z
frame trace: none (run query-cue-helper.sh trace start/stop around the run)
capture rate: 58 fps (ffprobe 850110000/14563249)
  using measured 58 fps for timing-sensitive graders (nominal 60)

--- session manifest (v1 provenance contract) ---
  no night7-night7-k2-cohort-r05-20260914T225440Z-session.json: this run is unmanifested, so nothing below can
  name its game build, model hashes, clock alignment or win evidence.
  Nothing was validated.
  Run under tools/device/trial.sh, which emits one.

--- input dispatch / frame landing (Perfetto) ---
  no input trace kept for night7-night7-k2-cohort-r05-20260914T225440Z; rendered video cannot establish dispatch.

--- clock transitions (HUD first frame, 1 AM) ---
HUD first=34276ms; 1 AM=104293ms; delta=70017ms; resolution=17ms

[ 1/13   7%] --- video instruments over one shared decode (survival, cameras, light, keyframes, box, intervals, timeline) ---
           ... video instruments over one shared decode (survival, cameras, light, keyframes, box, intervals, timeline) still running (20s)
           ... video instruments over one shared decode (survival, cameras, light, keyframes, box, intervals, timeline) still running (40s)
           ... video instruments over one shared decode (survival, cameras, light, keyframes, box, intervals, timeline) still running (60s)
           ... video instruments over one shared decode (survival, cameras, light, keyframes, box, intervals, timeline) still running (80s)
           ... video instruments over one shared decode (survival, cameras, light, keyframes, box, intervals, timeline) still running (100s)
           ... video instruments over one shared decode (survival, cameras, light, keyframes, box, intervals, timeline) still running (120s)
           ... video instruments over one shared decode (survival, cameras, light, keyframes, box, intervals, timeline) still running (140s)
           ... video instruments over one shared decode (survival, cameras, light, keyframes, box, intervals, timeline) still running (160s)
           ... video instruments over one shared decode (survival, cameras, light, keyframes, box, intervals, timeline) still running (180s)
           ... video instruments over one shared decode (survival, cameras, light, keyframes, box, intervals, timeline) still running (200s)
           ... video instruments over one shared decode (survival, cameras, light, keyframes, box, intervals, timeline) still running (220s)
           ... video instruments over one shared decode (survival, cameras, light, keyframes, box, intervals, timeline) still running (240s)
--- survival (the only number that is a run length) ---
tools/device/../../captures/night7-night7-k2-cohort-r05-20260914T225440Z.mp4: 1942 frames at 4.0 fps
  night HUD appears at 34.2s
  1 HUD-absent stretches contain no death static -- the monitor is up; longest 31.0s at 454.5s
  1 of them go fully dark and the HUD returns after -- longest 31.0s at 454.5s. A dark camera, a raised mask and a death minigame are not separated here: UNKNOWN(dark is ambiguous)
  HUD last seen at 454.2s of 485.5s recorded
  ALIVE for at least 420.2s -- nothing in this recording shows the run ending, so this is a lower bound
[decode-once] survival (the only number that is a run length): exit 0, 122s, ok
--- camera selections ---
tools/device/../../captures/night7-night7-k2-cohort-r05-20260914T225440Z.mp4: selected-camera trace at 58 fps
  cam 04    3.97s ->   8.26s  (4.29s)
  cam 04   10.79s ->  13.17s  (2.38s)
  cam 07   37.09s ->  37.16s  (0.07s)
  cam 11   37.26s ->  37.69s  (0.43s)
  cam 11   38.74s ->  39.16s  (0.41s)
  cam 11   44.69s ->  48.10s  (3.41s)
  cam 11   54.72s ->  58.12s  (3.40s)
  cam 11   64.69s ->  68.14s  (3.45s)
  cam 11   74.71s ->  78.14s  (3.43s)
  cam 11   84.71s ->  88.14s  (3.43s)
  cam 11   94.72s ->  98.10s  (3.38s)
  cam 11  104.69s -> 108.14s  (3.45s)
  cam 11  114.67s -> 118.14s  (3.47s)
  cam 11  124.69s -> 128.12s  (3.43s)
  cam 11  134.69s -> 138.14s  (3.45s)
  cam 11  144.71s -> 148.14s  (3.43s)
  cam 11  154.71s -> 158.14s  (3.43s)
  cam 11  164.69s -> 168.14s  (3.45s)
  cam 11  174.72s -> 178.12s  (3.40s)
  cam 11  184.72s -> 188.14s  (3.41s)
  cam 11  194.69s -> 198.12s  (3.43s)
  cam 11  204.67s -> 208.12s  (3.45s)
  cam 11  214.71s -> 218.14s  (3.43s)
  cam 11  224.72s -> 228.14s  (3.41s)
  cam 11  234.71s -> 238.12s  (3.41s)
  cam 11  244.71s -> 248.12s  (3.41s)
  cam 11  254.74s -> 258.10s  (3.36s)
  cam 11  264.72s -> 268.12s  (3.40s)
  cam 11  274.72s -> 278.16s  (3.43s)
  cam 11  284.71s -> 288.16s  (3.45s)
  cam 11  294.71s -> 298.10s  (3.40s)
  cam 11  304.72s -> 308.16s  (3.43s)
  cam 11  314.72s -> 318.12s  (3.40s)
  cam 11  324.72s -> 328.10s  (3.38s)
  cam 11  334.71s -> 338.14s  (3.43s)
  cam 11  344.74s -> 348.12s  (3.38s)
  cam 11  354.71s -> 358.12s  (3.41s)
  cam 11  364.66s -> 368.12s  (3.47s)
  cam 11  374.71s -> 378.14s  (3.43s)
  cam 11  384.71s -> 388.14s  (3.43s)
  cam 11  394.72s -> 398.12s  (3.40s)
  cam 11  404.69s -> 408.14s  (3.45s)
  cam 11  414.72s -> 418.16s  (3.43s)
  cam 11  424.72s -> 428.14s  (3.41s)
  cam 11  434.72s -> 438.16s  (3.43s)
  cam 11  444.72s -> 448.12s  (3.40s)
  cam 11  466.10s -> 479.33s  (13.22s)
summary: 0 complete 10-04-07-11 sweeps, 0 incomplete sweep starts
[decode-once] camera selections: exit 0, 122s, ok
--- camera light actually flashing ---
tools/device/../../captures/night7-night7-k2-cohort-r05-20260914T225440Z.mp4: signature sweepcheck-signature.json  (sweep lit iff >=2/3 cams)
summary: 0/0 sweeps lit (>=2 of 3 cameras)
NO GRADABLE SWEEP: no sweep window was found in this run, so this instrument says nothing about whether the light fired.
[decode-once] camera light actually flashing: exit 3, 250s, a result about the run, not an instrument failure
--- keyframes (what the run contained) ---
tools/device/../../captures/night7-night7-k2-cohort-r05-20260914T225440Z.mp4: 971 frames at 2.0 fps, 12 kept
  timestamps: 0.0s 0.5s 29.5s 37.0s 37.5s 44.5s 164.5s 294.5s 324.5s 327.5s 354.5s 466.0s
  sheet: tools/device/../../captures/night7-night7-k2-cohort-r05-20260914T225440Z-keyframes.png
[decode-once] keyframes (what the run contained): exit 0, 250s, ok
--- music box ---
tools/device/../../captures/night7-night7-k2-cohort-r05-20260914T225440Z.mp4: 485.42s sampled at 12 fps
  cam11   3.92s ->   8.25s    0.0% ->   2.4%  (range   0.0-  2.4%)
  cam11  10.83s ->  13.17s    2.4% ->   2.4%  (range   2.4-  2.4%)
  cam11  38.92s ->  39.00s   75.6% ->  75.6%  (range  75.6- 75.6%)
  cam11  44.92s ->  47.92s   29.0% ->  80.7%  (range  29.0- 80.7%)
  cam11  54.92s ->  57.92s   34.6% ->  83.5%  (range  34.6- 83.5%)
  cam11  64.83s ->  67.92s   42.2% ->  86.8%  (range  42.2- 86.8%)
  cam11  74.92s ->  77.92s   52.3% ->  86.9%  (range  52.3- 86.9%)
  cam11  84.92s ->  87.92s   61.1% ->  91.5%  (range  61.1- 91.5%)
  cam11  94.92s ->  97.92s   61.2% -> 100.0%  (range  61.2-100.0%)
  cam11 104.92s -> 107.92s   61.3% -> 100.0%  (range  61.3-100.0%)
  cam11 114.92s -> 118.00s   61.2% -> 100.0%  (range  61.2-100.0%)
  cam11 124.92s -> 127.92s   61.2% -> 100.0%  (range  61.2-100.0%)
  cam11 134.83s -> 137.92s   61.3% -> 100.0%  (range  61.3-100.0%)
  cam11 144.92s -> 148.00s   61.3% -> 100.0%  (range  61.3-100.0%)
  cam11 154.92s -> 158.00s   61.2% -> 100.0%  (range  61.2-100.0%)
  cam11 164.83s -> 167.92s   61.2% -> 100.0%  (range  61.2-100.0%)
  cam11 174.92s -> 177.92s   61.2% -> 100.0%  (range  61.2-100.0%)
  cam11 184.92s -> 187.92s   67.8% -> 100.0%  (range  67.8-100.0%)
  cam11 194.83s -> 197.92s   61.2% -> 100.0%  (range  61.2-100.0%)
  cam11 204.83s -> 208.00s   61.5% -> 100.0%  (range  61.5-100.0%)
  cam11 214.83s -> 217.92s   67.8% -> 100.0%  (range  67.8-100.0%)
  cam11 224.92s -> 228.00s   67.8% -> 100.0%  (range  67.8-100.0%)
  cam11 234.92s -> 237.92s   61.2% -> 100.0%  (range  61.2-100.0%)
  cam11 244.92s -> 247.92s   67.8% -> 100.0%  (range  67.8-100.0%)
  cam11 254.92s -> 257.92s   61.2% -> 100.0%  (range  61.2-100.0%)
  cam11 264.92s -> 267.92s   61.2% -> 100.0%  (range  61.2-100.0%)
  cam11 274.92s -> 278.00s   61.4% -> 100.0%  (range  61.4-100.0%)
  cam11 284.92s -> 287.92s   61.2% -> 100.0%  (range  61.2-100.0%)
  cam11 294.92s -> 297.92s   61.3% -> 100.0%  (range  61.3-100.0%)
  cam11 304.92s -> 308.00s   61.2% -> 100.0%  (range  61.2-100.0%)
  cam11 314.92s -> 317.92s   61.3% -> 100.0%  (range  61.3-100.0%)
  cam11 324.92s -> 328.00s   61.3% -> 100.0%  (range  61.3-100.0%)
  cam11 334.92s -> 338.00s   67.8% -> 100.0%  (range  67.8-100.0%)
  cam11 344.92s -> 347.92s   61.3% -> 100.0%  (range  61.3-100.0%)
  cam11 354.92s -> 357.92s   61.3% -> 100.0%  (range  61.3-100.0%)
  cam11 364.92s -> 367.92s   61.3% -> 100.0%  (range  61.3-100.0%)
  cam11 374.92s -> 378.00s   61.3% -> 100.0%  (range  61.3-100.0%)
  cam11 384.83s -> 387.92s   61.2% -> 100.0%  (range  61.2-100.0%)
  cam11 394.83s -> 397.92s   61.2% -> 100.0%  (range  61.2-100.0%)
  cam11 404.83s -> 407.92s   61.2% -> 100.0%  (range  61.2-100.0%)
  cam11 414.92s -> 417.92s   61.2% -> 100.0%  (range  61.2-100.0%)
  cam11 424.92s -> 428.00s   61.2% -> 100.0%  (range  61.2-100.0%)
  cam11 434.92s -> 437.92s   61.2% -> 100.0%  (range  61.2-100.0%)
  cam11 444.92s -> 447.92s   67.8% -> 100.0%  (range  67.8-100.0%)
[decode-once] music box: exit 0, 122s, ok
--- office / mask / camera intervals ---
tools/device/../../captures/night7-night7-k2-cohort-r05-20260914T225440Z.mp4: 485.42s sampled at 12 fps
  camera   0.00s ->   1.75s  (1.75s)
  camera   2.33s ->   3.08s  (0.75s)
  camera  13.50s ->  16.75s  (3.25s)
  camera  17.33s ->  24.33s  (7.00s)
  office  34.25s ->  36.83s  (2.58s)
  camera  37.00s ->  37.83s  (0.83s)
  office  38.08s ->  38.42s  (0.33s)
  camera  38.67s ->  39.42s  (0.75s)
  mask    39.83s ->  43.83s  (4.00s)  <-- latched mask
  office  44.00s ->  44.42s  (0.42s)
  camera  44.58s ->  48.08s  (3.50s)
  mask    48.75s ->  53.83s  (5.08s)  <-- latched mask
  office  54.00s ->  54.42s  (0.42s)
  camera  54.58s ->  58.17s  (3.58s)
  mask    58.75s ->  63.83s  (5.08s)  <-- latched mask
  office  64.00s ->  64.42s  (0.42s)
  camera  64.58s ->  68.17s  (3.58s)
  mask    68.50s ->  74.08s  (5.58s)  <-- latched mask
  camera  74.58s ->  78.58s  (4.00s)
  mask    78.75s ->  84.08s  (5.33s)  <-- latched mask
  camera  84.58s ->  88.58s  (4.00s)
  mask    88.75s ->  94.08s  (5.33s)  <-- latched mask
  camera  94.58s ->  98.33s  (3.75s)
  mask    98.75s -> 103.83s  (5.08s)  <-- latched mask
  office 104.00s -> 104.25s  (0.25s)
  camera 104.58s -> 108.58s  (4.00s)
  mask   108.75s -> 114.08s  (5.33s)  <-- latched mask
  camera 114.58s -> 118.58s  (4.00s)
  mask   118.75s -> 124.08s  (5.33s)  <-- latched mask
  camera 124.58s -> 128.50s  (3.92s)
  mask   128.75s -> 133.83s  (5.08s)  <-- latched mask
  office 134.00s -> 134.42s  (0.42s)
  camera 134.58s -> 138.58s  (4.00s)
  mask   138.75s -> 144.08s  (5.33s)  <-- latched mask
  camera 144.67s -> 148.58s  (3.92s)
  mask   148.75s -> 154.08s  (5.33s)  <-- latched mask
  camera 154.58s -> 158.58s  (4.00s)
  mask   158.75s -> 163.83s  (5.08s)  <-- latched mask
  office 164.00s -> 164.42s  (0.42s)
  camera 164.58s -> 168.17s  (3.58s)
  mask   168.75s -> 173.83s  (5.08s)  <-- latched mask
  office 174.00s -> 174.25s  (0.25s)
  camera 174.58s -> 178.08s  (3.50s)
  mask   178.50s -> 184.08s  (5.58s)  <-- latched mask
  camera 184.58s -> 188.17s  (3.58s)
  mask   188.50s -> 194.08s  (5.58s)  <-- latched mask
  camera 194.67s -> 198.08s  (3.42s)
  mask   198.75s -> 203.83s  (5.08s)  <-- latched mask
  office 204.00s -> 204.42s  (0.42s)
  camera 204.58s -> 208.58s  (4.00s)
  mask   208.75s -> 214.08s  (5.33s)  <-- latched mask
  camera 214.58s -> 218.17s  (3.58s)
  mask   218.50s -> 224.08s  (5.58s)  <-- latched mask
  camera 224.58s -> 228.17s  (3.58s)
  mask   228.75s -> 233.83s  (5.08s)  <-- latched mask
  office 234.00s -> 234.25s  (0.25s)
  camera 234.58s -> 238.58s  (4.00s)
  mask   238.75s -> 244.08s  (5.33s)  <-- latched mask
  camera 244.58s -> 248.58s  (4.00s)
  mask   248.75s -> 254.08s  (5.33s)  <-- latched mask
  camera 254.67s -> 258.33s  (3.67s)
  mask   258.75s -> 263.83s  (5.08s)  <-- latched mask
  office 264.00s -> 264.25s  (0.25s)
  camera 264.67s -> 268.58s  (3.92s)
  mask   268.75s -> 274.08s  (5.33s)  <-- latched mask
  camera 274.67s -> 278.17s  (3.50s)
  mask   278.50s -> 284.08s  (5.58s)  <-- latched mask
  camera 284.67s -> 288.17s  (3.50s)
  mask   288.75s -> 294.08s  (5.33s)  <-- latched mask
  camera 294.58s -> 298.08s  (3.50s)
  mask   298.50s -> 304.08s  (5.58s)  <-- latched mask
  camera 304.58s -> 308.17s  (3.58s)
  mask   308.50s -> 314.17s  (5.67s)  <-- latched mask
  camera 314.67s -> 318.08s  (3.42s)
  mask   318.75s -> 323.83s  (5.08s)  <-- latched mask
  office 324.00s -> 324.42s  (0.42s)
  camera 324.67s -> 328.08s  (3.42s)
  mask   328.50s -> 334.08s  (5.58s)  <-- latched mask
  camera 334.58s -> 338.17s  (3.58s)
  mask   338.75s -> 343.83s  (5.08s)  <-- latched mask
  office 344.00s -> 344.25s  (0.25s)
  camera 344.67s -> 348.58s  (3.92s)
  mask   348.75s -> 354.08s  (5.33s)  <-- latched mask
  camera 354.58s -> 358.58s  (4.00s)
  mask   358.75s -> 363.83s  (5.08s)  <-- latched mask
  camera 364.58s -> 368.08s  (3.50s)
  mask   368.75s -> 373.83s  (5.08s)  <-- latched mask
  office 374.00s -> 374.25s  (0.25s)
  camera 374.67s -> 378.58s  (3.92s)
  mask   378.75s -> 384.08s  (5.33s)  <-- latched mask
  camera 384.58s -> 388.17s  (3.58s)
  mask   388.75s -> 393.83s  (5.08s)  <-- latched mask
  office 394.08s -> 394.42s  (0.33s)
  camera 394.67s -> 398.58s  (3.92s)
  mask   398.75s -> 403.83s  (5.08s)  <-- latched mask
  camera 404.58s -> 408.58s  (4.00s)
  mask   408.75s -> 414.08s  (5.33s)  <-- latched mask
  camera 414.67s -> 418.42s  (3.75s)
  mask   418.75s -> 423.83s  (5.08s)  <-- latched mask
  office 424.00s -> 424.42s  (0.42s)
  camera 424.67s -> 428.17s  (3.50s)
  mask   428.50s -> 434.08s  (5.58s)  <-- latched mask
  camera 434.67s -> 438.17s  (3.50s)
  office 438.33s -> 438.58s  (0.25s)
  mask   438.75s -> 443.83s  (5.08s)  <-- latched mask
  office 444.00s -> 444.25s  (0.25s)
  camera 444.67s -> 448.17s  (3.50s)
  mask   448.50s -> 454.08s  (5.58s)  <-- latched mask
  camera 465.58s -> 479.92s  (14.33s)
  camera 481.33s -> 481.67s  (0.33s)
  camera 482.25s -> 485.42s  (3.17s)
summary: 50 camera intervals, 0 visible hall flashes, 42 latched-mask intervals
note: visible hall flashes are only a rendering lower bound; the sourced movement blackout can hide logically accepted Foxy flashes
[decode-once] office / mask / camera intervals: exit 0, 122s, ok
--- run timeline and terminal outcome ---
tools/device/../../captures/night7-night7-k2-cohort-r05-20260914T225440Z.mp4: 971 frames at 2.0 fps, 640x288
      0.0s ->     8.0s  (   8.0s)  camera
      8.0s ->    11.0s  (   3.0s)  other
     11.0s ->    30.0s  (  19.0s)  camera
     30.0s ->    32.5s  (   2.5s)  intro
     32.5s ->    34.5s  (   2.0s)  dark
     34.5s ->    40.0s  (   5.5s)  office
     40.0s ->    44.5s  (   4.5s)  mask
     44.5s ->    49.0s  (   4.5s)  camera
     49.0s ->    54.5s  (   5.5s)  mask
     54.5s ->    59.0s  (   4.5s)  camera
     59.0s ->    64.5s  (   5.5s)  mask
     64.5s ->    69.0s  (   4.5s)  camera
     69.0s ->    74.5s  (   5.5s)  mask
     74.5s ->    79.0s  (   4.5s)  camera
     79.0s ->    84.5s  (   5.5s)  mask
     84.5s ->    89.0s  (   4.5s)  camera
     89.0s ->    94.5s  (   5.5s)  mask
     94.5s ->    98.5s  (   4.0s)  camera
     98.5s ->   104.5s  (   6.0s)  mask
    104.5s ->   109.0s  (   4.5s)  camera
    109.0s ->   114.5s  (   5.5s)  mask
    114.5s ->   118.5s  (   4.0s)  camera
    118.5s ->   124.5s  (   6.0s)  mask
    124.5s ->   128.5s  (   4.0s)  camera
    128.5s ->   134.5s  (   6.0s)  mask
    134.5s ->   139.0s  (   4.5s)  camera
    139.0s ->   144.5s  (   5.5s)  mask
    144.5s ->   150.0s  (   5.5s)  camera
    150.0s ->   154.5s  (   4.5s)  mask
    154.5s ->   158.5s  (   4.0s)  camera
    158.5s ->   164.5s  (   6.0s)  mask
    164.5s ->   169.0s  (   4.5s)  camera
    169.0s ->   174.5s  (   5.5s)  mask
    174.5s ->   179.0s  (   4.5s)  camera
    179.0s ->   184.5s  (   5.5s)  mask
    184.5s ->   189.0s  (   4.5s)  camera
    189.0s ->   194.5s  (   5.5s)  mask
    194.5s ->   199.0s  (   4.5s)  camera
    199.0s ->   204.5s  (   5.5s)  mask
    204.5s ->   209.0s  (   4.5s)  camera
    209.0s ->   214.5s  (   5.5s)  mask
    214.5s ->   219.0s  (   4.5s)  camera
    219.0s ->   224.5s  (   5.5s)  mask
    224.5s ->   229.0s  (   4.5s)  camera
    229.0s ->   234.5s  (   5.5s)  mask
    234.5s ->   239.0s  (   4.5s)  camera
    239.0s ->   244.5s  (   5.5s)  mask
    244.5s ->   249.0s  (   4.5s)  camera
    249.0s ->   254.5s  (   5.5s)  mask
    254.5s ->   259.0s  (   4.5s)  camera
    259.0s ->   264.5s  (   5.5s)  mask
    264.5s ->   269.0s  (   4.5s)  camera
    269.0s ->   274.5s  (   5.5s)  mask
    274.5s ->   279.0s  (   4.5s)  camera
    279.0s ->   284.5s  (   5.5s)  mask
    284.5s ->   289.0s  (   4.5s)  camera
    289.0s ->   294.5s  (   5.5s)  mask
    294.5s ->   299.0s  (   4.5s)  camera
    299.0s ->   304.5s  (   5.5s)  mask
    304.5s ->   309.5s  (   5.0s)  camera
    309.5s ->   314.5s  (   5.0s)  mask
    314.5s ->   319.0s  (   4.5s)  camera
    319.0s ->   324.5s  (   5.5s)  mask
    324.5s ->   329.0s  (   4.5s)  camera
    329.0s ->   334.5s  (   5.5s)  mask
    334.5s ->   339.0s  (   4.5s)  camera
    339.0s ->   344.5s  (   5.5s)  mask
    344.5s ->   349.0s  (   4.5s)  camera
    349.0s ->   354.5s  (   5.5s)  mask
    354.5s ->   359.0s  (   4.5s)  camera
    359.0s ->   364.5s  (   5.5s)  mask
    364.5s ->   369.0s  (   4.5s)  camera
    369.0s ->   374.5s  (   5.5s)  mask
    374.5s ->   379.0s  (   4.5s)  camera
    379.0s ->   384.5s  (   5.5s)  mask
    384.5s ->   388.5s  (   4.0s)  camera
    388.5s ->   394.5s  (   6.0s)  mask
    394.5s ->   399.0s  (   4.5s)  camera
    399.0s ->   404.5s  (   5.5s)  mask
    404.5s ->   409.0s  (   4.5s)  camera
    409.0s ->   414.5s  (   5.5s)  mask
    414.5s ->   419.0s  (   4.5s)  camera
    419.0s ->   424.5s  (   5.5s)  mask
    424.5s ->   429.0s  (   4.5s)  camera
    429.0s ->   434.5s  (   5.5s)  mask
    434.5s ->   439.0s  (   4.5s)  camera
    439.0s ->   444.5s  (   5.5s)  mask
    444.5s ->   449.5s  (   5.0s)  camera
    449.5s ->   455.0s  (   5.5s)  mask
    455.0s ->   463.0s  (   8.0s)  sixam
    463.0s ->   465.5s  (   2.5s)  dark
    465.5s ->   485.5s  (  20.0s)  camera

  TERMINAL: clear -- sixam at 455.0s
  the 6 AM win screen is in the recording, after the night
[decode-once] run timeline and terminal outcome: exit 0, 249s, ok
[decode-once] 2 shared decode(s) for 7 instruments: 7 branches in 119.6s (exit 0), 3 branches in 124.8s (exit 0)
[ 1/13   7%] video instruments over one shared decode (survival, cameras, light, keyframes, box, intervals, timeline) took 250s (pipeline 333s)

[ 2/13  15%] --- campaign bundle (executor-owned facts) ---
--- modern campaign bundle (executor-owned facts) ---
  night reached               yes
  arm mode                    observe-once
  arm                         UNRESOLVED (non-fatal) on attempt 1 (0 retries, 1 samples)
  arm verified at             UNKNOWN
  parked prefix (plan)        UNKNOWN
  PHASE LAG (suffix shift)    none -- observe-once never parks the stream
  cycle gates                 42 (42 agreed, 0 corrected, 0 aborted)
  gate lag                    UNKNOWN
  delivered offset            UNKNOWN
  corrections landed          0 confirmed, 0 unconfirmed, 0 unread, 0 never read back
  press acceptance            3 graded -- 2 UNKNOWN, 1 UNSTABLE
  stop reason                 arm-unresolved (ambiguous-threshold)
[ 2/13  15%] campaign bundle (executor-owned facts) took 0s (pipeline 333s)

[ 3/13  23%] --- delivered phase vs the model band ---
           ... delivered phase vs the model band still running (20s)
{
  "schema": "device-phase-reconstruction-v1",
  "origin": {
    "kind": "lifecycle-classification",
    "nightGoAt": 1789426518001,
    "releasedAt": 1789426518011,
    "errorVersusFirstNightFrameMs": "UNKNOWN",
    "bracketedByMs": -1872,
    "priorSampleLabel": "state=intro",
    "observationCadenceMs": {
      "min": 698,
      "p50": 944,
      "max": 7162
    }
  },
  "plannedPhaseOffsetMs": 0,
  "actionCount": 301,
  "arm": null,
  "cycles": [
    {
      "gateAtMs": 3348,
      "nextActionId": "toys-1",
      "status": "AGREED",
      "believedMaskOn": true,
      "observedMaskOn": true,
      "maskEvidence": "button-stroke:mask-on",
      "readCount": 1,
      "gateLagMs": null,
      "deliveredOffsetMs": null
    },
    {
      "gateAtMs": 13000,
      "nextActionId": "toys-1",
      "status": "AGREED",
      "believedMaskOn": true,
      "observedMaskOn": true,
      "maskEvidence": "button-stroke:mask-on",
      "readCount": 1,
      "gateLagMs": null,
      "deliveredOffsetMs": null
    },
    {
      "gateAtMs": 23000,
      "nextActionId": "toys-1",
      "status": "AGREED",
      "believedMaskOn": true,
      "observedMaskOn": true,
      "maskEvidence": "button-stroke:mask-on",
      "readCount": 1,
      "gateLagMs": null,
      "deliveredOffsetMs": null
    },
    {
      "gateAtMs": 33000,
      "nextActionId": "toys-1",
      "status": "AGREED",
      "believedMaskOn": true,
      "observedMaskOn": true,
      "maskEvidence": "button-stroke:mask-on",
      "readCount": 1,
      "gateLagMs": null,
      "deliveredOffsetMs": null
    },
    {
      "gateAtMs": 43000,
      "nextActionId": "toys-1",
      "status": "AGREED",
      "believedMaskOn": true,
      "observedMaskOn": true,
      "maskEvidence": "button-stroke:mask-on",
      "readCount": 1,
      "gateLagMs": null,
      "deliveredOffsetMs": null
    },
    {
      "gateAtMs": 53000,
      "nextActionId": "toys-1",
      "status": "AGREED",
      "believedMaskOn": true,
      "observedMaskOn": true,
      "maskEvidence": "button-stroke:mask-on",
      "readCount": 1,
      "gateLagMs": null,
      "deliveredOffsetMs": null
    },
    {
      "gateAtMs": 63000,
      "nextActionId": "toys-1",
      "status": "AGREED",
      "believedMaskOn": true,
      "observedMaskOn": true,
      "maskEvidence": "button-stroke:mask-on",
      "readCount": 1,
      "gateLagMs": null,
      "deliveredOffsetMs": null
    },
    {
      "gateAtMs": 73000,
      "nextActionId": "toys-1",
      "status": "AGREED",
      "believedMaskOn": true,
      "observedMaskOn": true,
      "maskEvidence": "button-stroke:mask-on",
      "readCount": 1,
      "gateLagMs": null,
      "deliveredOffsetMs": null
    },
    {
      "gateAtMs": 83000,
      "nextActionId": "toys-1",
      "status": "AGREED",
      "believedMaskOn": true,
      "observedMaskOn": true,
      "maskEvidence": "button-stroke:mask-on",
      "readCount": 1,
      "gateLagMs": null,
      "deliveredOffsetMs": null
    },
    {
      "gateAtMs": 93000,
      "nextActionId": "toys-1",
      "status": "AGREED",
      "believedMaskOn": true,
      "observedMaskOn": true,
      "maskEvidence": "button-stroke:mask-on",
      "readCount": 1,
      "gateLagMs": null,
      "deliveredOffsetMs": null
    },
    {
      "gateAtMs": 103000,
      "nextActionId": "toys-1",
      "status": "AGREED",
      "believedMaskOn": true,
      "observedMaskOn": true,
      "maskEvidence": "button-stroke:mask-on",
      "readCount": 1,
      "gateLagMs": null,
      "deliveredOffsetMs": null
    },
    {
      "gateAtMs": 113000,
      "nextActionId": "toys-1",
      "status": "AGREED",
      "believedMaskOn": true,
      "observedMaskOn": true,
      "maskEvidence": "button-stroke:mask-on",
      "readCount": 1,
      "gateLagMs": null,
      "deliveredOffsetMs": null
    },
    {
      "gateAtMs": 123000,
      "nextActionId": "toys-1",
      "status": "AGREED",
      "believedMaskOn": true,
      "observedMaskOn": true,
      "maskEvidence": "button-stroke:mask-on",
      "readCount": 1,
      "gateLagMs": null,
      "deliveredOffsetMs": null
    },
    {
      "gateAtMs": 133000,
      "nextActionId": "toys-1",
      "status": "AGREED",
      "believedMaskOn": true,
      "observedMaskOn": true,
      "maskEvidence": "button-stroke:mask-on",
      "readCount": 1,
      "gateLagMs": null,
      "deliveredOffsetMs": null
    },
    {
      "gateAtMs": 143000,
      "nextActionId": "toys-1",
      "status": "AGREED",
      "believedMaskOn": true,
      "observedMaskOn": true,
      "maskEvidence": "button-stroke:mask-on",
      "readCount": 1,
      "gateLagMs": null,
      "deliveredOffsetMs": null
    },
    {
      "gateAtMs": 153000,
      "nextActionId": "toys-1",
      "status": "AGREED",
      "believedMaskOn": true,
      "observedMaskOn": true,
      "maskEvidence": "button-stroke:mask-on",
      "readCount": 1,
      "gateLagMs": null,
      "deliveredOffsetMs": null
    },
    {
      "gateAtMs": 163000,
      "nextActionId": "toys-1",
      "status": "AGREED",
      "believedMaskOn": true,
      "observedMaskOn": true,
      "maskEvidence": "button-stroke:mask-on",
      "readCount": 1,
      "gateLagMs": null,
      "deliveredOffsetMs": null
    },
    {
      "gateAtMs": 173000,
      "nextActionId": "toys-1",
      "status": "AGREED",
      "believedMaskOn": true,
      "observedMaskOn": true,
      "maskEvidence": "button-stroke:mask-on",
      "readCount": 1,
      "gateLagMs": null,
      "deliveredOffsetMs": null
    },
    {
      "gateAtMs": 183000,
      "nextActionId": "toys-1",
      "status": "AGREED",
      "believedMaskOn": true,
      "observedMaskOn": true,
      "maskEvidence": "button-stroke:mask-on",
      "readCount": 1,
      "gateLagMs": null,
      "deliveredOffsetMs": null
    },
    {
      "gateAtMs": 193000,
      "nextActionId": "toys-1",
      "status": "AGREED",
      "believedMaskOn": true,
      "observedMaskOn": true,
      "maskEvidence": "button-stroke:mask-on",
      "readCount": 1,
      "gateLagMs": null,
      "deliveredOffsetMs": null
    },
    {
      "gateAtMs": 203000,
      "nextActionId": "toys-1",
      "status": "AGREED",
      "believedMaskOn": true,
      "observedMaskOn": true,
      "maskEvidence": "button-stroke:mask-on",
      "readCount": 1,
      "gateLagMs": null,
      "deliveredOffsetMs": null
    },
    {
      "gateAtMs": 213000,
      "nextActionId": "toys-1",
      "status": "AGREED",
      "believedMaskOn": true,
      "observedMaskOn": true,
      "maskEvidence": "button-stroke:mask-on",
      "readCount": 1,
      "gateLagMs": null,
      "deliveredOffsetMs": null
    },
    {
      "gateAtMs": 223000,
      "nextActionId": "toys-1",
      "status": "AGREED",
      "believedMaskOn": true,
      "observedMaskOn": true,
      "maskEvidence": "button-stroke:mask-on",
      "readCount": 1,
      "gateLagMs": null,
      "deliveredOffsetMs": null
    },
    {
      "gateAtMs": 233000,
      "nextActionId": "toys-1",
      "status": "AGREED",
      "believedMaskOn": true,
      "observedMaskOn": true,
      "maskEvidence": "button-stroke:mask-on",
      "readCount": 1,
      "gateLagMs": null,
      "deliveredOffsetMs": null
    },
    {
      "gateAtMs": 243000,
      "nextActionId": "toys-1",
      "status": "AGREED",
      "believedMaskOn": true,
      "observedMaskOn": true,
      "maskEvidence": "button-stroke:mask-on",
      "readCount": 1,
      "gateLagMs": null,
      "deliveredOffsetMs": null
    },
    {
      "gateAtMs": 253000,
      "nextActionId": "toys-1",
      "status": "AGREED",
      "believedMaskOn": true,
      "observedMaskOn": true,
      "maskEvidence": "button-stroke:mask-on",
      "readCount": 1,
      "gateLagMs": null,
      "deliveredOffsetMs": null
    },
    {
      "gateAtMs": 263000,
      "nextActionId": "toys-1",
      "status": "AGREED",
      "believedMaskOn": true,
      "observedMaskOn": true,
      "maskEvidence": "button-stroke:mask-on",
      "readCount": 1,
      "gateLagMs": null,
      "deliveredOffsetMs": null
    },
    {
      "gateAtMs": 273000,
      "nextActionId": "toys-1",
      "status": "AGREED",
      "believedMaskOn": true,
      "observedMaskOn": true,
      "maskEvidence": "button-stroke:mask-on",
      "readCount": 1,
      "gateLagMs": null,
      "deliveredOffsetMs": null
    },
    {
      "gateAtMs": 283000,
      "nextActionId": "toys-1",
      "status": "AGREED",
      "believedMaskOn": true,
      "observedMaskOn": true,
      "maskEvidence": "button-stroke:mask-on",
      "readCount": 1,
      "gateLagMs": null,
      "deliveredOffsetMs": null
    },
    {
      "gateAtMs": 293000,
      "nextActionId": "toys-1",
      "status": "AGREED",
      "believedMaskOn": true,
      "observedMaskOn": true,
      "maskEvidence": "button-stroke:mask-on",
      "readCount": 1,
      "gateLagMs": null,
      "deliveredOffsetMs": null
    },
    {
      "gateAtMs": 303000,
      "nextActionId": "toys-1",
      "status": "AGREED",
      "believedMaskOn": true,
      "observedMaskOn": true,
      "maskEvidence": "button-stroke:mask-on",
      "readCount": 1,
      "gateLagMs": null,
      "deliveredOffsetMs": null
    },
    {
      "gateAtMs": 313000,
      "nextActionId": "toys-1",
      "status": "AGREED",
      "believedMaskOn": true,
      "observedMaskOn": true,
      "maskEvidence": "button-stroke:mask-on",
      "readCount": 1,
      "gateLagMs": null,
      "deliveredOffsetMs": null
    },
    {
      "gateAtMs": 323000,
      "nextActionId": "toys-1",
      "status": "AGREED",
      "believedMaskOn": true,
      "observedMaskOn": true,
      "maskEvidence": "button-stroke:mask-on",
      "readCount": 1,
      "gateLagMs": null,
      "deliveredOffsetMs": null
    },
    {
      "gateAtMs": 333000,
      "nextActionId": "toys-1",
      "status": "AGREED",
      "believedMaskOn": true,
      "observedMaskOn": true,
      "maskEvidence": "button-stroke:mask-on",
      "readCount": 1,
      "gateLagMs": null,
      "deliveredOffsetMs": null
    },
    {
      "gateAtMs": 343000,
      "nextActionId": "toys-1",
      "status": "AGREED",
      "believedMaskOn": true,
      "observedMaskOn": true,
      "maskEvidence": "button-stroke:mask-on",
      "readCount": 1,
      "gateLagMs": null,
      "deliveredOffsetMs": null
    },
    {
      "gateAtMs": 353000,
      "nextActionId": "toys-1",
      "status": "AGREED",
      "believedMaskOn": true,
      "observedMaskOn": true,
      "maskEvidence": "button-stroke:mask-on",
      "readCount": 1,
      "gateLagMs": null,
      "deliveredOffsetMs": null
    },
    {
      "gateAtMs": 363000,
      "nextActionId": "toys-1",
      "status": "AGREED",
      "believedMaskOn": true,
      "observedMaskOn": true,
      "maskEvidence": "button-stroke:mask-on",
      "readCount": 1,
      "gateLagMs": null,
      "deliveredOffsetMs": null
    },
    {
      "gateAtMs": 373000,
      "nextActionId": "toys-1",
      "status": "AGREED",
      "believedMaskOn": true,
      "observedMaskOn": true,
      "maskEvidence": "button-stroke:mask-on",
      "readCount": 1,
      "gateLagMs": null,
      "deliveredOffsetMs": null
    },
    {
      "gateAtMs": 383000,
      "nextActionId": "toys-1",
      "status": "AGREED",
      "believedMaskOn": true,
      "observedMaskOn": true,
      "maskEvidence": "button-stroke:mask-on",
      "readCount": 1,
      "gateLagMs": null,
      "deliveredOffsetMs": null
    },
    {
      "gateAtMs": 393000,
      "nextActionId": "toys-1",
      "status": "AGREED",
      "believedMaskOn": true,
      "observedMaskOn": true,
      "maskEvidence": "button-stroke:mask-on",
      "readCount": 1,
      "gateLagMs": null,
      "deliveredOffsetMs": null
    },
    {
      "gateAtMs": 403000,
      "nextActionId": "toys-1",
      "status": "AGREED",
      "believedMaskOn": true,
      "observedMaskOn": true,
      "maskEvidence": "button-stroke:mask-on",
      "readCount": 1,
      "gateLagMs": null,
      "deliveredOffsetMs": null
    },
    {
      "gateAtMs": 413000,
      "nextActionId": "toys-1",
      "status": "AGREED",
      "believedMaskOn": true,
      "observedMaskOn": true,
      "maskEvidence": "button-stroke:mask-on",
      "readCount": 1,
      "gateLagMs": null,
      "deliveredOffsetMs": null
    }
  ],
  "deliveredOffsetMs": null,
  "terminal": {
    "lastNightAt": 1789426935390,
    "terminalAt": 1789426936301,
    "terminalLabel": "unknown=dark-frame-no-text",
    "bracketMs": 911,
    "attribution": "UNKNOWN"
  },
  "run": "artifacts/campaign-2026-09-14T22-54-55.948Z",
  "model": {
    "night": 7,
    "seeds": 100,
    "ventMaskTicks": 5,
    "rows": [
      {
        "epochMs": 0,
        "maskTicks": 5,
        "wins": 100,
        "armed": 100,
        "seeds": 100,
        "deaths": {}
      },
      {
        "epochMs": 16.67,
        "maskTicks": 5,
        "wins": 100,
        "armed": 100,
        "seeds": 100,
        "deaths": {}
      },
      {
        "epochMs": 33.33,
        "maskTicks": 5,
        "wins": 100,
        "armed": 100,
        "seeds": 100,
        "deaths": {}
      },
      {
        "epochMs": 50,
        "maskTicks": 5,
        "wins": 100,
        "armed": 100,
        "seeds": 100,
        "deaths": {}
      },
      {
        "epochMs": 66.67,
        "maskTicks": 5,
        "wins": 100,
        "armed": 100,
        "seeds": 100,
        "deaths": {}
      },
      {
        "epochMs": 83.33,
        "maskTicks": 5,
        "wins": 100,
        "armed": 100,
        "seeds": 100,
        "deaths": {}
      },
      {
        "epochMs": 100,
        "maskTicks": 5,
        "wins": 100,
        "armed": 100,
        "seeds": 100,
        "deaths": {}
      },
      {
        "epochMs": 116.67,
        "maskTicks": 5,
        "wins": 0,
        "armed": 0,
        "seeds": 100,
        "deaths": {
          "puppet": 81,
          "inside-office": 19
        }
      },
      {
        "epochMs": 133.33,
        "maskTicks": 5,
        "wins": 0,
        "armed": 0,
        "seeds": 100,
        "deaths": {
          "puppet": 81,
          "inside-office": 19
        }
      },
      {
        "epochMs": 150,
        "maskTicks": 5,
        "wins": 0,
        "armed": 0,
        "seeds": 100,
        "deaths": {
          "puppet": 81,
          "inside-office": 19
        }
      },
      {
        "epochMs": 166.67,
        "maskTicks": 5,
        "wins": 100,
        "armed": 100,
        "seeds": 100,
        "deaths": {}
      },
      {
        "epochMs": 183.33,
        "maskTicks": 5,
        "wins": 100,
        "armed": 100,
        "seeds": 100,
        "deaths": {}
      },
      {
        "epochMs": 200,
        "maskTicks": 5,
        "wins": 100,
        "armed": 100,
        "seeds": 100,
        "deaths": {}
      },
      {
        "epochMs": 216.67,
        "maskTicks": 5,
        "wins": 100,
        "armed": 100,
        "seeds": 100,
        "deaths": {}
      },
      {
        "epochMs": 233.33,
        "maskTicks": 5,
        "wins": 100,
        "armed": 100,
        "seeds": 100,
        "deaths": {}
      },
      {
        "epochMs": 250,
        "maskTicks": 5,
        "wins": 100,
        "armed": 100,
        "seeds": 100,
        "deaths": {}
      },
      {
        "epochMs": 266.67,
        "maskTicks": 5,
        "wins": 100,
        "armed": 100,
        "seeds": 100,
        "deaths": {}
      },
      {
        "epochMs": 283.33,
        "maskTicks": 5,
        "wins": 100,
        "armed": 100,
        "seeds": 100,
        "deaths": {}
      },
      {
        "epochMs": 300,
        "maskTicks": 5,
        "wins": 100,
        "armed": 100,
        "seeds": 100,
        "deaths": {}
      },
      {
        "epochMs": 316.67,
        "maskTicks": 5,
        "wins": 0,
        "armed": 0,
        "seeds": 100,
        "deaths": {
          "puppet": 82,
          "inside-office": 18
        }
      },
      {
        "epochMs": 333.33,
        "maskTicks": 5,
        "wins": 0,
        "armed": 0,
        "seeds": 100,
        "deaths": {
          "puppet": 82,
          "inside-office": 18
        }
      },
      {
        "epochMs": 350,
        "maskTicks": 5,
        "wins": 0,
        "armed": 0,
        "seeds": 100,
        "deaths": {
          "puppet": 82,
          "inside-office": 18
        }
      },
      {
        "epochMs": 366.67,
        "maskTicks": 4,
        "wins": 0,
        "armed": 100,
        "seeds": 100,
        "deaths": {
          "foxy": 86,
          "inside-office": 14
        }
      },
      {
        "epochMs": 383.33,
        "maskTicks": 4,
        "wins": 0,
        "armed": 100,
        "seeds": 100,
        "deaths": {
          "foxy": 86,
          "inside-office": 14
        }
      },
      {
        "epochMs": 400,
        "maskTicks": 4,
        "wins": 0,
        "armed": 100,
        "seeds": 100,
        "deaths": {
          "foxy": 86,
          "inside-office": 14
        }
      },
      {
        "epochMs": 416.67,
        "maskTicks": 4,
        "wins": 0,
        "armed": 100,
        "seeds": 100,
        "deaths": {
          "foxy": 86,
          "inside-office": 14
        }
      },
      {
        "epochMs": 433.33,
        "maskTicks": 4,
        "wins": 0,
        "armed": 100,
        "seeds": 100,
        "deaths": {
          "foxy": 86,
          "inside-office": 14
        }
      },
      {
        "epochMs": 450,
        "maskTicks": 4,
        "wins": 0,
        "armed": 100,
        "seeds": 100,
        "deaths": {
          "foxy": 85,
          "inside-office": 15
        }
      },
      {
        "epochMs": 466.67,
        "maskTicks": 4,
        "wins": 0,
        "armed": 100,
        "seeds": 100,
        "deaths": {
          "inside-office": 20,
          "foxy": 80
        }
      },
      {
        "epochMs": 483.33,
        "maskTicks": 4,
        "wins": 0,
        "armed": 100,
        "seeds": 100,
        "deaths": {
          "foxy": 100
        }
      },
      {
        "epochMs": 500,
        "maskTicks": 4,
        "wins": 0,
        "armed": 100,
        "seeds": 100,
        "deaths": {
          "foxy": 100
        }
      },
      {
        "epochMs": 516.67,
        "maskTicks": 4,
        "wins": 0,
        "armed": 0,
        "seeds": 100,
        "deaths": {
          "foxy": 100
        }
      },
      {
        "epochMs": 533.33,
        "maskTicks": 4,
        "wins": 0,
        "armed": 0,
        "seeds": 100,
        "deaths": {
          "foxy": 100
        }
      },
      {
        "epochMs": 550,
        "maskTicks": 4,
        "wins": 0,
        "armed": 0,
        "seeds": 100,
        "deaths": {
          "foxy": 100
        }
      },
      {
        "epochMs": 566.67,
        "maskTicks": 4,
        "wins": 0,
        "armed": 100,
        "seeds": 100,
        "deaths": {
          "foxy": 100
        }
      },
      {
        "epochMs": 583.33,
        "maskTicks": 4,
        "wins": 0,
        "armed": 100,
        "seeds": 100,
        "deaths": {
          "foxy": 100
        }
      },
      {
        "epochMs": 600,
        "maskTicks": 4,
        "wins": 0,
        "armed": 100,
        "seeds": 100,
        "deaths": {
          "foxy": 100
        }
      },
      {
        "epochMs": 616.67,
        "maskTicks": 4,
        "wins": 0,
        "armed": 100,
        "seeds": 100,
        "deaths": {
          "foxy": 100
        }
      },
      {
        "epochMs": 633.33,
        "maskTicks": 4,
        "wins": 0,
        "armed": 100,
        "seeds": 100,
        "deaths": {
          "foxy": 100
        }
      },
      {
        "epochMs": 650,
        "maskTicks": 4,
        "wins": 0,
        "armed": 100,
        "seeds": 100,
        "deaths": {
          "foxy": 100
        }
      },
      {
        "epochMs": 666.67,
        "maskTicks": 4,
        "wins": 0,
        "armed": 100,
        "seeds": 100,
        "deaths": {
          "foxy": 100
        }
      },
      {
        "epochMs": 683.33,
        "maskTicks": 4,
        "wins": 0,
        "armed": 100,
        "seeds": 100,
        "deaths": {
          "foxy": 100
        }
      },
      {
        "epochMs": 700,
        "maskTicks": 4,
        "wins": 0,
        "armed": 100,
        "seeds": 100,
        "deaths": {
          "foxy": 100
        }
      },
      {
        "epochMs": 716.67,
        "maskTicks": 4,
        "wins": 0,
        "armed": 0,
        "seeds": 100,
        "deaths": {
          "foxy": 100
        }
      },
      {
        "epochMs": 733.33,
        "maskTicks": 4,
        "wins": 0,
        "armed": 0,
        "seeds": 100,
        "deaths": {
          "foxy": 100
        }
      },
      {
        "epochMs": 750,
        "maskTicks": 4,
        "wins": 0,
        "armed": 0,
        "seeds": 100,
        "deaths": {
          "foxy": 100
        }
      },
      {
        "epochMs": 766.67,
        "maskTicks": 4,
        "wins": 0,
        "armed": 100,
        "seeds": 100,
        "deaths": {
          "foxy": 100
        }
      },
      {
        "epochMs": 783.33,
        "maskTicks": 4,
        "wins": 0,
        "armed": 100,
        "seeds": 100,
        "deaths": {
          "foxy": 100
        }
      },
      {
        "epochMs": 800,
        "maskTicks": 5,
        "wins": 0,
        "armed": 100,
        "seeds": 100,
        "deaths": {
          "foxy": 100
        }
      },
      {
        "epochMs": 816.67,
        "maskTicks": 5,
        "wins": 0,
        "armed": 100,
        "seeds": 100,
        "deaths": {
          "foxy": 100
        }
      },
      {
        "epochMs": 833.33,
        "maskTicks": 5,
        "wins": 0,
        "armed": 100,
        "seeds": 100,
        "deaths": {
          "foxy": 100
        }
      },
      {
        "epochMs": 850,
        "maskTicks": 5,
        "wins": 0,
        "armed": 100,
        "seeds": 100,
        "deaths": {
          "foxy": 100
        }
      },
      {
        "epochMs": 866.67,
        "maskTicks": 5,
        "wins": 0,
        "armed": 100,
        "seeds": 100,
        "deaths": {
          "foxy": 100
        }
      },
      {
        "epochMs": 883.33,
        "maskTicks": 5,
        "wins": 0,
        "armed": 100,
        "seeds": 100,
        "deaths": {
          "foxy": 100
        }
      },
      {
        "epochMs": 900,
        "maskTicks": 5,
        "wins": 0,
        "armed": 100,
        "seeds": 100,
        "deaths": {
          "foxy": 100
        }
      },
      {
        "epochMs": 916.67,
        "maskTicks": 5,
        "wins": 0,
        "armed": 0,
        "seeds": 100,
        "deaths": {
          "foxy": 100
        }
      },
      {
        "epochMs": 933.33,
        "maskTicks": 5,
        "wins": 0,
        "armed": 0,
        "seeds": 100,
        "deaths": {
          "foxy": 100
        }
      },
      {
        "epochMs": 950,
        "maskTicks": 5,
        "wins": 0,
        "armed": 0,
        "seeds": 100,
        "deaths": {
          "foxy": 100
        }
      },
      {
        "epochMs": 966.67,
        "maskTicks": 5,
        "wins": 0,
        "armed": 100,
        "seeds": 100,
        "deaths": {
          "foxy": 51,
          "golden-freddy": 49
        }
      },
      {
        "epochMs": 983.33,
        "maskTicks": 5,
        "wins": 0,
        "armed": 100,
        "seeds": 100,
        "deaths": {
          "foxy": 51,
          "golden-freddy": 49
        }
      }
    ],
    "lossBands": [
      {
        "fromMs": 116.67,
        "maskTicks": 5,
        "toMs": 166.67
      },
      {
        "fromMs": 316.67,
        "maskTicks": 5,
        "toMs": 1000
      }
    ],
    "uncontrolledPhase": {
      "night": 7,
      "runs": 3000,
      "wins": 791,
      "armed": 2248,
      "deaths": {
        "foxy": 1792,
        "puppet": 254,
        "inside-office": 120,
        "golden-freddy": 43
      },
      "note": "epoch drawn uniformly over one game second; the gate scores epoch 0 only"
    }
  }
}
[ 3/13  23%] delivered phase vs the model band took 21s (pipeline 354s)

--- native-frame state coverage for the actuation ---
  no frame trace for night7-night7-k2-cohort-r05-20260914T225440Z: frame-level state coverage and input/frame
  alignment are UNKNOWN. Nothing was measured.

--- elegance (inputs sent vs needed) ---
  no driver log for night7-night7-k2-cohort-r05-20260914T225440Z; nothing to count. Runs before 2026-08-26 have none.

--- Balloon Boy's vent bang ---
  no raw audio kept for night7-night7-k2-cohort-r05-20260914T225440Z; scan-night requires a receiver PCM capture.
  external authority facts are also absent; run with CUE_AUDIO=1 AUDIO_AUTHORITY_SOCKET=PATH.

==============================================================
VERDICT: every instrument passed for night7-night7-k2-cohort-r05-20260914T225440Z
==============================================================
