==============================================================
run: night6-anchorede2-20260913T170041Z
==============================================================
capture: night6-anchorede2-20260913T170041Z.mp4
hid trace: MISSING (run with HID_TRACE_RUN=1)
input trace: none (run atrace-input.sh around the command)
SurfaceFlinger latency: none (set SF_LAYER for capture)
cue trace: none (run with CUE_HELPER=1)
legacy night PCM: none (receiver owns live audio)
audio facts: none (run with external authority socket)
session manifest: none (unmanifested run)
campaign bundle: artifacts/campaign-2026-09-13T17-00-55.250Z
frame trace: night6-anchorede2-20260913T170041Z-761958189029646.tsv
capture rate: 55 fps (ffprobe 1058400000/19229383)
  using measured 55 fps for timing-sensitive graders (nominal 60)

--- session manifest (v1 provenance contract) ---
  no night6-anchorede2-20260913T170041Z-session.json: this run is unmanifested, so nothing below can
  name its game build, model hashes, clock alignment or win evidence.
  Nothing was validated.
  Run under tools/device/trial.sh, which emits one.

--- input dispatch / frame landing (Perfetto) ---
  no input trace kept for night6-anchorede2-20260913T170041Z; rendered video cannot establish dispatch.

--- clock transitions (HUD first frame, 1 AM) ---
HUD first=29400ms; 1 AM=104091ms; delta=74691ms; resolution=18ms

[ 1/13   7%] --- video instruments over one shared decode (survival, cameras, light, keyframes, box, intervals, timeline) ---
           ... video instruments over one shared decode (survival, cameras, light, keyframes, box, intervals, timeline) still running (20s)
           ... video instruments over one shared decode (survival, cameras, light, keyframes, box, intervals, timeline) still running (40s)
           ... video instruments over one shared decode (survival, cameras, light, keyframes, box, intervals, timeline) still running (60s)
           ... video instruments over one shared decode (survival, cameras, light, keyframes, box, intervals, timeline) still running (80s)
--- survival (the only number that is a run length) ---
tools/device/../../captures/night6-anchorede2-20260913T170041Z.mp4: 855 frames at 4.0 fps
  night HUD appears at 29.5s
  HUD gone for good from 185.0s: death static (temporal: 20 frames, 5.0s, mean 36, tdiff 39)
  ALIVE for 155.5s
[decode-once] survival (the only number that is a run length): exit 0, 49s, ok
--- camera selections ---
tools/device/../../captures/night6-anchorede2-20260913T170041Z.mp4: selected-camera trace at 55 fps
  cam 11   34.80s ->  35.22s  (0.42s)
  cam 11   36.27s ->  38.44s  (2.16s)
  cam 11   44.75s ->  48.18s  (3.44s)
  cam 11   54.73s ->  58.18s  (3.45s)
  cam 11   64.76s ->  68.18s  (3.42s)
  cam 11   74.87s ->  78.20s  (3.33s)
  cam 11   84.80s ->  88.18s  (3.38s)
  cam 11   94.78s ->  98.22s  (3.44s)
  cam 11  104.76s -> 108.16s  (3.40s)
  cam 11  114.78s -> 118.20s  (3.42s)
  cam 11  124.76s -> 128.18s  (3.42s)
  cam 11  134.78s -> 138.18s  (3.40s)
  cam 11  144.76s -> 148.20s  (3.44s)
  cam 11  154.78s -> 158.20s  (3.42s)
  cam 11  164.76s -> 168.16s  (3.40s)
  cam 11  174.75s -> 178.16s  (3.42s)
summary: 0 complete 10-04-07-11 sweeps, 0 incomplete sweep starts
[decode-once] camera selections: exit 0, 49s, ok
--- camera light actually flashing ---
tools/device/../../captures/night6-anchorede2-20260913T170041Z.mp4: signature sweepcheck-signature.json  (sweep lit iff >=2/3 cams)
  sweep  1: cam10=dark  cam04=dark  cam07=lit   -> DARK
summary: 0/1 sweeps lit (>=2 of 3 cameras)
[decode-once] camera light actually flashing: exit 3, 96s, a result about the run, not an instrument failure
--- keyframes (what the run contained) ---
tools/device/../../captures/night6-anchorede2-20260913T170041Z.mp4: 427 frames at 2.0 fps, 12 kept
  timestamps: 0.0s 4.0s 9.5s 24.5s 35.0s 38.0s 38.5s 54.5s 104.5s 127.0s 184.5s 190.0s
  sheet: tools/device/../../captures/night6-anchorede2-20260913T170041Z-keyframes.png
[decode-once] keyframes (what the run contained): exit 0, 96s, ok
--- music box ---
tools/device/../../captures/night6-anchorede2-20260913T170041Z.mp4: 213.67s sampled at 12 fps
  cam11  36.42s ->  38.25s   61.3% ->  80.7%  (range  61.3- 80.7%)
  cam11  44.92s ->  48.00s   34.6% ->  83.6%  (range  34.6- 83.6%)
  cam11  54.92s ->  58.08s   42.2% ->  86.8%  (range  42.2- 86.9%)
  cam11  64.92s ->  68.00s   52.3% ->  91.6%  (range  52.3- 91.6%)
  cam11  74.92s ->  78.00s   61.3% -> 100.0%  (range  61.3-100.0%)
  cam11  84.92s ->  88.00s   61.2% -> 100.0%  (range  61.2-100.0%)
  cam11  94.92s ->  98.00s   61.2% -> 100.0%  (range  61.2-100.0%)
  cam11 104.92s -> 108.00s   61.3% -> 100.0%  (range  61.3-100.0%)
  cam11 114.92s -> 118.00s   61.2% -> 100.0%  (range  61.2-100.0%)
  cam11 124.92s -> 128.00s   61.3% -> 100.0%  (range  61.3-100.0%)
  cam11 135.00s -> 138.00s   67.9% -> 100.0%  (range  67.9-100.0%)
  cam11 144.92s -> 148.00s   61.2% -> 100.0%  (range  61.2-100.0%)
  cam11 154.92s -> 158.00s   61.2% -> 100.0%  (range  61.2-100.0%)
  cam11 164.92s -> 168.00s   61.3% -> 100.0%  (range  61.3-100.0%)
  cam11 174.92s -> 178.00s   61.2% -> 100.0%  (range  61.2-100.0%)
[decode-once] music box: exit 0, 49s, ok
--- office / mask / camera intervals ---
tools/device/../../captures/night6-anchorede2-20260913T170041Z.mp4: 213.67s sampled at 12 fps
  camera   0.25s ->   4.33s  (4.08s)
  camera  12.17s ->  20.67s  (8.50s)
  camera  21.25s ->  22.83s  (1.58s)
  camera  24.00s ->  24.83s  (0.83s)
  office  29.42s ->  34.33s  (4.92s)
  camera  34.58s ->  35.33s  (0.75s)
  office  35.58s ->  36.08s  (0.50s)
  camera  36.17s ->  38.67s  (2.50s)
  mask    39.00s ->  43.83s  (4.83s)  <-- latched mask
  office  44.00s ->  44.50s  (0.50s)
  camera  44.67s ->  48.17s  (3.50s)
  mask    48.83s ->  53.83s  (5.00s)  <-- latched mask
  office  54.00s ->  54.42s  (0.42s)
  camera  54.67s ->  58.42s  (3.75s)
  mask    58.83s ->  63.83s  (5.00s)  <-- latched mask
  office  64.00s ->  64.50s  (0.50s)
  camera  64.67s ->  68.17s  (3.50s)
  mask    68.75s ->  73.83s  (5.08s)  <-- latched mask
  office  74.00s ->  74.42s  (0.42s)
  camera  74.83s ->  78.17s  (3.33s)
  mask    78.75s ->  83.83s  (5.08s)  <-- latched mask
  office  84.00s ->  84.58s  (0.58s)
  camera  84.67s ->  88.17s  (3.50s)
  mask    88.83s ->  93.83s  (5.00s)  <-- latched mask
  office  94.00s ->  94.58s  (0.58s)
  camera  94.67s ->  98.25s  (3.58s)
  mask    98.83s -> 104.08s  (5.25s)  <-- latched mask
  camera 104.67s -> 108.42s  (3.75s)
  mask   108.83s -> 113.83s  (5.00s)  <-- latched mask
  office 114.00s -> 114.42s  (0.42s)
  camera 114.67s -> 118.17s  (3.50s)
  mask   118.83s -> 123.83s  (5.00s)  <-- latched mask
  office 124.00s -> 124.50s  (0.50s)
  camera 124.67s -> 128.17s  (3.50s)
  mask   128.83s -> 134.08s  (5.25s)  <-- latched mask
  camera 134.67s -> 138.17s  (3.50s)
  mask   138.83s -> 143.83s  (5.00s)  <-- latched mask
  office 144.00s -> 144.42s  (0.42s)
  camera 144.67s -> 148.42s  (3.75s)
  mask   148.83s -> 153.83s  (5.00s)  <-- latched mask
  office 154.00s -> 154.50s  (0.50s)
  camera 154.67s -> 158.17s  (3.50s)
  mask   158.58s -> 164.08s  (5.50s)  <-- latched mask
  camera 164.67s -> 168.17s  (3.50s)
  mask   168.83s -> 173.83s  (5.00s)  <-- latched mask
  office 174.00s -> 174.42s  (0.42s)
  camera 174.67s -> 178.17s  (3.50s)
  mask   178.83s -> 183.83s  (5.00s)  <-- latched mask
  office 184.00s -> 184.42s  (0.42s)
  camera 184.75s -> 189.92s  (5.17s)
  camera 194.67s -> 197.50s  (2.83s)
  camera 207.50s -> 207.92s  (0.42s)
  camera 208.50s -> 208.75s  (0.25s)
  camera 210.50s -> 212.92s  (2.42s)
summary: 25 camera intervals, 0 visible hall flashes, 15 latched-mask intervals
note: visible hall flashes are only a rendering lower bound; the sourced movement blackout can hide logically accepted Foxy flashes
[decode-once] office / mask / camera intervals: exit 0, 49s, ok
--- run timeline and terminal outcome ---
tools/device/../../captures/night6-anchorede2-20260913T170041Z.mp4: 427 frames at 2.0 fps, 640x288
      0.0s ->     5.0s  (   5.0s)  other
      5.0s ->     9.5s  (   4.5s)  camera
      9.5s ->    25.0s  (  15.5s)  other
     25.0s ->    27.5s  (   2.5s)  intro
     27.5s ->    29.5s  (   2.0s)  dark
     29.5s ->    36.0s  (   6.5s)  office
     36.0s ->    39.0s  (   3.0s)  camera
     39.0s ->    44.5s  (   5.5s)  mask
     44.5s ->    49.0s  (   4.5s)  camera
     49.0s ->    54.5s  (   5.5s)  mask
     54.5s ->    59.0s  (   4.5s)  camera
     59.0s ->    64.5s  (   5.5s)  mask
     64.5s ->    69.0s  (   4.5s)  camera
     69.0s ->    75.0s  (   6.0s)  mask
     75.0s ->    79.0s  (   4.0s)  camera
     79.0s ->    84.5s  (   5.5s)  mask
     84.5s ->    89.0s  (   4.5s)  camera
     89.0s ->    94.5s  (   5.5s)  mask
     94.5s ->    99.0s  (   4.5s)  camera
     99.0s ->   104.5s  (   5.5s)  mask
    104.5s ->   109.0s  (   4.5s)  camera
    109.0s ->   114.5s  (   5.5s)  mask
    114.5s ->   119.0s  (   4.5s)  camera
    119.0s ->   124.5s  (   5.5s)  mask
    124.5s ->   129.0s  (   4.5s)  camera
    129.0s ->   134.5s  (   5.5s)  mask
    134.5s ->   139.0s  (   4.5s)  camera
    139.0s ->   144.5s  (   5.5s)  mask
    144.5s ->   149.0s  (   4.5s)  camera
    149.0s ->   154.5s  (   5.5s)  mask
    154.5s ->   159.0s  (   4.5s)  camera
    159.0s ->   164.5s  (   5.5s)  mask
    164.5s ->   169.0s  (   4.5s)  camera
    169.0s ->   174.5s  (   5.5s)  mask
    174.5s ->   179.0s  (   4.5s)  camera
    179.0s ->   185.0s  (   6.0s)  mask
    185.0s ->   191.5s  (   6.5s)  other
    191.5s ->   194.5s  (   3.0s)  unknown
    194.5s ->   198.0s  (   3.5s)  other
    198.0s ->   202.5s  (   4.5s)  camera
    202.5s ->   205.0s  (   2.5s)  other
    205.0s ->   207.5s  (   2.5s)  camera
    207.5s ->   213.5s  (   6.0s)  other

  TERMINAL: unknown
  nothing terminal was captured; the recording may stop before the end of the night
[decode-once] run timeline and terminal outcome: exit 0, 96s, ok
[decode-once] 2 shared decode(s) for 7 instruments: 7 branches in 46.6s (exit 0), 3 branches in 44.4s (exit 0)
[ 1/13   7%] video instruments over one shared decode (survival, cameras, light, keyframes, box, intervals, timeline) took 96s (pipeline 125s)

[ 2/13  15%] --- campaign bundle (executor-owned facts) ---
--- modern campaign bundle (executor-owned facts) ---
  night reached               yes
  arm mode                    observe-once
  arm                         VERIFIED on attempt 1 (0 retries, 1 samples)
  arm verified at             9824 ms
  parked prefix (plan)        UNKNOWN
  PHASE LAG (suffix shift)    none -- observe-once never parks the stream
  cycle gates                 16 (15 agreed, 0 corrected, 1 aborted)
  gate lag                    UNKNOWN
  delivered offset            UNKNOWN
  corrections landed          0 confirmed, 0 unconfirmed, 0 unread, 0 never read back
  press acceptance            3 graded -- 2 UNKNOWN, 1 PASS
  stop reason                 gate-abort (mask-state-unavailable)
[ 2/13  15%] campaign bundle (executor-owned facts) took 0s (pipeline 125s)

[ 3/13  23%] --- delivered phase vs the model band ---
           ... delivered phase vs the model band still running (20s)
{
  "schema": "device-phase-reconstruction-v1",
  "origin": {
    "kind": "lifecycle-classification",
    "nightGoAt": 1789318876065,
    "releasedAt": 1789318876076,
    "errorVersusFirstNightFrameMs": -4813.978759765625,
    "measured": {
      "basis": "cue-helper-native-frame-trace",
      "firstNightFrameAt": 1789318871251.0212,
      "errorMs": -4813.978759765625,
      "deliveredEpochMs": 813.978759765625,
      "uncertaintyMs": 64.4719808101654,
      "frameResolutionMs": 48.236385107040405,
      "clockUncertaintyMs": 16.235595703125,
      "clockSpreadMs": 63.13720703125,
      "clockSamples": 15,
      "priorFrameIdentity": 0
    },
    "bracketedByMs": 1898,
    "priorSampleLabel": "unknown=dark-frame-no-text",
    "observationCadenceMs": {
      "min": 220,
      "p50": 979,
      "max": 13673
    }
  },
  "plannedPhaseOffsetMs": 0,
  "actionCount": 297,
  "arm": null,
  "cycles": [
    {
      "gateAtMs": 5460,
      "nextActionId": "toys-1",
      "status": "AGREED",
      "believedMaskOn": true,
      "observedMaskOn": true,
      "maskEvidence": "button-stroke:mask-on",
      "readCount": 1,
      "gateLagMs": null,
      "deliveredOffsetMs": null
    },
    {
      "gateAtMs": 15460,
      "nextActionId": "toys-1",
      "status": "AGREED",
      "believedMaskOn": true,
      "observedMaskOn": true,
      "maskEvidence": "button-stroke:mask-on",
      "readCount": 1,
      "gateLagMs": null,
      "deliveredOffsetMs": null
    },
    {
      "gateAtMs": 25460,
      "nextActionId": "toys-1",
      "status": "AGREED",
      "believedMaskOn": true,
      "observedMaskOn": true,
      "maskEvidence": "button-stroke:mask-on",
      "readCount": 1,
      "gateLagMs": null,
      "deliveredOffsetMs": null
    },
    {
      "gateAtMs": 35460,
      "nextActionId": "toys-1",
      "status": "AGREED",
      "believedMaskOn": true,
      "observedMaskOn": true,
      "maskEvidence": "button-stroke:mask-on",
      "readCount": 1,
      "gateLagMs": null,
      "deliveredOffsetMs": null
    },
    {
      "gateAtMs": 45460,
      "nextActionId": "toys-1",
      "status": "AGREED",
      "believedMaskOn": true,
      "observedMaskOn": true,
      "maskEvidence": "button-stroke:mask-on",
      "readCount": 1,
      "gateLagMs": null,
      "deliveredOffsetMs": null
    },
    {
      "gateAtMs": 55460,
      "nextActionId": "toys-1",
      "status": "AGREED",
      "believedMaskOn": true,
      "observedMaskOn": true,
      "maskEvidence": "button-stroke:mask-on",
      "readCount": 1,
      "gateLagMs": null,
      "deliveredOffsetMs": null
    },
    {
      "gateAtMs": 65460,
      "nextActionId": "toys-1",
      "status": "AGREED",
      "believedMaskOn": true,
      "observedMaskOn": true,
      "maskEvidence": "button-stroke:mask-on",
      "readCount": 1,
      "gateLagMs": null,
      "deliveredOffsetMs": null
    },
    {
      "gateAtMs": 75460,
      "nextActionId": "toys-1",
      "status": "AGREED",
      "believedMaskOn": true,
      "observedMaskOn": true,
      "maskEvidence": "button-stroke:mask-on",
      "readCount": 1,
      "gateLagMs": null,
      "deliveredOffsetMs": null
    },
    {
      "gateAtMs": 85460,
      "nextActionId": "toys-1",
      "status": "AGREED",
      "believedMaskOn": true,
      "observedMaskOn": true,
      "maskEvidence": "button-stroke:mask-on",
      "readCount": 1,
      "gateLagMs": null,
      "deliveredOffsetMs": null
    },
    {
      "gateAtMs": 95460,
      "nextActionId": "toys-1",
      "status": "AGREED",
      "believedMaskOn": true,
      "observedMaskOn": true,
      "maskEvidence": "button-stroke:mask-on",
      "readCount": 1,
      "gateLagMs": null,
      "deliveredOffsetMs": null
    },
    {
      "gateAtMs": 105460,
      "nextActionId": "toys-1",
      "status": "AGREED",
      "believedMaskOn": true,
      "observedMaskOn": true,
      "maskEvidence": "button-stroke:mask-on",
      "readCount": 1,
      "gateLagMs": null,
      "deliveredOffsetMs": null
    },
    {
      "gateAtMs": 115460,
      "nextActionId": "toys-1",
      "status": "AGREED",
      "believedMaskOn": true,
      "observedMaskOn": true,
      "maskEvidence": "button-stroke:mask-on",
      "readCount": 1,
      "gateLagMs": null,
      "deliveredOffsetMs": null
    },
    {
      "gateAtMs": 125460,
      "nextActionId": "toys-1",
      "status": "AGREED",
      "believedMaskOn": true,
      "observedMaskOn": true,
      "maskEvidence": "button-stroke:mask-on",
      "readCount": 1,
      "gateLagMs": null,
      "deliveredOffsetMs": null
    },
    {
      "gateAtMs": 135460,
      "nextActionId": "toys-1",
      "status": "AGREED",
      "believedMaskOn": true,
      "observedMaskOn": true,
      "maskEvidence": "button-stroke:mask-on",
      "readCount": 1,
      "gateLagMs": null,
      "deliveredOffsetMs": null
    },
    {
      "gateAtMs": 145460,
      "nextActionId": "toys-1",
      "status": "AGREED",
      "believedMaskOn": true,
      "observedMaskOn": true,
      "maskEvidence": "button-stroke:mask-on",
      "readCount": 1,
      "gateLagMs": null,
      "deliveredOffsetMs": null
    },
    {
      "gateAtMs": 155460,
      "nextActionId": "toys-1",
      "status": "UNKNOWN",
      "believedMaskOn": true,
      "observedMaskOn": null,
      "maskEvidence": "stroke-unavailable",
      "readCount": 2,
      "gateLagMs": null,
      "deliveredOffsetMs": null
    }
  ],
  "deliveredOffsetMs": null,
  "terminal": {
    "lastNightAt": 1789319027597,
    "terminalAt": 1789319029119,
    "terminalLabel": "state=static",
    "bracketMs": 1522,
    "attribution": "UNKNOWN"
  },
  "frameTrace": "tools/device/../../captures/frame-traces/night6-anchorede2-20260913T170041Z-761958189029646.tsv",
  "run": "artifacts/campaign-2026-09-13T17-00-55.250Z",
  "model": {
    "night": 6,
    "seeds": 100,
    "ventMaskTicks": 5,
    "rows": [
      {
        "epochMs": 0,
        "maskTicks": 5,
        "wins": 100,
        "armed": 100,
        "seeds": 100,
        "deaths": {}
      },
      {
        "epochMs": 16.67,
        "maskTicks": 5,
        "wins": 100,
        "armed": 100,
        "seeds": 100,
        "deaths": {}
      },
      {
        "epochMs": 33.33,
        "maskTicks": 5,
        "wins": 100,
        "armed": 100,
        "seeds": 100,
        "deaths": {}
      },
      {
        "epochMs": 50,
        "maskTicks": 5,
        "wins": 100,
        "armed": 100,
        "seeds": 100,
        "deaths": {}
      },
      {
        "epochMs": 66.67,
        "maskTicks": 5,
        "wins": 100,
        "armed": 100,
        "seeds": 100,
        "deaths": {}
      },
      {
        "epochMs": 83.33,
        "maskTicks": 5,
        "wins": 100,
        "armed": 100,
        "seeds": 100,
        "deaths": {}
      },
      {
        "epochMs": 100,
        "maskTicks": 5,
        "wins": 100,
        "armed": 100,
        "seeds": 100,
        "deaths": {}
      },
      {
        "epochMs": 116.67,
        "maskTicks": 5,
        "wins": 0,
        "armed": 0,
        "seeds": 100,
        "deaths": {
          "puppet": 100
        }
      },
      {
        "epochMs": 133.33,
        "maskTicks": 5,
        "wins": 0,
        "armed": 0,
        "seeds": 100,
        "deaths": {
          "puppet": 100
        }
      },
      {
        "epochMs": 150,
        "maskTicks": 5,
        "wins": 0,
        "armed": 0,
        "seeds": 100,
        "deaths": {
          "puppet": 100
        }
      },
      {
        "epochMs": 166.67,
        "maskTicks": 5,
        "wins": 100,
        "armed": 100,
        "seeds": 100,
        "deaths": {}
      },
      {
        "epochMs": 183.33,
        "maskTicks": 5,
        "wins": 100,
        "armed": 100,
        "seeds": 100,
        "deaths": {}
      },
      {
        "epochMs": 200,
        "maskTicks": 5,
        "wins": 100,
        "armed": 100,
        "seeds": 100,
        "deaths": {}
      },
      {
        "epochMs": 216.67,
        "maskTicks": 5,
        "wins": 100,
        "armed": 100,
        "seeds": 100,
        "deaths": {}
      },
      {
        "epochMs": 233.33,
        "maskTicks": 5,
        "wins": 100,
        "armed": 100,
        "seeds": 100,
        "deaths": {}
      },
      {
        "epochMs": 250,
        "maskTicks": 5,
        "wins": 100,
        "armed": 100,
        "seeds": 100,
        "deaths": {}
      },
      {
        "epochMs": 266.67,
        "maskTicks": 5,
        "wins": 100,
        "armed": 100,
        "seeds": 100,
        "deaths": {}
      },
      {
        "epochMs": 283.33,
        "maskTicks": 5,
        "wins": 100,
        "armed": 100,
        "seeds": 100,
        "deaths": {}
      },
      {
        "epochMs": 300,
        "maskTicks": 5,
        "wins": 100,
        "armed": 100,
        "seeds": 100,
        "deaths": {}
      },
      {
        "epochMs": 316.67,
        "maskTicks": 5,
        "wins": 0,
        "armed": 0,
        "seeds": 100,
        "deaths": {
          "puppet": 100
        }
      },
      {
        "epochMs": 333.33,
        "maskTicks": 5,
        "wins": 0,
        "armed": 0,
        "seeds": 100,
        "deaths": {
          "puppet": 100
        }
      },
      {
        "epochMs": 350,
        "maskTicks": 5,
        "wins": 0,
        "armed": 0,
        "seeds": 100,
        "deaths": {
          "puppet": 100
        }
      },
      {
        "epochMs": 366.67,
        "maskTicks": 4,
        "wins": 0,
        "armed": 100,
        "seeds": 100,
        "deaths": {
          "foxy": 86,
          "inside-office": 14
        }
      },
      {
        "epochMs": 383.33,
        "maskTicks": 4,
        "wins": 0,
        "armed": 100,
        "seeds": 100,
        "deaths": {
          "foxy": 86,
          "inside-office": 14
        }
      },
      {
        "epochMs": 400,
        "maskTicks": 4,
        "wins": 0,
        "armed": 100,
        "seeds": 100,
        "deaths": {
          "foxy": 86,
          "inside-office": 14
        }
      },
      {
        "epochMs": 416.67,
        "maskTicks": 4,
        "wins": 0,
        "armed": 100,
        "seeds": 100,
        "deaths": {
          "foxy": 86,
          "inside-office": 14
        }
      },
      {
        "epochMs": 433.33,
        "maskTicks": 4,
        "wins": 0,
        "armed": 100,
        "seeds": 100,
        "deaths": {
          "foxy": 86,
          "inside-office": 14
        }
      },
      {
        "epochMs": 450,
        "maskTicks": 4,
        "wins": 0,
        "armed": 100,
        "seeds": 100,
        "deaths": {
          "foxy": 86,
          "inside-office": 14
        }
      },
      {
        "epochMs": 466.67,
        "maskTicks": 4,
        "wins": 0,
        "armed": 100,
        "seeds": 100,
        "deaths": {
          "foxy": 83,
          "inside-office": 17
        }
      },
      {
        "epochMs": 483.33,
        "maskTicks": 4,
        "wins": 0,
        "armed": 100,
        "seeds": 100,
        "deaths": {
          "inside-office": 2,
          "foxy": 98
        }
      },
      {
        "epochMs": 500,
        "maskTicks": 4,
        "wins": 0,
        "armed": 100,
        "seeds": 100,
        "deaths": {
          "foxy": 98,
          "inside-office": 2
        }
      },
      {
        "epochMs": 516.67,
        "maskTicks": 4,
        "wins": 0,
        "armed": 0,
        "seeds": 100,
        "deaths": {
          "puppet": 100
        }
      },
      {
        "epochMs": 533.33,
        "maskTicks": 4,
        "wins": 0,
        "armed": 0,
        "seeds": 100,
        "deaths": {
          "puppet": 100
        }
      },
      {
        "epochMs": 550,
        "maskTicks": 4,
        "wins": 0,
        "armed": 0,
        "seeds": 100,
        "deaths": {
          "puppet": 100
        }
      },
      {
        "epochMs": 566.67,
        "maskTicks": 4,
        "wins": 0,
        "armed": 100,
        "seeds": 100,
        "deaths": {
          "foxy": 98,
          "inside-office": 2
        }
      },
      {
        "epochMs": 583.33,
        "maskTicks": 4,
        "wins": 0,
        "armed": 100,
        "seeds": 100,
        "deaths": {
          "foxy": 98,
          "inside-office": 2
        }
      },
      {
        "epochMs": 600,
        "maskTicks": 4,
        "wins": 0,
        "armed": 100,
        "seeds": 100,
        "deaths": {
          "foxy": 98,
          "inside-office": 2
        }
      },
      {
        "epochMs": 616.67,
        "maskTicks": 4,
        "wins": 0,
        "armed": 100,
        "seeds": 100,
        "deaths": {
          "foxy": 98,
          "inside-office": 2
        }
      },
      {
        "epochMs": 633.33,
        "maskTicks": 4,
        "wins": 0,
        "armed": 100,
        "seeds": 100,
        "deaths": {
          "foxy": 98,
          "inside-office": 2
        }
      },
      {
        "epochMs": 650,
        "maskTicks": 4,
        "wins": 0,
        "armed": 100,
        "seeds": 100,
        "deaths": {
          "foxy": 98,
          "inside-office": 2
        }
      },
      {
        "epochMs": 666.67,
        "maskTicks": 4,
        "wins": 0,
        "armed": 100,
        "seeds": 100,
        "deaths": {
          "foxy": 96,
          "inside-office": 4
        }
      },
      {
        "epochMs": 683.33,
        "maskTicks": 4,
        "wins": 0,
        "armed": 100,
        "seeds": 100,
        "deaths": {
          "foxy": 96,
          "inside-office": 4
        }
      },
      {
        "epochMs": 700,
        "maskTicks": 4,
        "wins": 0,
        "armed": 100,
        "seeds": 100,
        "deaths": {
          "foxy": 95,
          "inside-office": 5
        }
      },
      {
        "epochMs": 716.67,
        "maskTicks": 4,
        "wins": 0,
        "armed": 0,
        "seeds": 100,
        "deaths": {
          "puppet": 100
        }
      },
      {
        "epochMs": 733.33,
        "maskTicks": 4,
        "wins": 0,
        "armed": 0,
        "seeds": 100,
        "deaths": {
          "puppet": 100
        }
      },
      {
        "epochMs": 750,
        "maskTicks": 4,
        "wins": 0,
        "armed": 0,
        "seeds": 100,
        "deaths": {
          "puppet": 100
        }
      },
      {
        "epochMs": 766.67,
        "maskTicks": 4,
        "wins": 0,
        "armed": 100,
        "seeds": 100,
        "deaths": {
          "foxy": 99,
          "inside-office": 1
        }
      },
      {
        "epochMs": 783.33,
        "maskTicks": 4,
        "wins": 0,
        "armed": 100,
        "seeds": 100,
        "deaths": {
          "foxy": 99,
          "inside-office": 1
        }
      },
      {
        "epochMs": 800,
        "maskTicks": 5,
        "wins": 0,
        "armed": 100,
        "seeds": 100,
        "deaths": {
          "foxy": 100
        }
      },
      {
        "epochMs": 816.67,
        "maskTicks": 5,
        "wins": 0,
        "armed": 100,
        "seeds": 100,
        "deaths": {
          "foxy": 100
        }
      },
      {
        "epochMs": 833.33,
        "maskTicks": 5,
        "wins": 0,
        "armed": 100,
        "seeds": 100,
        "deaths": {
          "foxy": 100
        }
      },
      {
        "epochMs": 850,
        "maskTicks": 5,
        "wins": 0,
        "armed": 100,
        "seeds": 100,
        "deaths": {
          "foxy": 100
        }
      },
      {
        "epochMs": 866.67,
        "maskTicks": 5,
        "wins": 0,
        "armed": 100,
        "seeds": 100,
        "deaths": {
          "foxy": 100
        }
      },
      {
        "epochMs": 883.33,
        "maskTicks": 5,
        "wins": 0,
        "armed": 100,
        "seeds": 100,
        "deaths": {
          "foxy": 100
        }
      },
      {
        "epochMs": 900,
        "maskTicks": 5,
        "wins": 0,
        "armed": 100,
        "seeds": 100,
        "deaths": {
          "foxy": 100
        }
      },
      {
        "epochMs": 916.67,
        "maskTicks": 5,
        "wins": 0,
        "armed": 0,
        "seeds": 100,
        "deaths": {
          "puppet": 100
        }
      },
      {
        "epochMs": 933.33,
        "maskTicks": 5,
        "wins": 0,
        "armed": 0,
        "seeds": 100,
        "deaths": {
          "puppet": 100
        }
      },
      {
        "epochMs": 950,
        "maskTicks": 5,
        "wins": 0,
        "armed": 0,
        "seeds": 100,
        "deaths": {
          "puppet": 100
        }
      },
      {
        "epochMs": 966.67,
        "maskTicks": 5,
        "wins": 0,
        "armed": 100,
        "seeds": 100,
        "deaths": {
          "foxy": 100
        }
      },
      {
        "epochMs": 983.33,
        "maskTicks": 5,
        "wins": 0,
        "armed": 100,
        "seeds": 100,
        "deaths": {
          "foxy": 100
        }
      }
    ],
    "lossBands": [
      {
        "fromMs": 116.67,
        "maskTicks": 5,
        "toMs": 166.67
      },
      {
        "fromMs": 316.67,
        "maskTicks": 5,
        "toMs": 1000
      }
    ],
    "uncontrolledPhase": {
      "night": 6,
      "runs": 3000,
      "wins": 791,
      "armed": 2248,
      "deaths": {
        "foxy": 1386,
        "puppet": 752,
        "inside-office": 71
      },
      "note": "epoch drawn uniformly over one game second; the gate scores epoch 0 only"
    }
  },
  "deliveredBand": {
    "epochMs": 813.978759765625,
    "uncertaintyMs": 64.4719808101654,
    "band": {
      "fromMs": 316.67,
      "maskTicks": 5,
      "toMs": 1000
    },
    "verdict": "IN A LOSS BAND",
    "edgeMs": 186.021240234375,
    "conclusive": true
  }
}
[ 3/13  23%] delivered phase vs the model band took 28s (pipeline 153s)

[ 4/13  30%] --- native-frame state coverage for the actuation ---
ACTUATION_METRIC trace=night6-anchorede2-20260913T170041Z-761958189029646.tsv scope=full-trace frames=10340 monitor_unknown_frame_pct=62.195 mask_unknown_frame_pct=62.195 state_basis=native-strokes unknown_frames=6431/10340 unknown_frame_pct=62.195
[ 4/13  30%] native-frame state coverage for the actuation took 0s (pipeline 153s)

[ 5/13  38%] --- scheduled contacts against frame stalls ---
frames 10340 over 177.4 s; interval p50 16.73 ms, p99 29.5 ms, max 1334.4 ms, 76 over 33 ms
clock: 15 gate reads bracket the helper clock by 177.6 ms; 3 landed effects anchor the schedule and, under an actuation latency of 30-110 ms (stated, unmeasured), narrow it to 80.0 ms. Smallest landed-effect latency: 162 ms at the early end, 109 ms at the late end. A finding below holds at BOTH ends or is AMBIGUOUS.
contacts: 297 scheduled, 114 inside the trace; AMBIGUOUS 24, UNGRADED 34, LANDED 39, LIT 9, DARK 6, UNREADABLE 2, OUTSIDE_TRACE 183
contacts covered by a stall, arrived with their button absent, without their effect, or ambiguous across the bracket:
  opening-1@0 monitor 33 ms  max interval 24.6 ms  AMBIGUOUS  [early: UNREADABLE pre=unreadable | late: LANDED+110ms pre=office]
  opening-4@883 monitor 33 ms  max interval 19.1 ms  AMBIGUOUS  [early: UNREADABLE pre=unreadable | late: LANDED+455ms pre=monitor-up]
  opening-5@1616 monitor 33 ms  max interval 22.7 ms  AMBIGUOUS  [early: UNREADABLE pre=unreadable | late: LANDED+109ms pre=office]
  opening-9@4482 mask 33 ms  max interval 18.3 ms  AMBIGUOUS  [early: UNREADABLE pre=unreadable | late: LANDED+111ms absent pre=monitor-up]
  toys-1@9460 mask 200 ms  max interval 21.5 ms  AMBIGUOUS  [early: UNREADABLE pre=unreadable | late: LANDED+332ms pre=mask-on]
  toys-7@14249 mask 200 ms  max interval 28.9 ms  LANDED  [early: LANDED+195ms pre=office | late: LANDED+275ms absent pre=monitor-up]
  toys-7@24249 mask 200 ms  max interval 20.8 ms  AMBIGUOUS  [early: UNREADABLE pre=unreadable | late: LANDED+278ms absent pre=monitor-up]
  toys-1@29460 mask 200 ms  max interval 21.4 ms  AMBIGUOUS  [early: UNREADABLE pre=unreadable | late: LANDED+316ms pre=mask-on]
  toys-7@34249 mask 200 ms  max interval 26.7 ms  AMBIGUOUS  [early: UNREADABLE pre=unreadable | late: LANDED+225ms absent pre=monitor-up]
  toys-7@44249 mask 200 ms  max interval 33.7 ms  LANDED  [early: LANDED+162ms pre=office | late: LANDED+242ms absent pre=monitor-up]
  toys-3@50100 monitor 200 ms  max interval 25.2 ms  AMBIGUOUS  [early: UNREADABLE pre=unreadable | late: LANDED+312ms pre=office]
  toys-7@54249 mask 200 ms  max interval 25.1 ms  AMBIGUOUS  [early: UNREADABLE pre=unreadable | late: LANDED+268ms absent pre=monitor-up]
  toys-1@59460 mask 200 ms  max interval 19.3 ms  AMBIGUOUS  [early: UNREADABLE pre=unreadable | late: LANDED+316ms pre=mask-on]
  toys-7@64249 mask 200 ms  max interval 18.8 ms  AMBIGUOUS  [early: UNREADABLE pre=unreadable | late: LANDED+260ms absent pre=monitor-up]
  toys-3@70100 monitor 200 ms  max interval 24.2 ms  AMBIGUOUS  [early: UNREADABLE pre=unreadable | late: LANDED+291ms pre=office]
  toys-6@73800 monitor 200 ms  max interval 39 ms  AMBIGUOUS  [early: UNREADABLE pre=unreadable | late: LANDED+443ms pre=monitor-up]
  toys-7@74249 mask 200 ms  max interval 34.2 ms  AMBIGUOUS  [early: UNREADABLE pre=unreadable | late: LANDED+276ms pre=office]
  toys-2@80060 hallLight 33 ms  max interval 33.5 ms  DARK  [early: HALL pre=office | late: HALL covered pre=office]
  toys-3@80100 monitor 200 ms  max interval 33.5 ms  AMBIGUOUS  [early: UNREADABLE pre=unreadable | late: LANDED+290ms pre=office]
  toys-7@84249 mask 200 ms  max interval 20 ms  AMBIGUOUS  [early: UNREADABLE pre=unreadable | late: LANDED+275ms absent pre=monitor-up]
  toys-7@94249 mask 200 ms  max interval 24.2 ms  AMBIGUOUS  [early: UNREADABLE pre=unreadable | late: LANDED+298ms absent pre=monitor-up]
  toys-7@104249 mask 200 ms  max interval 26.1 ms  AMBIGUOUS  [early: UNREADABLE pre=unreadable | late: LANDED+278ms absent pre=monitor-up]
  toys-3@110100 monitor 200 ms  max interval 19 ms  AMBIGUOUS  [early: UNREADABLE pre=unreadable | late: LANDED+308ms pre=office]
  toys-7@114249 mask 200 ms  max interval 22 ms  AMBIGUOUS  [early: UNREADABLE pre=unreadable | late: LANDED+296ms absent pre=monitor-up]
  toys-7@124249 mask 200 ms  max interval 22 ms  LANDED  [early: LANDED+198ms pre=office | late: LANDED+278ms absent pre=monitor-up]
  toys-6@133800 monitor 200 ms  max interval 26.7 ms  AMBIGUOUS  [early: UNREADABLE pre=unreadable | late: LANDED+462ms pre=monitor-up]
  toys-7@134249 mask 200 ms  max interval 21.8 ms  AMBIGUOUS  [early: UNREADABLE pre=unreadable | late: LANDED+278ms absent pre=monitor-up]
  toys-7@144249 mask 200 ms  max interval 21.3 ms  LANDED  [early: LANDED+196ms pre=office | late: LANDED+276ms absent pre=monitor-up]
  toys-3@150100 monitor 200 ms  max interval 19.9 ms  AMBIGUOUS  [early: UNREADABLE pre=unreadable | late: MISSING pre=office]
hall flashes (grid cells over PixelWatch FOXY_HALL, read on office frames only): lit 9, DARK 6, unreadable 0, ambiguous 0 -- dark is an upper bound on refused flashes (the light stays on during hall movement, which renders dark); the engine refuses a flash inside the mask-off animation
  dark at toys-2@60060 toys-2@70060 toys-2@80060 toys-2@100060 toys-2@130060 toys-2@150060
exposure of a contact to this trace's stalls (clock-free), priced over the 89 taps the plan schedules per night:
  contact   exposure   expected lost/night   P(zero lost)
     33 ms    1.153%       1.03               36%
     50 ms    0.819%       0.73               48%
     67 ms    0.727%       0.65               52%
    100 ms    0.696%       0.62               54%
actuation latency (getevent kernel press edge -> first effect frame, both on the device clock; getevent clock read as monotonic: 65 of 116 edges matched with an effect; 0 under boottime):
  monitor-up    press->effect n=2 min 104 median 115 max 115 ms | release->effect median 67 ms
  monitor-down  press->effect n=15 min 579 median 611 max 649 ms | release->effect median 260 ms
  mask-on       press->effect n=15 min 106 median 262 max 283 ms | release->effect median 62 ms
  mask-off      press->effect n=15 min 302 median 322 max 337 ms | release->effect median 121 ms
  hall-lit      press->effect n=18 min 11 median 62 max 107 ms | release->effect median 19 ms
verdict: HALL_DARK
signature transitions per plan iteration, ms from the iteration base (loop rows run +9460..), clock at the bracket midpoint (+-40 ms):
  opening   null@+33 monitor-up@+70 null@+234 monitor-up@+270 null@+365 monitor-up@+402 null@+630 monitor-up@+650 null@+667 monitor-up@+681 null@+734 monitor-up@+767 null@+782 monitor-up@+797 null@+849 monitor-up@+868 null@+887 monitor-up@+953 office@+1298 null@+1650 monitor-up@+1685 null@+1854 monitor-up@+1870 null@+4117 monitor-up@+4303 office@+4449 null@+4520 mask-on@+4553
  cycle 0   null@+9499 mask-on@+9702 office@+9752 null@+10151 monitor-up@+10319 null@+10332 monitor-up@+10348 null@+13856 monitor-up@+14038 office@+14241 null@+14298 mask-on@+14484
  cycle 1   null@+9516 mask-on@+9702 office@+9748 null@+10149 monitor-up@+10358 null@+13858 monitor-up@+14038 office@+14234 null@+14281 mask-on@+14487
  cycle 2   null@+9488 mask-on@+9665 office@+9736 null@+10140 monitor-up@+10338 null@+10355 monitor-up@+10373 null@+13861 monitor-up@+14043 office@+14237 null@+14287 mask-on@+14434
  cycle 3   null@+9518 mask-on@+9703 office@+9766 null@+10199 monitor-up@+10350 null@+10491 monitor-up@+10506 null@+13875 monitor-up@+14037 office@+14237 null@+14303 mask-on@+14451
  cycle 4   null@+9516 mask-on@+9700 office@+9749 null@+10133 monitor-up@+10372 null@+13857 monitor-up@+14035 office@+14233 null@+14251 mask-on@+14477
  cycle 5   null@+9484 mask-on@+9669 office@+9736 null@+10161 monitor-up@+10333 null@+10351 monitor-up@+10382 null@+13890 monitor-up@+14021 office@+14219 null@+14269 mask-on@+14469
  cycle 6   null@+9518 mask-on@+9702 office@+9769 null@+10132 monitor-up@+10351 null@+13839 monitor-up@+14019 office@+14203 null@+14284 mask-on@+14485
  cycle 7   null@+9518 mask-on@+9702 office@+9770 null@+10119 monitor-up@+10350 null@+10367 monitor-up@+10387 null@+13872 monitor-up@+14034 office@+14238 null@+14288 mask-on@+14484
  cycle 8   null@+9501 mask-on@+9687 office@+9751 null@+10152 monitor-up@+10369 null@+13863 monitor-up@+14038 office@+14235 null@+14287 mask-on@+14507
  cycle 9   null@+9518 mask-on@+9704 office@+9757 null@+10164 monitor-up@+10371 null@+13865 monitor-up@+14000 office@+14218 null@+14286 mask-on@+14487
  cycle 10  null@+9522 mask-on@+9707 office@+9770 null@+10139 monitor-up@+10368 null@+13880 monitor-up@+14036 office@+14235 null@+14287 mask-on@+14505
  cycle 11  null@+9522 mask-on@+9687 office@+9768 null@+10156 monitor-up@+10395 null@+13889 monitor-up@+14035 office@+14237 null@+14313 mask-on@+14487
  cycle 12  null@+9516 mask-on@+9703 office@+9769 null@+10153 monitor-up@+10354 null@+13837 monitor-up@+14038 office@+14222 null@+14289 mask-on@+14487
  cycle 13  null@+9518 mask-on@+9703 office@+9772 null@+10149 monitor-up@+10357 null@+13852 monitor-up@+14038 office@+14240 null@+14313 mask-on@+14485
  cycle 14  null@+9520 mask-on@+9674 office@+9738 null@+10070
  ^ a result about the run, not an instrument failure
[ 5/13  38%] scheduled contacts against frame stalls took 0s (pipeline 153s)

--- input dispatch aligned to presented frames ---
  a frame trace is present but no Perfetto input trace is: dispatch
  cannot be aligned to frames. Run atrace-input.sh around the command.

--- elegance (inputs sent vs needed) ---
  no driver log for night6-anchorede2-20260913T170041Z; nothing to count. Runs before 2026-08-26 have none.

--- Balloon Boy's vent bang ---
  no raw audio kept for night6-anchorede2-20260913T170041Z; scan-night requires a receiver PCM capture.
  external authority facts are also absent; run with CUE_AUDIO=1 AUDIO_AUTHORITY_SOCKET=PATH.

==============================================================
VERDICT: every instrument passed for night6-anchorede2-20260913T170041Z
==============================================================
