==============================================================
run: night7-j11-aim2515-tf-20260913T235640Z
==============================================================
capture: night7-j11-aim2515-tf-20260913T235640Z.mp4
hid trace: MISSING (run with HID_TRACE_RUN=1)
input trace: none (run atrace-input.sh around the command)
SurfaceFlinger latency: none (set SF_LAYER for capture)
cue trace: none (run with CUE_HELPER=1)
legacy night PCM: none (receiver owns live audio)
audio facts: none (run with external authority socket)
session manifest: none (unmanifested run)
campaign bundle: artifacts/campaign-2026-09-13T23-56-56.852Z
frame trace: night7-j11-aim2515-tf-20260913T235640Z-786571785938652.tsv
capture rate: 47 fps (ffprobe 7726000/162751)
  using measured 47 fps for timing-sensitive graders (nominal 60)

--- session manifest (v1 provenance contract) ---
  no night7-j11-aim2515-tf-20260913T235640Z-session.json: this run is unmanifested, so nothing below can
  name its game build, model hashes, clock alignment or win evidence.
  Nothing was validated.
  Run under tools/device/trial.sh, which emits one.

--- input dispatch / frame landing (Perfetto) ---
  no input trace kept for night7-j11-aim2515-tf-20260913T235640Z; rendered video cannot establish dispatch.

--- clock transitions (HUD first frame, 1 AM) ---
clocktrace: HUD first=35681ms; 1 AM was not found

[ 1/13   7%] --- video instruments over one shared decode (survival, cameras, light, keyframes, box, intervals, timeline) ---
           ... video instruments over one shared decode (survival, cameras, light, keyframes, box, intervals, timeline) still running (20s)
--- survival (the only number that is a run length) ---
tools/device/../../captures/night7-j11-aim2515-tf-20260913T235640Z.mp4: 326 frames at 4.0 fps
  night HUD appears at 35.8s
  HUD gone for good from 56.2s: death static (temporal: 20 frames, 5.0s, mean 35, tdiff 37)
  ALIVE for 20.5s
[decode-once] survival (the only number that is a run length): exit 0, 19s, ok
--- camera selections ---
tools/device/../../captures/night7-j11-aim2515-tf-20260913T235640Z.mp4: selected-camera trace at 47 fps
  cam 07   38.51s ->  38.62s  (0.11s)
  cam 11   38.68s ->  39.13s  (0.45s)
  cam 11   40.17s ->  40.60s  (0.43s)
  cam 11   46.15s ->  49.55s  (3.40s)
summary: 0 complete 10-04-07-11 sweeps, 0 incomplete sweep starts
[decode-once] camera selections: exit 0, 19s, ok
--- camera light actually flashing ---
tools/device/../../captures/night7-j11-aim2515-tf-20260913T235640Z.mp4: signature sweepcheck-signature.json  (sweep lit iff >=2/3 cams)
  sweep  1: cam10=dark  cam04=dark  cam07=dark   -> DARK
summary: 0/1 sweeps lit (>=2 of 3 cameras)
[decode-once] camera light actually flashing: exit 3, 36s, a result about the run, not an instrument failure
--- keyframes (what the run contained) ---
tools/device/../../captures/night7-j11-aim2515-tf-20260913T235640Z.mp4: 163 frames at 2.0 fps, 12 kept
  timestamps: 0.0s 3.0s 4.0s 17.0s 20.0s 30.5s 38.0s 38.5s 39.0s 40.0s 46.0s 47.0s
  sheet: tools/device/../../captures/night7-j11-aim2515-tf-20260913T235640Z-keyframes.png
[decode-once] keyframes (what the run contained): exit 0, 36s, ok
--- music box ---
tools/device/../../captures/night7-j11-aim2515-tf-20260913T235640Z.mp4: 81.42s sampled at 12 fps
  cam11  40.33s ->  40.50s   75.6% ->  75.6%  (range  75.6- 75.6%)
  cam11  46.33s ->  49.33s   29.0% ->  80.7%  (range  29.0- 80.7%)
  cam11  61.33s ->  61.42s   10.4% ->  10.4%  (range  10.4- 10.4%)
[decode-once] music box: exit 0, 19s, ok
--- office / mask / camera intervals ---
tools/device/../../captures/night7-j11-aim2515-tf-20260913T235640Z.mp4: 81.42s sampled at 12 fps
  camera   0.58s ->   4.25s  (3.67s)
  camera  15.83s ->  25.75s  (9.92s)
  office  35.67s ->  38.25s  (2.58s)
  camera  38.50s ->  39.25s  (0.75s)
  office  39.50s ->  39.83s  (0.33s)
  camera  40.08s ->  40.58s  (0.50s)
  mask    41.33s ->  45.00s  (3.67s)  <-- latched mask
  office  45.17s ->  45.83s  (0.67s)
  camera  46.08s ->  49.58s  (3.50s)
  mask    50.25s ->  55.00s  (4.75s)  <-- latched mask
  office  55.25s ->  55.67s  (0.42s)
  camera  56.00s ->  61.42s  (5.42s)
  camera  65.08s ->  68.00s  (2.92s)
  camera  78.58s ->  81.42s  (2.83s)
summary: 8 camera intervals, 0 visible hall flashes, 2 latched-mask intervals
note: visible hall flashes are only a rendering lower bound; the sourced movement blackout can hide logically accepted Foxy flashes
[decode-once] office / mask / camera intervals: exit 0, 19s, ok
--- run timeline and terminal outcome ---
tools/device/../../captures/night7-j11-aim2515-tf-20260913T235640Z.mp4: 163 frames at 2.0 fps, 640x288
      0.0s ->     5.0s  (   5.0s)  other
      5.0s ->     9.5s  (   4.5s)  camera
      9.5s ->    12.0s  (   2.5s)  unknown
     12.0s ->    15.0s  (   3.0s)  camera
     15.0s ->    28.0s  (  13.0s)  other
     28.0s ->    31.0s  (   3.0s)  camera
     31.0s ->    33.5s  (   2.5s)  intro
     33.5s ->    35.5s  (   2.0s)  dark
     35.5s ->    41.5s  (   6.0s)  office
     41.5s ->    46.0s  (   4.5s)  mask
     46.0s ->    50.0s  (   4.0s)  camera
     50.0s ->    56.0s  (   6.0s)  mask
     56.0s ->    62.0s  (   6.0s)  other
     62.0s ->    65.0s  (   3.0s)  unknown
     65.0s ->    68.5s  (   3.5s)  other
     68.5s ->    73.0s  (   4.5s)  camera
     73.0s ->    75.5s  (   2.5s)  unknown
     75.5s ->    78.0s  (   2.5s)  camera
     78.0s ->    81.5s  (   3.5s)  other

  TERMINAL: unknown
  nothing terminal was captured; the recording may stop before the end of the night
[decode-once] run timeline and terminal outcome: exit 0, 36s, ok
[decode-once] 2 shared decode(s) for 7 instruments: 7 branches in 16.3s (exit 0), 3 branches in 15.1s (exit 0)
[ 1/13   7%] video instruments over one shared decode (survival, cameras, light, keyframes, box, intervals, timeline) took 37s (pipeline 47s)

[ 2/13  15%] --- campaign bundle (executor-owned facts) ---
--- modern campaign bundle (executor-owned facts) ---
  night reached               yes
  arm mode                    observe-once
  arm                         UNRESOLVED (non-fatal) on attempt 1 (0 retries, 1 samples)
  arm verified at             UNKNOWN
  parked prefix (plan)        UNKNOWN
  PHASE LAG (suffix shift)    none -- observe-once never parks the stream
  cycle gates                 2 (2 agreed, 0 corrected, 0 aborted)
  gate lag                    UNKNOWN
  delivered offset            UNKNOWN
  corrections landed          0 confirmed, 0 unconfirmed, 0 unread, 0 never read back
  press acceptance            3 graded -- 2 UNKNOWN, 1 PASS
  stop reason                 campaign-abort (device: lifecycle left night state (static))
[ 2/13  15%] campaign bundle (executor-owned facts) took 0s (pipeline 47s)

[ 3/13  23%] --- delivered phase vs the model band ---
           ... delivered phase vs the model band still running (20s)
{
  "schema": "device-phase-reconstruction-v1",
  "origin": {
    "kind": "lifecycle-classification",
    "nightGoAt": 1789343838837,
    "releasedAt": 1789343838840,
    "errorVersusFirstNightFrameMs": -2451.4443359375,
    "measured": {
      "basis": "cue-helper-native-frame-trace",
      "firstNightFrameAt": 1789343836385.5557,
      "errorMs": -2451.4443359375,
      "deliveredEpochMs": 451.4443359375,
      "uncertaintyMs": 31.479308009147644,
      "frameResolutionMs": 31.479308009147644,
      "clockUncertaintyMs": 0,
      "clockSpreadMs": 8.929931640625,
      "clockSamples": 2,
      "priorFrameIdentity": 0
    },
    "bracketedByMs": 1846,
    "priorSampleLabel": "unknown=dark-frame-no-text",
    "observationCadenceMs": {
      "min": 127,
      "p50": 1184,
      "max": 13956
    }
  },
  "plannedPhaseOffsetMs": 0,
  "actionCount": 301,
  "arm": null,
  "cycles": [
    {
      "gateAtMs": 3348,
      "nextActionId": "toys-1",
      "status": "AGREED",
      "believedMaskOn": true,
      "observedMaskOn": true,
      "maskEvidence": "button-stroke:mask-on",
      "readCount": 1,
      "gateLagMs": null,
      "deliveredOffsetMs": null
    },
    {
      "gateAtMs": 12760,
      "nextActionId": "toys-1",
      "status": "AGREED",
      "believedMaskOn": true,
      "observedMaskOn": true,
      "maskEvidence": "button-stroke:mask-on",
      "readCount": 1,
      "gateLagMs": null,
      "deliveredOffsetMs": null
    }
  ],
  "deliveredOffsetMs": null,
  "terminal": {
    "lastNightAt": 1789343855406,
    "terminalAt": 1789343856858,
    "terminalLabel": "unknown=no-signature-matched",
    "bracketMs": 1452,
    "attribution": "UNKNOWN"
  },
  "frameTrace": "tools/device/../../captures/frame-traces/night7-j11-aim2515-tf-20260913T235640Z-786571785938652.tsv",
  "run": "artifacts/campaign-2026-09-13T23-56-56.852Z",
  "model": {
    "night": 7,
    "seeds": 100,
    "ventMaskTicks": 5,
    "rows": [
      {
        "epochMs": 0,
        "maskTicks": 5,
        "wins": 100,
        "armed": 100,
        "seeds": 100,
        "deaths": {}
      },
      {
        "epochMs": 16.67,
        "maskTicks": 5,
        "wins": 100,
        "armed": 100,
        "seeds": 100,
        "deaths": {}
      },
      {
        "epochMs": 33.33,
        "maskTicks": 5,
        "wins": 100,
        "armed": 100,
        "seeds": 100,
        "deaths": {}
      },
      {
        "epochMs": 50,
        "maskTicks": 5,
        "wins": 100,
        "armed": 100,
        "seeds": 100,
        "deaths": {}
      },
      {
        "epochMs": 66.67,
        "maskTicks": 5,
        "wins": 100,
        "armed": 100,
        "seeds": 100,
        "deaths": {}
      },
      {
        "epochMs": 83.33,
        "maskTicks": 5,
        "wins": 100,
        "armed": 100,
        "seeds": 100,
        "deaths": {}
      },
      {
        "epochMs": 100,
        "maskTicks": 5,
        "wins": 100,
        "armed": 100,
        "seeds": 100,
        "deaths": {}
      },
      {
        "epochMs": 116.67,
        "maskTicks": 5,
        "wins": 0,
        "armed": 0,
        "seeds": 100,
        "deaths": {
          "puppet": 81,
          "inside-office": 19
        }
      },
      {
        "epochMs": 133.33,
        "maskTicks": 5,
        "wins": 0,
        "armed": 0,
        "seeds": 100,
        "deaths": {
          "puppet": 81,
          "inside-office": 19
        }
      },
      {
        "epochMs": 150,
        "maskTicks": 5,
        "wins": 0,
        "armed": 0,
        "seeds": 100,
        "deaths": {
          "puppet": 81,
          "inside-office": 19
        }
      },
      {
        "epochMs": 166.67,
        "maskTicks": 5,
        "wins": 100,
        "armed": 100,
        "seeds": 100,
        "deaths": {}
      },
      {
        "epochMs": 183.33,
        "maskTicks": 5,
        "wins": 100,
        "armed": 100,
        "seeds": 100,
        "deaths": {}
      },
      {
        "epochMs": 200,
        "maskTicks": 5,
        "wins": 100,
        "armed": 100,
        "seeds": 100,
        "deaths": {}
      },
      {
        "epochMs": 216.67,
        "maskTicks": 5,
        "wins": 100,
        "armed": 100,
        "seeds": 100,
        "deaths": {}
      },
      {
        "epochMs": 233.33,
        "maskTicks": 5,
        "wins": 100,
        "armed": 100,
        "seeds": 100,
        "deaths": {}
      },
      {
        "epochMs": 250,
        "maskTicks": 5,
        "wins": 100,
        "armed": 100,
        "seeds": 100,
        "deaths": {}
      },
      {
        "epochMs": 266.67,
        "maskTicks": 5,
        "wins": 100,
        "armed": 100,
        "seeds": 100,
        "deaths": {}
      },
      {
        "epochMs": 283.33,
        "maskTicks": 5,
        "wins": 100,
        "armed": 100,
        "seeds": 100,
        "deaths": {}
      },
      {
        "epochMs": 300,
        "maskTicks": 5,
        "wins": 100,
        "armed": 100,
        "seeds": 100,
        "deaths": {}
      },
      {
        "epochMs": 316.67,
        "maskTicks": 5,
        "wins": 0,
        "armed": 0,
        "seeds": 100,
        "deaths": {
          "puppet": 82,
          "inside-office": 18
        }
      },
      {
        "epochMs": 333.33,
        "maskTicks": 5,
        "wins": 0,
        "armed": 0,
        "seeds": 100,
        "deaths": {
          "puppet": 82,
          "inside-office": 18
        }
      },
      {
        "epochMs": 350,
        "maskTicks": 5,
        "wins": 0,
        "armed": 0,
        "seeds": 100,
        "deaths": {
          "puppet": 82,
          "inside-office": 18
        }
      },
      {
        "epochMs": 366.67,
        "maskTicks": 4,
        "wins": 0,
        "armed": 100,
        "seeds": 100,
        "deaths": {
          "foxy": 86,
          "inside-office": 14
        }
      },
      {
        "epochMs": 383.33,
        "maskTicks": 4,
        "wins": 0,
        "armed": 100,
        "seeds": 100,
        "deaths": {
          "foxy": 86,
          "inside-office": 14
        }
      },
      {
        "epochMs": 400,
        "maskTicks": 4,
        "wins": 0,
        "armed": 100,
        "seeds": 100,
        "deaths": {
          "foxy": 86,
          "inside-office": 14
        }
      },
      {
        "epochMs": 416.67,
        "maskTicks": 4,
        "wins": 0,
        "armed": 100,
        "seeds": 100,
        "deaths": {
          "foxy": 86,
          "inside-office": 14
        }
      },
      {
        "epochMs": 433.33,
        "maskTicks": 4,
        "wins": 0,
        "armed": 100,
        "seeds": 100,
        "deaths": {
          "foxy": 86,
          "inside-office": 14
        }
      },
      {
        "epochMs": 450,
        "maskTicks": 4,
        "wins": 0,
        "armed": 100,
        "seeds": 100,
        "deaths": {
          "foxy": 85,
          "inside-office": 15
        }
      },
      {
        "epochMs": 466.67,
        "maskTicks": 4,
        "wins": 0,
        "armed": 100,
        "seeds": 100,
        "deaths": {
          "inside-office": 20,
          "foxy": 80
        }
      },
      {
        "epochMs": 483.33,
        "maskTicks": 4,
        "wins": 0,
        "armed": 100,
        "seeds": 100,
        "deaths": {
          "foxy": 100
        }
      },
      {
        "epochMs": 500,
        "maskTicks": 4,
        "wins": 0,
        "armed": 100,
        "seeds": 100,
        "deaths": {
          "foxy": 100
        }
      },
      {
        "epochMs": 516.67,
        "maskTicks": 4,
        "wins": 0,
        "armed": 0,
        "seeds": 100,
        "deaths": {
          "foxy": 100
        }
      },
      {
        "epochMs": 533.33,
        "maskTicks": 4,
        "wins": 0,
        "armed": 0,
        "seeds": 100,
        "deaths": {
          "foxy": 100
        }
      },
      {
        "epochMs": 550,
        "maskTicks": 4,
        "wins": 0,
        "armed": 0,
        "seeds": 100,
        "deaths": {
          "foxy": 100
        }
      },
      {
        "epochMs": 566.67,
        "maskTicks": 4,
        "wins": 0,
        "armed": 100,
        "seeds": 100,
        "deaths": {
          "foxy": 100
        }
      },
      {
        "epochMs": 583.33,
        "maskTicks": 4,
        "wins": 0,
        "armed": 100,
        "seeds": 100,
        "deaths": {
          "foxy": 100
        }
      },
      {
        "epochMs": 600,
        "maskTicks": 4,
        "wins": 0,
        "armed": 100,
        "seeds": 100,
        "deaths": {
          "foxy": 100
        }
      },
      {
        "epochMs": 616.67,
        "maskTicks": 4,
        "wins": 0,
        "armed": 100,
        "seeds": 100,
        "deaths": {
          "foxy": 100
        }
      },
      {
        "epochMs": 633.33,
        "maskTicks": 4,
        "wins": 0,
        "armed": 100,
        "seeds": 100,
        "deaths": {
          "foxy": 100
        }
      },
      {
        "epochMs": 650,
        "maskTicks": 4,
        "wins": 0,
        "armed": 100,
        "seeds": 100,
        "deaths": {
          "foxy": 100
        }
      },
      {
        "epochMs": 666.67,
        "maskTicks": 4,
        "wins": 0,
        "armed": 100,
        "seeds": 100,
        "deaths": {
          "foxy": 100
        }
      },
      {
        "epochMs": 683.33,
        "maskTicks": 4,
        "wins": 0,
        "armed": 100,
        "seeds": 100,
        "deaths": {
          "foxy": 100
        }
      },
      {
        "epochMs": 700,
        "maskTicks": 4,
        "wins": 0,
        "armed": 100,
        "seeds": 100,
        "deaths": {
          "foxy": 100
        }
      },
      {
        "epochMs": 716.67,
        "maskTicks": 4,
        "wins": 0,
        "armed": 0,
        "seeds": 100,
        "deaths": {
          "foxy": 100
        }
      },
      {
        "epochMs": 733.33,
        "maskTicks": 4,
        "wins": 0,
        "armed": 0,
        "seeds": 100,
        "deaths": {
          "foxy": 100
        }
      },
      {
        "epochMs": 750,
        "maskTicks": 4,
        "wins": 0,
        "armed": 0,
        "seeds": 100,
        "deaths": {
          "foxy": 100
        }
      },
      {
        "epochMs": 766.67,
        "maskTicks": 4,
        "wins": 0,
        "armed": 100,
        "seeds": 100,
        "deaths": {
          "foxy": 100
        }
      },
      {
        "epochMs": 783.33,
        "maskTicks": 4,
        "wins": 0,
        "armed": 100,
        "seeds": 100,
        "deaths": {
          "foxy": 100
        }
      },
      {
        "epochMs": 800,
        "maskTicks": 5,
        "wins": 0,
        "armed": 100,
        "seeds": 100,
        "deaths": {
          "foxy": 100
        }
      },
      {
        "epochMs": 816.67,
        "maskTicks": 5,
        "wins": 0,
        "armed": 100,
        "seeds": 100,
        "deaths": {
          "foxy": 100
        }
      },
      {
        "epochMs": 833.33,
        "maskTicks": 5,
        "wins": 0,
        "armed": 100,
        "seeds": 100,
        "deaths": {
          "foxy": 100
        }
      },
      {
        "epochMs": 850,
        "maskTicks": 5,
        "wins": 0,
        "armed": 100,
        "seeds": 100,
        "deaths": {
          "foxy": 100
        }
      },
      {
        "epochMs": 866.67,
        "maskTicks": 5,
        "wins": 0,
        "armed": 100,
        "seeds": 100,
        "deaths": {
          "foxy": 100
        }
      },
      {
        "epochMs": 883.33,
        "maskTicks": 5,
        "wins": 0,
        "armed": 100,
        "seeds": 100,
        "deaths": {
          "foxy": 100
        }
      },
      {
        "epochMs": 900,
        "maskTicks": 5,
        "wins": 0,
        "armed": 100,
        "seeds": 100,
        "deaths": {
          "foxy": 100
        }
      },
      {
        "epochMs": 916.67,
        "maskTicks": 5,
        "wins": 0,
        "armed": 0,
        "seeds": 100,
        "deaths": {
          "foxy": 100
        }
      },
      {
        "epochMs": 933.33,
        "maskTicks": 5,
        "wins": 0,
        "armed": 0,
        "seeds": 100,
        "deaths": {
          "foxy": 100
        }
      },
      {
        "epochMs": 950,
        "maskTicks": 5,
        "wins": 0,
        "armed": 0,
        "seeds": 100,
        "deaths": {
          "foxy": 100
        }
      },
      {
        "epochMs": 966.67,
        "maskTicks": 5,
        "wins": 0,
        "armed": 100,
        "seeds": 100,
        "deaths": {
          "foxy": 51,
          "golden-freddy": 49
        }
      },
      {
        "epochMs": 983.33,
        "maskTicks": 5,
        "wins": 0,
        "armed": 100,
        "seeds": 100,
        "deaths": {
          "foxy": 51,
          "golden-freddy": 49
        }
      }
    ],
    "lossBands": [
      {
        "fromMs": 116.67,
        "maskTicks": 5,
        "toMs": 166.67
      },
      {
        "fromMs": 316.67,
        "maskTicks": 5,
        "toMs": 1000
      }
    ],
    "uncontrolledPhase": {
      "night": 7,
      "runs": 3000,
      "wins": 791,
      "armed": 2248,
      "deaths": {
        "foxy": 1792,
        "puppet": 254,
        "inside-office": 120,
        "golden-freddy": 43
      },
      "note": "epoch drawn uniformly over one game second; the gate scores epoch 0 only"
    }
  },
  "deliveredBand": {
    "epochMs": 451.4443359375,
    "uncertaintyMs": 31.479308009147644,
    "band": {
      "fromMs": 316.67,
      "maskTicks": 5,
      "toMs": 1000
    },
    "verdict": "IN A LOSS BAND",
    "edgeMs": 134.77433593749998,
    "conclusive": true
  }
}
[ 3/13  23%] delivered phase vs the model band took 20s (pipeline 67s)

[ 4/13  30%] --- native-frame state coverage for the actuation ---
ACTUATION_METRIC trace=night7-j11-aim2515-tf-20260913T235640Z-786571785938652.tsv scope=full-trace frames=2623 monitor_unknown_frame_pct=77.926 mask_unknown_frame_pct=77.926 state_basis=native-strokes unknown_frames=2044/2623 unknown_frame_pct=77.926
[ 4/13  30%] native-frame state coverage for the actuation took 0s (pipeline 67s)

[ 5/13  38%] --- scheduled contacts against frame stalls ---
frames 2623 over 45.3 s; interval p50 16.65 ms, p99 23.3 ms, max 1269.7 ms, 11 over 33 ms
clock: 2 gate reads bracket the helper clock by 148.0 ms; 3 landed effects anchor the schedule and, under an actuation latency of 30-110 ms (stated, unmeasured), narrow it to 80.0 ms. Smallest landed-effect latency: 58 ms at the early end, 108 ms at the late end. A finding below holds at BOTH ends or is AMBIGUOUS.
contacts: 301 scheduled, 23 inside the trace; LANDED 3, UNGRADED 8, AMBIGUOUS 7, DARK 2, UNREADABLE 3, OUTSIDE_TRACE 278
contacts covered by a stall, arrived with their button absent, without their effect, or ambiguous across the bracket:
  opening-1@0 monitor 33 ms  max interval 40.2 ms  LANDED  [early: LANDED+58ms covered pre=office | late: LANDED+138ms pre=office]
  opening-2@300 cam:11 33 ms  max interval 34.8 ms  UNGRADED  [early: UNGRADED covered pre=monitor-up | late: UNGRADED pre=monitor-up]
  opening-4@883 monitor 33 ms  max interval 22.7 ms  AMBIGUOUS  [early: UNREADABLE pre=unreadable | late: LANDED+456ms pre=monitor-up]
  opening-5@1616 monitor 33 ms  max interval 20.4 ms  AMBIGUOUS  [early: UNREADABLE pre=unreadable | late: LANDED+108ms pre=office]
  opening-9@2915 mask 33 ms  max interval 17.5 ms  AMBIGUOUS  [early: UNREADABLE pre=unreadable | late: LANDED+110ms pre=office]
  toys-1@6760 mask 200 ms  max interval 20.2 ms  AMBIGUOUS  [early: UNREADABLE pre=unreadable | late: LANDED+318ms pre=mask-on]
  toys-2@7460 hallLight 33 ms  max interval 52.9 ms  DARK  [early: HALL covered pre=office | late: HALL pre=office]
  toys-3@7600 monitor 200 ms  max interval 52.9 ms  AMBIGUOUS  [early: UNREADABLE pre=unreadable | late: LANDED+300ms pre=office]
  toys-6@11300 monitor 200 ms  max interval 19.8 ms  AMBIGUOUS  [early: UNREADABLE pre=unreadable | late: LANDED+461ms pre=monitor-up]
  toys-7@11749 mask 200 ms  max interval 20.9 ms  AMBIGUOUS  [early: UNREADABLE pre=unreadable | late: LANDED+279ms absent pre=monitor-up]
hall flashes (grid cells over PixelWatch FOXY_HALL, read on office frames only): lit 0, DARK 2, unreadable 0, ambiguous 0 -- dark is an upper bound on refused flashes (the light stays on during hall movement, which renders dark); the engine refuses a flash inside the mask-off animation
  dark at toys-2@7460 toys-2@17460
exposure of a contact to this trace's stalls (clock-free), priced over the 92 taps the plan schedules per night:
  contact   exposure   expected lost/night   P(zero lost)
     33 ms    2.899%       2.67                7%
     50 ms    2.748%       2.53                8%
     67 ms    2.667%       2.45                9%
    100 ms    2.582%       2.38                9%
actuation latency (getevent kernel press edge -> first effect frame, both on the device clock; getevent clock read as monotonic: 8 of 27 edges matched with an effect; 0 under boottime):
  monitor-up    press->effect n=3 min 95 median 130 max 288 ms | release->effect median 88 ms
  mask-on       press->effect n=2 min 97 median 264 max 264 ms | release->effect median 68 ms
  mask-off      press->effect n=2 min 303 median 319 max 319 ms | release->effect median 118 ms
  monitor-down  press->effect n=1 min 599 median 599 max 599 ms | release->effect median 248 ms
verdict: HALL_DARK
signature transitions per plan iteration, ms from the iteration base (loop rows run +6760..), clock at the bracket midpoint (+-40 ms):
  opening   null@+58 monitor-up@+98 null@+244 monitor-up@+255 null@+392 monitor-up@+406 null@+602 monitor-up@+622 null@+641 monitor-up@+656 null@+733 monitor-up@+750 null@+906 monitor-up@+928 null@+941 monitor-up@+955 office@+1299 null@+1652 monitor-up@+1684 null@+1855 monitor-up@+1884 null@+2384 monitor-up@+2568 office@+2759 null@+2951 mask-on@+2985
  cycle 0   null@+6786 mask-on@+6970 office@+7038 null@+7637 monitor-up@+7860 null@+11335 monitor-up@+11535 office@+11721 null@+11787 mask-on@+11988
  cycle 1   null@+6820 mask-on@+7005 office@+7051 null@+7478
  ^ a result about the run, not an instrument failure
[ 5/13  38%] scheduled contacts against frame stalls took 0s (pipeline 67s)

--- input dispatch aligned to presented frames ---
  a frame trace is present but no Perfetto input trace is: dispatch
  cannot be aligned to frames. Run atrace-input.sh around the command.

--- elegance (inputs sent vs needed) ---
  no driver log for night7-j11-aim2515-tf-20260913T235640Z; nothing to count. Runs before 2026-08-26 have none.

--- Balloon Boy's vent bang ---
  no raw audio kept for night7-j11-aim2515-tf-20260913T235640Z; scan-night requires a receiver PCM capture.
  external authority facts are also absent; run with CUE_AUDIO=1 AUDIO_AUTHORITY_SOCKET=PATH.

==============================================================
VERDICT: every instrument passed for night7-j11-aim2515-tf-20260913T235640Z
==============================================================
