==============================================================
run: night7-k2-aim2433-maskoff7000-20260914T004106Z
==============================================================
capture: night7-k2-aim2433-maskoff7000-20260914T004106Z.mp4
hid trace: MISSING (run with HID_TRACE_RUN=1)
input trace: none (run atrace-input.sh around the command)
SurfaceFlinger latency: none (set SF_LAYER for capture)
cue trace: none (run with CUE_HELPER=1)
legacy night PCM: none (receiver owns live audio)
audio facts: none (run with external authority socket)
session manifest: none (unmanifested run)
campaign bundle: artifacts/campaign-2026-09-14T00-41-19.340Z
frame trace: none (run query-cue-helper.sh trace start/stop around the run)
capture rate: 58 fps (ffprobe 1634139929/27965864)
  using measured 58 fps for timing-sensitive graders (nominal 60)

--- session manifest (v1 provenance contract) ---
  no night7-k2-aim2433-maskoff7000-20260914T004106Z-session.json: this run is unmanifested, so nothing below can
  name its game build, model hashes, clock alignment or win evidence.
  Nothing was validated.
  Run under tools/device/trial.sh, which emits one.

--- input dispatch / frame landing (Perfetto) ---
  no input trace kept for night7-k2-aim2433-maskoff7000-20260914T004106Z; rendered video cannot establish dispatch.

--- clock transitions (HUD first frame, 1 AM) ---
HUD first=33862ms; 1 AM=103879ms; delta=70017ms; resolution=17ms

[ 1/13   7%] --- video instruments over one shared decode (survival, cameras, light, keyframes, box, intervals, timeline) ---
           ... video instruments over one shared decode (survival, cameras, light, keyframes, box, intervals, timeline) still running (20s)
           ... video instruments over one shared decode (survival, cameras, light, keyframes, box, intervals, timeline) still running (40s)
           ... video instruments over one shared decode (survival, cameras, light, keyframes, box, intervals, timeline) still running (60s)
           ... video instruments over one shared decode (survival, cameras, light, keyframes, box, intervals, timeline) still running (80s)
           ... video instruments over one shared decode (survival, cameras, light, keyframes, box, intervals, timeline) still running (100s)
           ... video instruments over one shared decode (survival, cameras, light, keyframes, box, intervals, timeline) still running (120s)
           ... video instruments over one shared decode (survival, cameras, light, keyframes, box, intervals, timeline) still running (140s)
           ... video instruments over one shared decode (survival, cameras, light, keyframes, box, intervals, timeline) still running (160s)
           ... video instruments over one shared decode (survival, cameras, light, keyframes, box, intervals, timeline) still running (180s)
           ... video instruments over one shared decode (survival, cameras, light, keyframes, box, intervals, timeline) still running (200s)
--- survival (the only number that is a run length) ---
tools/device/../../captures/night7-k2-aim2433-maskoff7000-20260914T004106Z.mp4: 1940 frames at 4.0 fps
  night HUD appears at 33.8s
  1 HUD-absent stretches contain no death static -- the monitor is up; longest 31.0s at 454.0s
  1 of them go fully dark and the HUD returns after -- longest 31.0s at 454.0s. A dark camera, a raised mask and a death minigame are not separated here: UNKNOWN(dark is ambiguous)
  HUD last seen at 453.8s of 485.0s recorded
  ALIVE for at least 420.2s -- nothing in this recording shows the run ending, so this is a lower bound
[decode-once] survival (the only number that is a run length): exit 0, 108s, ok
--- camera selections ---
tools/device/../../captures/night7-k2-aim2433-maskoff7000-20260914T004106Z.mp4: selected-camera trace at 58 fps
  cam 04    4.05s ->   8.33s  (4.28s)
  cam 04   10.81s ->  10.88s  (0.07s)
  cam 07   36.67s ->  36.72s  (0.05s)
  cam 11   36.79s ->  37.24s  (0.45s)
  cam 11   38.29s ->  38.72s  (0.43s)
  cam 11   44.24s ->  47.66s  (3.41s)
  cam 11   54.29s ->  57.71s  (3.41s)
  cam 11   64.26s ->  67.66s  (3.40s)
  cam 11   74.28s ->  77.72s  (3.45s)
  cam 11   84.28s ->  87.71s  (3.43s)
  cam 11   94.28s ->  97.67s  (3.40s)
  cam 11  104.28s -> 107.71s  (3.43s)
  cam 11  114.28s -> 117.71s  (3.43s)
  cam 11  124.26s -> 127.71s  (3.45s)
  cam 11  134.28s -> 137.69s  (3.41s)
  cam 11  144.29s -> 147.69s  (3.40s)
  cam 11  154.28s -> 157.69s  (3.41s)
  cam 11  164.29s -> 167.71s  (3.41s)
  cam 11  174.26s -> 177.69s  (3.43s)
  cam 11  184.28s -> 187.72s  (3.45s)
  cam 11  194.28s -> 197.67s  (3.40s)
  cam 11  204.33s -> 207.69s  (3.36s)
  cam 11  214.28s -> 217.71s  (3.43s)
  cam 11  224.28s -> 227.71s  (3.43s)
  cam 11  234.29s -> 237.67s  (3.38s)
  cam 11  244.24s -> 247.67s  (3.43s)
  cam 11  254.29s -> 257.66s  (3.36s)
  cam 11  264.29s -> 267.69s  (3.40s)
  cam 11  274.26s -> 277.71s  (3.45s)
  cam 11  284.29s -> 287.72s  (3.43s)
  cam 11  294.28s -> 297.71s  (3.43s)
  cam 11  304.28s -> 307.69s  (3.41s)
  cam 11  314.28s -> 317.71s  (3.43s)
  cam 11  324.29s -> 327.76s  (3.47s)
  cam 11  334.28s -> 337.71s  (3.43s)
  cam 11  344.31s -> 347.71s  (3.40s)
  cam 11  354.29s -> 357.69s  (3.40s)
  cam 11  364.34s -> 367.71s  (3.36s)
  cam 11  374.29s -> 377.69s  (3.40s)
  cam 11  384.29s -> 387.74s  (3.45s)
  cam 11  394.31s -> 397.67s  (3.36s)
  cam 11  404.29s -> 407.69s  (3.40s)
  cam 11  414.29s -> 417.71s  (3.41s)
  cam 11  424.31s -> 427.72s  (3.41s)
  cam 11  434.28s -> 437.71s  (3.43s)
  cam 11  444.31s -> 447.67s  (3.36s)
  cam 11  465.71s -> 478.93s  (13.22s)
summary: 0 complete 10-04-07-11 sweeps, 0 incomplete sweep starts
[decode-once] camera selections: exit 0, 108s, ok
--- camera light actually flashing ---
tools/device/../../captures/night7-k2-aim2433-maskoff7000-20260914T004106Z.mp4: signature sweepcheck-signature.json  (sweep lit iff >=2/3 cams)
summary: 0/0 sweeps lit (>=2 of 3 cameras)
NO GRADABLE SWEEP: no sweep window was found in this run, so this instrument says nothing about whether the light fired.
[decode-once] camera light actually flashing: exit 3, 204s, a result about the run, not an instrument failure
--- keyframes (what the run contained) ---
tools/device/../../captures/night7-k2-aim2433-maskoff7000-20260914T004106Z.mp4: 970 frames at 2.0 fps, 12 kept
  timestamps: 0.0s 5.5s 8.5s 36.0s 37.0s 44.0s 87.0s 274.0s 284.0s 327.5s 472.5s 480.5s
  sheet: tools/device/../../captures/night7-k2-aim2433-maskoff7000-20260914T004106Z-keyframes.png
[decode-once] keyframes (what the run contained): exit 0, 204s, ok
--- music box ---
tools/device/../../captures/night7-k2-aim2433-maskoff7000-20260914T004106Z.mp4: 485.00s sampled at 12 fps
  cam11   4.00s ->   8.33s    0.0% ->   2.4%  (range   0.0-  2.4%)
  cam11  10.83s ->  10.92s    2.4% ->   2.4%  (range   2.4-  2.4%)
  cam11  38.42s ->  38.58s   75.6% ->  75.6%  (range  75.6- 75.6%)
  cam11  44.42s ->  47.42s   28.9% ->  80.6%  (range  28.9- 80.6%)
  cam11  54.42s ->  57.50s   34.7% ->  83.4%  (range  34.7- 83.4%)
  cam11  64.42s ->  67.50s   42.1% ->  86.9%  (range  42.1- 86.9%)
  cam11  74.42s ->  77.50s   52.3% ->  91.4%  (range  52.3- 91.4%)
  cam11  84.42s ->  87.50s   61.2% -> 100.0%  (range  61.2-100.0%)
  cam11  94.42s ->  97.50s   61.2% -> 100.0%  (range  61.2-100.0%)
  cam11 104.42s -> 107.50s   61.3% -> 100.0%  (range  61.3-100.0%)
  cam11 114.50s -> 117.50s   61.2% -> 100.0%  (range  61.2-100.0%)
  cam11 124.42s -> 127.42s   61.2% -> 100.0%  (range  61.2-100.0%)
  cam11 134.42s -> 137.50s   61.2% -> 100.0%  (range  61.2-100.0%)
  cam11 144.42s -> 147.50s   61.3% -> 100.0%  (range  61.3-100.0%)
  cam11 154.42s -> 157.50s   61.2% -> 100.0%  (range  61.2-100.0%)
  cam11 164.42s -> 167.50s   61.4% -> 100.0%  (range  61.4-100.0%)
  cam11 174.42s -> 177.50s   61.2% -> 100.0%  (range  61.2-100.0%)
  cam11 184.42s -> 187.50s   61.2% -> 100.0%  (range  61.2-100.0%)
  cam11 194.42s -> 197.42s   61.3% -> 100.0%  (range  61.3-100.0%)
  cam11 204.42s -> 207.50s   61.3% -> 100.0%  (range  61.3-100.0%)
  cam11 214.42s -> 217.50s   61.5% -> 100.0%  (range  61.5-100.0%)
  cam11 224.42s -> 227.50s   61.3% -> 100.0%  (range  61.3-100.0%)
  cam11 234.42s -> 237.42s   61.2% -> 100.0%  (range  61.2-100.0%)
  cam11 244.42s -> 247.42s   61.4% -> 100.0%  (range  61.4-100.0%)
  cam11 254.42s -> 257.42s   61.2% -> 100.0%  (range  61.2-100.0%)
  cam11 264.42s -> 267.50s   61.2% -> 100.0%  (range  61.2-100.0%)
  cam11 274.42s -> 277.50s   61.1% -> 100.0%  (range  61.1-100.0%)
  cam11 284.50s -> 287.50s   67.7% -> 100.0%  (range  67.7-100.0%)
  cam11 294.42s -> 297.50s   61.3% -> 100.0%  (range  61.3-100.0%)
  cam11 304.42s -> 307.50s   61.2% -> 100.0%  (range  61.2-100.0%)
  cam11 314.50s -> 317.50s   67.5% -> 100.0%  (range  67.5-100.0%)
  cam11 324.50s -> 327.50s   61.2% -> 100.0%  (range  61.2-100.0%)
  cam11 334.50s -> 337.50s   61.4% -> 100.0%  (range  61.4-100.0%)
  cam11 344.50s -> 347.50s   61.4% -> 100.0%  (range  61.4-100.0%)
  cam11 354.50s -> 357.50s   61.3% -> 100.0%  (range  61.3-100.0%)
  cam11 364.42s -> 367.50s   61.2% -> 100.0%  (range  61.2-100.0%)
  cam11 374.50s -> 377.50s   61.2% -> 100.0%  (range  61.2-100.0%)
  cam11 384.50s -> 387.50s   61.3% -> 100.0%  (range  61.3-100.0%)
  cam11 394.42s -> 397.50s   61.2% -> 100.0%  (range  61.2-100.0%)
  cam11 404.50s -> 407.50s   61.3% -> 100.0%  (range  61.3-100.0%)
  cam11 414.50s -> 417.58s   61.2% -> 100.0%  (range  61.2-100.0%)
  cam11 424.50s -> 427.50s   61.3% -> 100.0%  (range  61.3-100.0%)
  cam11 434.50s -> 437.58s   67.8% -> 100.0%  (range  67.6-100.0%)
  cam11 444.50s -> 447.50s   61.3% -> 100.0%  (range  61.3-100.0%)
[decode-once] music box: exit 0, 108s, ok
--- office / mask / camera intervals ---
tools/device/../../captures/night7-k2-aim2433-maskoff7000-20260914T004106Z.mp4: 485.00s sampled at 12 fps
  camera   0.08s ->   3.33s  (3.25s)
  camera  11.67s ->  16.75s  (5.08s)
  camera  17.58s ->  23.42s  (5.83s)
  office  33.83s ->  36.50s  (2.67s)
  camera  36.58s ->  37.42s  (0.83s)
  office  37.42s ->  38.00s  (0.58s)
  camera  38.17s ->  38.75s  (0.58s)
  mask    39.42s ->  43.33s  (3.92s)  <-- latched mask
  office  43.58s ->  44.00s  (0.42s)
  camera  44.17s ->  47.67s  (3.50s)
  office  47.83s ->  48.08s  (0.25s)
  mask    48.33s ->  53.42s  (5.08s)  <-- latched mask
  office  53.58s ->  54.00s  (0.42s)
  camera  54.17s ->  57.67s  (3.50s)
  mask    58.33s ->  63.42s  (5.08s)  <-- latched mask
  office  63.50s ->  64.08s  (0.58s)
  camera  64.17s ->  67.92s  (3.75s)
  mask    68.00s ->  73.33s  (5.33s)  <-- latched mask
  camera  74.17s ->  77.75s  (3.58s)
  mask    78.33s ->  83.33s  (5.00s)  <-- latched mask
  camera  84.17s ->  87.67s  (3.50s)
  mask    88.33s ->  93.33s  (5.00s)  <-- latched mask
  office  93.58s ->  94.00s  (0.42s)
  camera  94.17s ->  97.92s  (3.75s)
  mask    98.25s -> 103.42s  (5.17s)  <-- latched mask
  camera 104.17s -> 107.67s  (3.50s)
  mask   108.08s -> 113.67s  (5.58s)  <-- latched mask
  camera 114.17s -> 117.67s  (3.50s)
  mask   118.33s -> 123.42s  (5.08s)  <-- latched mask
  office 123.58s -> 123.83s  (0.25s)
  camera 124.17s -> 127.75s  (3.58s)
  mask   128.08s -> 133.67s  (5.58s)  <-- latched mask
  camera 134.17s -> 138.17s  (4.00s)
  mask   138.33s -> 143.33s  (5.00s)  <-- latched mask
  camera 144.17s -> 147.67s  (3.50s)
  mask   148.33s -> 153.42s  (5.08s)  <-- latched mask
  office 153.58s -> 154.08s  (0.50s)
  camera 154.17s -> 157.67s  (3.50s)
  mask   158.33s -> 163.75s  (5.42s)  <-- latched mask
  camera 164.17s -> 167.67s  (3.50s)
  mask   168.08s -> 173.42s  (5.33s)  <-- latched mask
  camera 174.17s -> 177.67s  (3.50s)
  mask   178.33s -> 183.42s  (5.08s)  <-- latched mask
  office 183.58s -> 184.00s  (0.42s)
  camera 184.17s -> 188.17s  (4.00s)
  mask   188.33s -> 193.67s  (5.33s)  <-- latched mask
  camera 194.17s -> 197.67s  (3.50s)
  mask   198.33s -> 203.67s  (5.33s)  <-- latched mask
  camera 204.17s -> 207.92s  (3.75s)
  mask   208.33s -> 213.42s  (5.08s)  <-- latched mask
  office 213.58s -> 214.00s  (0.42s)
  camera 214.17s -> 217.67s  (3.50s)
  office 217.92s -> 218.17s  (0.25s)
  mask   218.33s -> 223.42s  (5.08s)  <-- latched mask
  office 223.58s -> 224.00s  (0.42s)
  camera 224.17s -> 227.67s  (3.50s)
  mask   228.08s -> 233.67s  (5.58s)  <-- latched mask
  camera 234.17s -> 237.67s  (3.50s)
  mask   238.33s -> 243.67s  (5.33s)  <-- latched mask
  camera 244.17s -> 247.67s  (3.50s)
  mask   248.33s -> 253.42s  (5.08s)  <-- latched mask
  office 253.58s -> 254.00s  (0.42s)
  camera 254.17s -> 258.08s  (3.92s)
  mask   258.33s -> 263.67s  (5.33s)  <-- latched mask
  camera 264.17s -> 268.17s  (4.00s)
  mask   268.33s -> 273.67s  (5.33s)  <-- latched mask
  camera 274.17s -> 277.75s  (3.58s)
  mask   278.33s -> 283.42s  (5.08s)  <-- latched mask
  office 283.58s -> 284.00s  (0.42s)
  camera 284.17s -> 287.75s  (3.58s)
  mask   288.08s -> 293.67s  (5.58s)  <-- latched mask
  camera 294.17s -> 297.92s  (3.75s)
  mask   298.33s -> 303.67s  (5.33s)  <-- latched mask
  camera 304.17s -> 307.67s  (3.50s)
  office 307.83s -> 308.17s  (0.33s)
  mask   308.33s -> 313.42s  (5.08s)  <-- latched mask
  office 313.58s -> 313.83s  (0.25s)
  camera 314.17s -> 317.75s  (3.58s)
  mask   318.08s -> 323.67s  (5.58s)  <-- latched mask
  camera 324.17s -> 327.75s  (3.58s)
  mask   328.33s -> 333.67s  (5.33s)  <-- latched mask
  camera 334.17s -> 337.75s  (3.58s)
  mask   338.33s -> 343.67s  (5.33s)  <-- latched mask
  camera 344.25s -> 347.67s  (3.42s)
  mask   348.33s -> 353.42s  (5.08s)  <-- latched mask
  office 353.58s -> 354.00s  (0.42s)
  camera 354.17s -> 357.92s  (3.75s)
  mask   358.33s -> 363.42s  (5.08s)  <-- latched mask
  office 363.58s -> 363.83s  (0.25s)
  camera 364.25s -> 368.17s  (3.92s)
  mask   368.33s -> 373.67s  (5.33s)  <-- latched mask
  camera 374.17s -> 378.17s  (4.00s)
  mask   378.33s -> 383.67s  (5.33s)  <-- latched mask
  camera 384.25s -> 387.75s  (3.50s)
  mask   388.33s -> 393.42s  (5.08s)  <-- latched mask
  office 393.58s -> 393.83s  (0.25s)
  camera 394.25s -> 398.17s  (3.92s)
  mask   398.33s -> 403.67s  (5.33s)  <-- latched mask
  camera 404.17s -> 407.67s  (3.50s)
  mask   408.33s -> 413.42s  (5.08s)  <-- latched mask
  office 413.58s -> 413.83s  (0.25s)
  camera 414.17s -> 417.75s  (3.58s)
  mask   418.33s -> 423.67s  (5.33s)  <-- latched mask
  camera 424.25s -> 427.75s  (3.50s)
  mask   428.08s -> 433.67s  (5.58s)  <-- latched mask
  camera 434.17s -> 438.17s  (4.00s)
  mask   438.33s -> 443.67s  (5.33s)  <-- latched mask
  camera 444.17s -> 447.92s  (3.75s)
  mask   448.33s -> 453.42s  (5.08s)  <-- latched mask
  office 453.58s -> 454.08s  (0.50s)
  camera 465.17s -> 479.50s  (14.33s)
  camera 480.92s -> 485.00s  (4.08s)
summary: 48 camera intervals, 0 visible hall flashes, 42 latched-mask intervals
note: visible hall flashes are only a rendering lower bound; the sourced movement blackout can hide logically accepted Foxy flashes
[decode-once] office / mask / camera intervals: exit 0, 108s, ok
--- run timeline and terminal outcome ---
tools/device/../../captures/night7-k2-aim2433-maskoff7000-20260914T004106Z.mp4: 970 frames at 2.0 fps, 640x288
      0.0s ->     4.0s  (   4.0s)  other
      4.0s ->     8.5s  (   4.5s)  camera
      8.5s ->    26.0s  (  17.5s)  other
     26.0s ->    29.5s  (   3.5s)  camera
     29.5s ->    32.0s  (   2.5s)  intro
     32.0s ->    34.0s  (   2.0s)  dark
     34.0s ->    39.5s  (   5.5s)  office
     39.5s ->    44.0s  (   4.5s)  mask
     44.0s ->    48.5s  (   4.5s)  camera
     48.5s ->    54.0s  (   5.5s)  mask
     54.0s ->    58.5s  (   4.5s)  camera
     58.5s ->    64.0s  (   5.5s)  mask
     64.0s ->    68.5s  (   4.5s)  camera
     68.5s ->    74.0s  (   5.5s)  mask
     74.0s ->    80.0s  (   6.0s)  camera
     80.0s ->    84.0s  (   4.0s)  mask
     84.0s ->    88.5s  (   4.5s)  camera
     88.5s ->    94.0s  (   5.5s)  mask
     94.0s ->    98.5s  (   4.5s)  camera
     98.5s ->   104.0s  (   5.5s)  mask
    104.0s ->   108.5s  (   4.5s)  camera
    108.5s ->   114.0s  (   5.5s)  mask
    114.0s ->   118.5s  (   4.5s)  camera
    118.5s ->   124.0s  (   5.5s)  mask
    124.0s ->   128.5s  (   4.5s)  camera
    128.5s ->   134.0s  (   5.5s)  mask
    134.0s ->   138.5s  (   4.5s)  camera
    138.5s ->   144.0s  (   5.5s)  mask
    144.0s ->   148.5s  (   4.5s)  camera
    148.5s ->   154.0s  (   5.5s)  mask
    154.0s ->   158.5s  (   4.5s)  camera
    158.5s ->   164.0s  (   5.5s)  mask
    164.0s ->   169.5s  (   5.5s)  camera
    169.5s ->   174.0s  (   4.5s)  mask
    174.0s ->   178.5s  (   4.5s)  camera
    178.5s ->   184.0s  (   5.5s)  mask
    184.0s ->   188.5s  (   4.5s)  camera
    188.5s ->   194.0s  (   5.5s)  mask
    194.0s ->   198.5s  (   4.5s)  camera
    198.5s ->   204.0s  (   5.5s)  mask
    204.0s ->   208.5s  (   4.5s)  camera
    208.5s ->   214.0s  (   5.5s)  mask
    214.0s ->   218.5s  (   4.5s)  camera
    218.5s ->   224.0s  (   5.5s)  mask
    224.0s ->   228.5s  (   4.5s)  camera
    228.5s ->   234.0s  (   5.5s)  mask
    234.0s ->   238.5s  (   4.5s)  camera
    238.5s ->   244.0s  (   5.5s)  mask
    244.0s ->   248.5s  (   4.5s)  camera
    248.5s ->   254.0s  (   5.5s)  mask
    254.0s ->   258.5s  (   4.5s)  camera
    258.5s ->   264.0s  (   5.5s)  mask
    264.0s ->   268.5s  (   4.5s)  camera
    268.5s ->   274.0s  (   5.5s)  mask
    274.0s ->   278.5s  (   4.5s)  camera
    278.5s ->   284.0s  (   5.5s)  mask
    284.0s ->   288.5s  (   4.5s)  camera
    288.5s ->   294.0s  (   5.5s)  mask
    294.0s ->   298.5s  (   4.5s)  camera
    298.5s ->   304.0s  (   5.5s)  mask
    304.0s ->   308.5s  (   4.5s)  camera
    308.5s ->   314.0s  (   5.5s)  mask
    314.0s ->   318.5s  (   4.5s)  camera
    318.5s ->   324.0s  (   5.5s)  mask
    324.0s ->   328.5s  (   4.5s)  camera
    328.5s ->   334.0s  (   5.5s)  mask
    334.0s ->   338.5s  (   4.5s)  camera
    338.5s ->   344.0s  (   5.5s)  mask
    344.0s ->   348.5s  (   4.5s)  camera
    348.5s ->   354.0s  (   5.5s)  mask
    354.0s ->   358.5s  (   4.5s)  camera
    358.5s ->   364.5s  (   6.0s)  mask
    364.5s ->   368.5s  (   4.0s)  camera
    368.5s ->   374.0s  (   5.5s)  mask
    374.0s ->   378.5s  (   4.5s)  camera
    378.5s ->   384.0s  (   5.5s)  mask
    384.0s ->   388.5s  (   4.5s)  camera
    388.5s ->   394.0s  (   5.5s)  mask
    394.0s ->   398.5s  (   4.5s)  camera
    398.5s ->   404.0s  (   5.5s)  mask
    404.0s ->   408.5s  (   4.5s)  camera
    408.5s ->   414.0s  (   5.5s)  mask
    414.0s ->   418.5s  (   4.5s)  camera
    418.5s ->   424.0s  (   5.5s)  mask
    424.0s ->   428.5s  (   4.5s)  camera
    428.5s ->   434.0s  (   5.5s)  mask
    434.0s ->   438.5s  (   4.5s)  camera
    438.5s ->   444.0s  (   5.5s)  mask
    444.0s ->   448.5s  (   4.5s)  camera
    448.5s ->   455.0s  (   6.5s)  mask
    455.0s ->   462.5s  (   7.5s)  sixam
    462.5s ->   465.0s  (   2.5s)  dark
    465.0s ->   481.0s  (  16.0s)  camera
    481.0s ->   485.0s  (   4.0s)  other

  TERMINAL: clear -- sixam at 455.0s
  the 6 AM win screen is in the recording, after the night
[decode-once] run timeline and terminal outcome: exit 0, 204s, ok
[decode-once] 2 shared decode(s) for 7 instruments: 7 branches in 105.4s (exit 0), 3 branches in 94.1s (exit 0)
[ 1/13   7%] video instruments over one shared decode (survival, cameras, light, keyframes, box, intervals, timeline) took 205s (pipeline 266s)

[ 2/13  15%] --- campaign bundle (executor-owned facts) ---
--- modern campaign bundle (executor-owned facts) ---
  night reached               yes
  arm mode                    observe-once
  arm                         UNRESOLVED (non-fatal) on attempt 1 (0 retries, 1 samples)
  arm verified at             UNKNOWN
  parked prefix (plan)        UNKNOWN
  PHASE LAG (suffix shift)    none -- observe-once never parks the stream
  cycle gates                 42 (42 agreed, 0 corrected, 0 aborted)
  gate lag                    UNKNOWN
  delivered offset            UNKNOWN
  corrections landed          0 confirmed, 0 unconfirmed, 0 unread, 0 never read back
  press acceptance            3 graded -- 2 UNKNOWN, 1 PASS
  stop reason                 arm-unresolved (ambiguous-threshold)
[ 2/13  15%] campaign bundle (executor-owned facts) took 0s (pipeline 266s)

[ 3/13  23%] --- delivered phase vs the model band ---
           ... delivered phase vs the model band still running (20s)
{
  "schema": "device-phase-reconstruction-v1",
  "origin": {
    "kind": "lifecycle-classification",
    "nightGoAt": 1789346503532,
    "releasedAt": 1789346503534,
    "errorVersusFirstNightFrameMs": "UNKNOWN",
    "bracketedByMs": 4073,
    "priorSampleLabel": "unknown=dark-frame-no-text",
    "observationCadenceMs": {
      "min": 39,
      "p50": 967,
      "max": 10144
    }
  },
  "plannedPhaseOffsetMs": 0,
  "actionCount": 301,
  "arm": null,
  "cycles": [
    {
      "gateAtMs": 3348,
      "nextActionId": "toys-1",
      "status": "AGREED",
      "believedMaskOn": true,
      "observedMaskOn": true,
      "maskEvidence": "button-stroke:mask-on",
      "readCount": 1,
      "gateLagMs": null,
      "deliveredOffsetMs": null
    },
    {
      "gateAtMs": 13000,
      "nextActionId": "toys-1",
      "status": "AGREED",
      "believedMaskOn": true,
      "observedMaskOn": true,
      "maskEvidence": "button-stroke:mask-on",
      "readCount": 1,
      "gateLagMs": null,
      "deliveredOffsetMs": null
    },
    {
      "gateAtMs": 23000,
      "nextActionId": "toys-1",
      "status": "AGREED",
      "believedMaskOn": true,
      "observedMaskOn": true,
      "maskEvidence": "button-stroke:mask-on",
      "readCount": 1,
      "gateLagMs": null,
      "deliveredOffsetMs": null
    },
    {
      "gateAtMs": 33000,
      "nextActionId": "toys-1",
      "status": "AGREED",
      "believedMaskOn": true,
      "observedMaskOn": true,
      "maskEvidence": "button-stroke:mask-on",
      "readCount": 1,
      "gateLagMs": null,
      "deliveredOffsetMs": null
    },
    {
      "gateAtMs": 43000,
      "nextActionId": "toys-1",
      "status": "AGREED",
      "believedMaskOn": true,
      "observedMaskOn": true,
      "maskEvidence": "button-stroke:mask-on",
      "readCount": 1,
      "gateLagMs": null,
      "deliveredOffsetMs": null
    },
    {
      "gateAtMs": 53000,
      "nextActionId": "toys-1",
      "status": "AGREED",
      "believedMaskOn": true,
      "observedMaskOn": true,
      "maskEvidence": "button-stroke:mask-on",
      "readCount": 1,
      "gateLagMs": null,
      "deliveredOffsetMs": null
    },
    {
      "gateAtMs": 63000,
      "nextActionId": "toys-1",
      "status": "AGREED",
      "believedMaskOn": true,
      "observedMaskOn": true,
      "maskEvidence": "button-stroke:mask-on",
      "readCount": 1,
      "gateLagMs": null,
      "deliveredOffsetMs": null
    },
    {
      "gateAtMs": 73000,
      "nextActionId": "toys-1",
      "status": "AGREED",
      "believedMaskOn": true,
      "observedMaskOn": true,
      "maskEvidence": "button-stroke:mask-on",
      "readCount": 1,
      "gateLagMs": null,
      "deliveredOffsetMs": null
    },
    {
      "gateAtMs": 83000,
      "nextActionId": "toys-1",
      "status": "AGREED",
      "believedMaskOn": true,
      "observedMaskOn": true,
      "maskEvidence": "button-stroke:mask-on",
      "readCount": 1,
      "gateLagMs": null,
      "deliveredOffsetMs": null
    },
    {
      "gateAtMs": 93000,
      "nextActionId": "toys-1",
      "status": "AGREED",
      "believedMaskOn": true,
      "observedMaskOn": true,
      "maskEvidence": "button-stroke:mask-on",
      "readCount": 1,
      "gateLagMs": null,
      "deliveredOffsetMs": null
    },
    {
      "gateAtMs": 103000,
      "nextActionId": "toys-1",
      "status": "AGREED",
      "believedMaskOn": true,
      "observedMaskOn": true,
      "maskEvidence": "button-stroke:mask-on",
      "readCount": 1,
      "gateLagMs": null,
      "deliveredOffsetMs": null
    },
    {
      "gateAtMs": 113000,
      "nextActionId": "toys-1",
      "status": "AGREED",
      "believedMaskOn": true,
      "observedMaskOn": true,
      "maskEvidence": "button-stroke:mask-on",
      "readCount": 1,
      "gateLagMs": null,
      "deliveredOffsetMs": null
    },
    {
      "gateAtMs": 123000,
      "nextActionId": "toys-1",
      "status": "AGREED",
      "believedMaskOn": true,
      "observedMaskOn": true,
      "maskEvidence": "button-stroke:mask-on",
      "readCount": 1,
      "gateLagMs": null,
      "deliveredOffsetMs": null
    },
    {
      "gateAtMs": 133000,
      "nextActionId": "toys-1",
      "status": "AGREED",
      "believedMaskOn": true,
      "observedMaskOn": true,
      "maskEvidence": "button-stroke:mask-on",
      "readCount": 1,
      "gateLagMs": null,
      "deliveredOffsetMs": null
    },
    {
      "gateAtMs": 143000,
      "nextActionId": "toys-1",
      "status": "AGREED",
      "believedMaskOn": true,
      "observedMaskOn": true,
      "maskEvidence": "button-stroke:mask-on",
      "readCount": 1,
      "gateLagMs": null,
      "deliveredOffsetMs": null
    },
    {
      "gateAtMs": 153000,
      "nextActionId": "toys-1",
      "status": "AGREED",
      "believedMaskOn": true,
      "observedMaskOn": true,
      "maskEvidence": "button-stroke:mask-on",
      "readCount": 1,
      "gateLagMs": null,
      "deliveredOffsetMs": null
    },
    {
      "gateAtMs": 163000,
      "nextActionId": "toys-1",
      "status": "AGREED",
      "believedMaskOn": true,
      "observedMaskOn": true,
      "maskEvidence": "button-stroke:mask-on",
      "readCount": 1,
      "gateLagMs": null,
      "deliveredOffsetMs": null
    },
    {
      "gateAtMs": 173000,
      "nextActionId": "toys-1",
      "status": "AGREED",
      "believedMaskOn": true,
      "observedMaskOn": true,
      "maskEvidence": "button-stroke:mask-on",
      "readCount": 1,
      "gateLagMs": null,
      "deliveredOffsetMs": null
    },
    {
      "gateAtMs": 183000,
      "nextActionId": "toys-1",
      "status": "AGREED",
      "believedMaskOn": true,
      "observedMaskOn": true,
      "maskEvidence": "button-stroke:mask-on",
      "readCount": 1,
      "gateLagMs": null,
      "deliveredOffsetMs": null
    },
    {
      "gateAtMs": 193000,
      "nextActionId": "toys-1",
      "status": "AGREED",
      "believedMaskOn": true,
      "observedMaskOn": true,
      "maskEvidence": "button-stroke:mask-on",
      "readCount": 1,
      "gateLagMs": null,
      "deliveredOffsetMs": null
    },
    {
      "gateAtMs": 203000,
      "nextActionId": "toys-1",
      "status": "AGREED",
      "believedMaskOn": true,
      "observedMaskOn": true,
      "maskEvidence": "button-stroke:mask-on",
      "readCount": 1,
      "gateLagMs": null,
      "deliveredOffsetMs": null
    },
    {
      "gateAtMs": 213000,
      "nextActionId": "toys-1",
      "status": "AGREED",
      "believedMaskOn": true,
      "observedMaskOn": true,
      "maskEvidence": "button-stroke:mask-on",
      "readCount": 1,
      "gateLagMs": null,
      "deliveredOffsetMs": null
    },
    {
      "gateAtMs": 223000,
      "nextActionId": "toys-1",
      "status": "AGREED",
      "believedMaskOn": true,
      "observedMaskOn": true,
      "maskEvidence": "button-stroke:mask-on",
      "readCount": 1,
      "gateLagMs": null,
      "deliveredOffsetMs": null
    },
    {
      "gateAtMs": 233000,
      "nextActionId": "toys-1",
      "status": "AGREED",
      "believedMaskOn": true,
      "observedMaskOn": true,
      "maskEvidence": "button-stroke:mask-on",
      "readCount": 1,
      "gateLagMs": null,
      "deliveredOffsetMs": null
    },
    {
      "gateAtMs": 243000,
      "nextActionId": "toys-1",
      "status": "AGREED",
      "believedMaskOn": true,
      "observedMaskOn": true,
      "maskEvidence": "button-stroke:mask-on",
      "readCount": 1,
      "gateLagMs": null,
      "deliveredOffsetMs": null
    },
    {
      "gateAtMs": 253000,
      "nextActionId": "toys-1",
      "status": "AGREED",
      "believedMaskOn": true,
      "observedMaskOn": true,
      "maskEvidence": "button-stroke:mask-on",
      "readCount": 1,
      "gateLagMs": null,
      "deliveredOffsetMs": null
    },
    {
      "gateAtMs": 263000,
      "nextActionId": "toys-1",
      "status": "AGREED",
      "believedMaskOn": true,
      "observedMaskOn": true,
      "maskEvidence": "button-stroke:mask-on",
      "readCount": 1,
      "gateLagMs": null,
      "deliveredOffsetMs": null
    },
    {
      "gateAtMs": 273000,
      "nextActionId": "toys-1",
      "status": "AGREED",
      "believedMaskOn": true,
      "observedMaskOn": true,
      "maskEvidence": "button-stroke:mask-on",
      "readCount": 1,
      "gateLagMs": null,
      "deliveredOffsetMs": null
    },
    {
      "gateAtMs": 283000,
      "nextActionId": "toys-1",
      "status": "AGREED",
      "believedMaskOn": true,
      "observedMaskOn": true,
      "maskEvidence": "button-stroke:mask-on",
      "readCount": 1,
      "gateLagMs": null,
      "deliveredOffsetMs": null
    },
    {
      "gateAtMs": 293000,
      "nextActionId": "toys-1",
      "status": "AGREED",
      "believedMaskOn": true,
      "observedMaskOn": true,
      "maskEvidence": "button-stroke:mask-on",
      "readCount": 1,
      "gateLagMs": null,
      "deliveredOffsetMs": null
    },
    {
      "gateAtMs": 303000,
      "nextActionId": "toys-1",
      "status": "AGREED",
      "believedMaskOn": true,
      "observedMaskOn": true,
      "maskEvidence": "button-stroke:mask-on",
      "readCount": 1,
      "gateLagMs": null,
      "deliveredOffsetMs": null
    },
    {
      "gateAtMs": 313000,
      "nextActionId": "toys-1",
      "status": "AGREED",
      "believedMaskOn": true,
      "observedMaskOn": true,
      "maskEvidence": "button-stroke:mask-on",
      "readCount": 1,
      "gateLagMs": null,
      "deliveredOffsetMs": null
    },
    {
      "gateAtMs": 323000,
      "nextActionId": "toys-1",
      "status": "AGREED",
      "believedMaskOn": true,
      "observedMaskOn": true,
      "maskEvidence": "button-stroke:mask-on",
      "readCount": 1,
      "gateLagMs": null,
      "deliveredOffsetMs": null
    },
    {
      "gateAtMs": 333000,
      "nextActionId": "toys-1",
      "status": "AGREED",
      "believedMaskOn": true,
      "observedMaskOn": true,
      "maskEvidence": "button-stroke:mask-on",
      "readCount": 1,
      "gateLagMs": null,
      "deliveredOffsetMs": null
    },
    {
      "gateAtMs": 343000,
      "nextActionId": "toys-1",
      "status": "AGREED",
      "believedMaskOn": true,
      "observedMaskOn": true,
      "maskEvidence": "button-stroke:mask-on",
      "readCount": 1,
      "gateLagMs": null,
      "deliveredOffsetMs": null
    },
    {
      "gateAtMs": 353000,
      "nextActionId": "toys-1",
      "status": "AGREED",
      "believedMaskOn": true,
      "observedMaskOn": true,
      "maskEvidence": "button-stroke:mask-on",
      "readCount": 1,
      "gateLagMs": null,
      "deliveredOffsetMs": null
    },
    {
      "gateAtMs": 363000,
      "nextActionId": "toys-1",
      "status": "AGREED",
      "believedMaskOn": true,
      "observedMaskOn": true,
      "maskEvidence": "button-stroke:mask-on",
      "readCount": 1,
      "gateLagMs": null,
      "deliveredOffsetMs": null
    },
    {
      "gateAtMs": 373000,
      "nextActionId": "toys-1",
      "status": "AGREED",
      "believedMaskOn": true,
      "observedMaskOn": true,
      "maskEvidence": "button-stroke:mask-on",
      "readCount": 1,
      "gateLagMs": null,
      "deliveredOffsetMs": null
    },
    {
      "gateAtMs": 383000,
      "nextActionId": "toys-1",
      "status": "AGREED",
      "believedMaskOn": true,
      "observedMaskOn": true,
      "maskEvidence": "button-stroke:mask-on",
      "readCount": 1,
      "gateLagMs": null,
      "deliveredOffsetMs": null
    },
    {
      "gateAtMs": 393000,
      "nextActionId": "toys-1",
      "status": "AGREED",
      "believedMaskOn": true,
      "observedMaskOn": true,
      "maskEvidence": "button-stroke:mask-on",
      "readCount": 1,
      "gateLagMs": null,
      "deliveredOffsetMs": null
    },
    {
      "gateAtMs": 403000,
      "nextActionId": "toys-1",
      "status": "AGREED",
      "believedMaskOn": true,
      "observedMaskOn": true,
      "maskEvidence": "button-stroke:mask-on",
      "readCount": 1,
      "gateLagMs": null,
      "deliveredOffsetMs": null
    },
    {
      "gateAtMs": 413000,
      "nextActionId": "toys-1",
      "status": "AGREED",
      "believedMaskOn": true,
      "observedMaskOn": true,
      "maskEvidence": "button-stroke:mask-on",
      "readCount": 1,
      "gateLagMs": null,
      "deliveredOffsetMs": null
    }
  ],
  "deliveredOffsetMs": null,
  "terminal": {
    "lastNightAt": 1789346922508,
    "terminalAt": 1789346923360,
    "terminalLabel": "state=sixam",
    "bracketMs": 852,
    "attribution": "UNKNOWN"
  },
  "run": "artifacts/campaign-2026-09-14T00-41-19.340Z",
  "model": {
    "night": 7,
    "seeds": 100,
    "ventMaskTicks": 5,
    "rows": [
      {
        "epochMs": 0,
        "maskTicks": 5,
        "wins": 100,
        "armed": 100,
        "seeds": 100,
        "deaths": {}
      },
      {
        "epochMs": 16.67,
        "maskTicks": 5,
        "wins": 100,
        "armed": 100,
        "seeds": 100,
        "deaths": {}
      },
      {
        "epochMs": 33.33,
        "maskTicks": 5,
        "wins": 100,
        "armed": 100,
        "seeds": 100,
        "deaths": {}
      },
      {
        "epochMs": 50,
        "maskTicks": 5,
        "wins": 100,
        "armed": 100,
        "seeds": 100,
        "deaths": {}
      },
      {
        "epochMs": 66.67,
        "maskTicks": 5,
        "wins": 100,
        "armed": 100,
        "seeds": 100,
        "deaths": {}
      },
      {
        "epochMs": 83.33,
        "maskTicks": 5,
        "wins": 100,
        "armed": 100,
        "seeds": 100,
        "deaths": {}
      },
      {
        "epochMs": 100,
        "maskTicks": 5,
        "wins": 100,
        "armed": 100,
        "seeds": 100,
        "deaths": {}
      },
      {
        "epochMs": 116.67,
        "maskTicks": 5,
        "wins": 0,
        "armed": 0,
        "seeds": 100,
        "deaths": {
          "puppet": 81,
          "inside-office": 19
        }
      },
      {
        "epochMs": 133.33,
        "maskTicks": 5,
        "wins": 0,
        "armed": 0,
        "seeds": 100,
        "deaths": {
          "puppet": 81,
          "inside-office": 19
        }
      },
      {
        "epochMs": 150,
        "maskTicks": 5,
        "wins": 0,
        "armed": 0,
        "seeds": 100,
        "deaths": {
          "puppet": 81,
          "inside-office": 19
        }
      },
      {
        "epochMs": 166.67,
        "maskTicks": 5,
        "wins": 100,
        "armed": 100,
        "seeds": 100,
        "deaths": {}
      },
      {
        "epochMs": 183.33,
        "maskTicks": 5,
        "wins": 100,
        "armed": 100,
        "seeds": 100,
        "deaths": {}
      },
      {
        "epochMs": 200,
        "maskTicks": 5,
        "wins": 100,
        "armed": 100,
        "seeds": 100,
        "deaths": {}
      },
      {
        "epochMs": 216.67,
        "maskTicks": 5,
        "wins": 100,
        "armed": 100,
        "seeds": 100,
        "deaths": {}
      },
      {
        "epochMs": 233.33,
        "maskTicks": 5,
        "wins": 100,
        "armed": 100,
        "seeds": 100,
        "deaths": {}
      },
      {
        "epochMs": 250,
        "maskTicks": 5,
        "wins": 100,
        "armed": 100,
        "seeds": 100,
        "deaths": {}
      },
      {
        "epochMs": 266.67,
        "maskTicks": 5,
        "wins": 100,
        "armed": 100,
        "seeds": 100,
        "deaths": {}
      },
      {
        "epochMs": 283.33,
        "maskTicks": 5,
        "wins": 100,
        "armed": 100,
        "seeds": 100,
        "deaths": {}
      },
      {
        "epochMs": 300,
        "maskTicks": 5,
        "wins": 100,
        "armed": 100,
        "seeds": 100,
        "deaths": {}
      },
      {
        "epochMs": 316.67,
        "maskTicks": 5,
        "wins": 0,
        "armed": 0,
        "seeds": 100,
        "deaths": {
          "puppet": 82,
          "inside-office": 18
        }
      },
      {
        "epochMs": 333.33,
        "maskTicks": 5,
        "wins": 0,
        "armed": 0,
        "seeds": 100,
        "deaths": {
          "puppet": 82,
          "inside-office": 18
        }
      },
      {
        "epochMs": 350,
        "maskTicks": 5,
        "wins": 0,
        "armed": 0,
        "seeds": 100,
        "deaths": {
          "puppet": 82,
          "inside-office": 18
        }
      },
      {
        "epochMs": 366.67,
        "maskTicks": 4,
        "wins": 0,
        "armed": 100,
        "seeds": 100,
        "deaths": {
          "foxy": 86,
          "inside-office": 14
        }
      },
      {
        "epochMs": 383.33,
        "maskTicks": 4,
        "wins": 0,
        "armed": 100,
        "seeds": 100,
        "deaths": {
          "foxy": 86,
          "inside-office": 14
        }
      },
      {
        "epochMs": 400,
        "maskTicks": 4,
        "wins": 0,
        "armed": 100,
        "seeds": 100,
        "deaths": {
          "foxy": 86,
          "inside-office": 14
        }
      },
      {
        "epochMs": 416.67,
        "maskTicks": 4,
        "wins": 0,
        "armed": 100,
        "seeds": 100,
        "deaths": {
          "foxy": 86,
          "inside-office": 14
        }
      },
      {
        "epochMs": 433.33,
        "maskTicks": 4,
        "wins": 0,
        "armed": 100,
        "seeds": 100,
        "deaths": {
          "foxy": 86,
          "inside-office": 14
        }
      },
      {
        "epochMs": 450,
        "maskTicks": 4,
        "wins": 0,
        "armed": 100,
        "seeds": 100,
        "deaths": {
          "foxy": 85,
          "inside-office": 15
        }
      },
      {
        "epochMs": 466.67,
        "maskTicks": 4,
        "wins": 0,
        "armed": 100,
        "seeds": 100,
        "deaths": {
          "inside-office": 20,
          "foxy": 80
        }
      },
      {
        "epochMs": 483.33,
        "maskTicks": 4,
        "wins": 0,
        "armed": 100,
        "seeds": 100,
        "deaths": {
          "foxy": 100
        }
      },
      {
        "epochMs": 500,
        "maskTicks": 4,
        "wins": 0,
        "armed": 100,
        "seeds": 100,
        "deaths": {
          "foxy": 100
        }
      },
      {
        "epochMs": 516.67,
        "maskTicks": 4,
        "wins": 0,
        "armed": 0,
        "seeds": 100,
        "deaths": {
          "foxy": 100
        }
      },
      {
        "epochMs": 533.33,
        "maskTicks": 4,
        "wins": 0,
        "armed": 0,
        "seeds": 100,
        "deaths": {
          "foxy": 100
        }
      },
      {
        "epochMs": 550,
        "maskTicks": 4,
        "wins": 0,
        "armed": 0,
        "seeds": 100,
        "deaths": {
          "foxy": 100
        }
      },
      {
        "epochMs": 566.67,
        "maskTicks": 4,
        "wins": 0,
        "armed": 100,
        "seeds": 100,
        "deaths": {
          "foxy": 100
        }
      },
      {
        "epochMs": 583.33,
        "maskTicks": 4,
        "wins": 0,
        "armed": 100,
        "seeds": 100,
        "deaths": {
          "foxy": 100
        }
      },
      {
        "epochMs": 600,
        "maskTicks": 4,
        "wins": 0,
        "armed": 100,
        "seeds": 100,
        "deaths": {
          "foxy": 100
        }
      },
      {
        "epochMs": 616.67,
        "maskTicks": 4,
        "wins": 0,
        "armed": 100,
        "seeds": 100,
        "deaths": {
          "foxy": 100
        }
      },
      {
        "epochMs": 633.33,
        "maskTicks": 4,
        "wins": 0,
        "armed": 100,
        "seeds": 100,
        "deaths": {
          "foxy": 100
        }
      },
      {
        "epochMs": 650,
        "maskTicks": 4,
        "wins": 0,
        "armed": 100,
        "seeds": 100,
        "deaths": {
          "foxy": 100
        }
      },
      {
        "epochMs": 666.67,
        "maskTicks": 4,
        "wins": 0,
        "armed": 100,
        "seeds": 100,
        "deaths": {
          "foxy": 100
        }
      },
      {
        "epochMs": 683.33,
        "maskTicks": 4,
        "wins": 0,
        "armed": 100,
        "seeds": 100,
        "deaths": {
          "foxy": 100
        }
      },
      {
        "epochMs": 700,
        "maskTicks": 4,
        "wins": 0,
        "armed": 100,
        "seeds": 100,
        "deaths": {
          "foxy": 100
        }
      },
      {
        "epochMs": 716.67,
        "maskTicks": 4,
        "wins": 0,
        "armed": 0,
        "seeds": 100,
        "deaths": {
          "foxy": 100
        }
      },
      {
        "epochMs": 733.33,
        "maskTicks": 4,
        "wins": 0,
        "armed": 0,
        "seeds": 100,
        "deaths": {
          "foxy": 100
        }
      },
      {
        "epochMs": 750,
        "maskTicks": 4,
        "wins": 0,
        "armed": 0,
        "seeds": 100,
        "deaths": {
          "foxy": 100
        }
      },
      {
        "epochMs": 766.67,
        "maskTicks": 4,
        "wins": 0,
        "armed": 100,
        "seeds": 100,
        "deaths": {
          "foxy": 100
        }
      },
      {
        "epochMs": 783.33,
        "maskTicks": 4,
        "wins": 0,
        "armed": 100,
        "seeds": 100,
        "deaths": {
          "foxy": 100
        }
      },
      {
        "epochMs": 800,
        "maskTicks": 5,
        "wins": 0,
        "armed": 100,
        "seeds": 100,
        "deaths": {
          "foxy": 100
        }
      },
      {
        "epochMs": 816.67,
        "maskTicks": 5,
        "wins": 0,
        "armed": 100,
        "seeds": 100,
        "deaths": {
          "foxy": 100
        }
      },
      {
        "epochMs": 833.33,
        "maskTicks": 5,
        "wins": 0,
        "armed": 100,
        "seeds": 100,
        "deaths": {
          "foxy": 100
        }
      },
      {
        "epochMs": 850,
        "maskTicks": 5,
        "wins": 0,
        "armed": 100,
        "seeds": 100,
        "deaths": {
          "foxy": 100
        }
      },
      {
        "epochMs": 866.67,
        "maskTicks": 5,
        "wins": 0,
        "armed": 100,
        "seeds": 100,
        "deaths": {
          "foxy": 100
        }
      },
      {
        "epochMs": 883.33,
        "maskTicks": 5,
        "wins": 0,
        "armed": 100,
        "seeds": 100,
        "deaths": {
          "foxy": 100
        }
      },
      {
        "epochMs": 900,
        "maskTicks": 5,
        "wins": 0,
        "armed": 100,
        "seeds": 100,
        "deaths": {
          "foxy": 100
        }
      },
      {
        "epochMs": 916.67,
        "maskTicks": 5,
        "wins": 0,
        "armed": 0,
        "seeds": 100,
        "deaths": {
          "foxy": 100
        }
      },
      {
        "epochMs": 933.33,
        "maskTicks": 5,
        "wins": 0,
        "armed": 0,
        "seeds": 100,
        "deaths": {
          "foxy": 100
        }
      },
      {
        "epochMs": 950,
        "maskTicks": 5,
        "wins": 0,
        "armed": 0,
        "seeds": 100,
        "deaths": {
          "foxy": 100
        }
      },
      {
        "epochMs": 966.67,
        "maskTicks": 5,
        "wins": 0,
        "armed": 100,
        "seeds": 100,
        "deaths": {
          "foxy": 51,
          "golden-freddy": 49
        }
      },
      {
        "epochMs": 983.33,
        "maskTicks": 5,
        "wins": 0,
        "armed": 100,
        "seeds": 100,
        "deaths": {
          "foxy": 51,
          "golden-freddy": 49
        }
      }
    ],
    "lossBands": [
      {
        "fromMs": 116.67,
        "maskTicks": 5,
        "toMs": 166.67
      },
      {
        "fromMs": 316.67,
        "maskTicks": 5,
        "toMs": 1000
      }
    ],
    "uncontrolledPhase": {
      "night": 7,
      "runs": 3000,
      "wins": 791,
      "armed": 2248,
      "deaths": {
        "foxy": 1792,
        "puppet": 254,
        "inside-office": 120,
        "golden-freddy": 43
      },
      "note": "epoch drawn uniformly over one game second; the gate scores epoch 0 only"
    }
  }
}
[ 3/13  23%] delivered phase vs the model band took 22s (pipeline 288s)

--- native-frame state coverage for the actuation ---
  no frame trace for night7-k2-aim2433-maskoff7000-20260914T004106Z: frame-level state coverage and input/frame
  alignment are UNKNOWN. Nothing was measured.

--- elegance (inputs sent vs needed) ---
  no driver log for night7-k2-aim2433-maskoff7000-20260914T004106Z; nothing to count. Runs before 2026-08-26 have none.

--- Balloon Boy's vent bang ---
  no raw audio kept for night7-k2-aim2433-maskoff7000-20260914T004106Z; scan-night requires a receiver PCM capture.
  external authority facts are also absent; run with CUE_AUDIO=1 AUDIO_AUTHORITY_SOCKET=PATH.

==============================================================
VERDICT: every instrument passed for night7-k2-aim2433-maskoff7000-20260914T004106Z
==============================================================
