==============================================================
run: night7-anchoredj5-aim2315-20260913T222306Z
==============================================================
capture: night7-anchoredj5-aim2315-20260913T222306Z.mp4
hid trace: MISSING (run with HID_TRACE_RUN=1)
input trace: none (run atrace-input.sh around the command)
SurfaceFlinger latency: none (set SF_LAYER for capture)
cue trace: none (run with CUE_HELPER=1)
legacy night PCM: none (receiver owns live audio)
audio facts: none (run with external authority socket)
session manifest: none (unmanifested run)
campaign bundle: artifacts/campaign-2026-09-13T22-23-21.626Z
frame trace: night7-anchoredj5-aim2315-20260913T222306Z-780956793943471.tsv
capture rate: 48 fps (ffprobe 4921250/102103)
  using measured 48 fps for timing-sensitive graders (nominal 60)

--- session manifest (v1 provenance contract) ---
  no night7-anchoredj5-aim2315-20260913T222306Z-session.json: this run is unmanifested, so nothing below can
  name its game build, model hashes, clock alignment or win evidence.
  Nothing was validated.
  Run under tools/device/trial.sh, which emits one.

--- input dispatch / frame landing (Perfetto) ---
  no input trace kept for night7-anchoredj5-aim2315-20260913T222306Z; rendered video cannot establish dispatch.

--- clock transitions (HUD first frame, 1 AM) ---
clocktrace: HUD first=35771ms; 1 AM was not found

[ 1/13   7%] --- video instruments over one shared decode (survival, cameras, light, keyframes, box, intervals, timeline) ---
           ... video instruments over one shared decode (survival, cameras, light, keyframes, box, intervals, timeline) still running (20s)
--- survival (the only number that is a run length) ---
tools/device/../../captures/night7-anchoredj5-aim2315-20260913T222306Z.mp4: 327 frames at 4.0 fps
  night HUD appears at 35.8s
  HUD gone for good from 56.2s: death static (temporal: 20 frames, 5.0s, mean 35, tdiff 36)
  ALIVE for 20.5s
  note: the HUD returns for 1 later frames -- the game restarted or the menu was re-entered while the pilot kept pressing
[decode-once] survival (the only number that is a run length): exit 0, 19s, ok
--- camera selections ---
tools/device/../../captures/night7-anchoredj5-aim2315-20260913T222306Z.mp4: selected-camera trace at 48 fps
  cam 07    3.48s ->   3.52s  (0.04s)
  cam 04    4.10s ->   8.38s  (4.27s)
  cam 04   10.92s ->  13.27s  (2.35s)
  cam 07   38.42s ->  38.50s  (0.08s)
  cam 11   38.62s ->  39.06s  (0.44s)
  cam 11   40.10s ->  40.52s  (0.42s)
  cam 11   46.06s ->  49.44s  (3.38s)
  cam 04   62.35s ->  62.46s  (0.10s)
  cam 04   69.40s ->  73.69s  (4.29s)
  cam 04   76.21s ->  78.56s  (2.35s)
summary: 0 complete 10-04-07-11 sweeps, 0 incomplete sweep starts
[decode-once] camera selections: exit 0, 19s, ok
--- camera light actually flashing ---
tools/device/../../captures/night7-anchoredj5-aim2315-20260913T222306Z.mp4: signature sweepcheck-signature.json  (sweep lit iff >=2/3 cams)
  sweep  1: cam10=dark  cam04=dark  cam07=dark   -> DARK
summary: 0/1 sweeps lit (>=2 of 3 cameras)
[decode-once] camera light actually flashing: exit 3, 37s, a result about the run, not an instrument failure
--- keyframes (what the run contained) ---
tools/device/../../captures/night7-anchoredj5-aim2315-20260913T222306Z.mp4: 163 frames at 2.0 fps, 12 kept
  timestamps: 0.0s 8.5s 28.0s 38.5s 39.0s 40.5s 45.5s 48.0s 56.0s 68.0s 76.5s 79.5s
  sheet: tools/device/../../captures/night7-anchoredj5-aim2315-20260913T222306Z-keyframes.png
[decode-once] keyframes (what the run contained): exit 0, 37s, ok
--- music box ---
tools/device/../../captures/night7-anchoredj5-aim2315-20260913T222306Z.mp4: 81.67s sampled at 12 fps
  cam11   4.08s ->   8.42s    2.4% ->   2.4%  (range   2.4-  2.4%)
  cam11  10.92s ->  13.33s    2.4% ->   2.4%  (range   2.4-  2.4%)
  cam11  40.25s ->  40.33s   75.7% ->  75.7%  (range  75.7- 75.7%)
  cam11  46.17s ->  49.33s   29.1% ->  80.8%  (range  29.1- 80.8%)
  cam11  62.25s ->  62.50s    1.2% ->   2.4%  (range   1.2-  2.4%)
  cam11  69.33s ->  73.67s    0.0% ->   2.4%  (range   0.0-  2.4%)
  cam11  76.17s ->  78.58s    2.4% ->   2.4%  (range   2.4-  2.4%)
[decode-once] music box: exit 0, 19s, ok
--- office / mask / camera intervals ---
tools/device/../../captures/night7-anchoredj5-aim2315-20260913T222306Z.mp4: 81.67s sampled at 12 fps
  camera   0.83s ->   3.42s  (2.58s)
  camera  13.75s ->  19.92s  (6.17s)
  camera  20.58s ->  25.75s  (5.17s)
  office  35.75s ->  38.17s  (2.42s)
  camera  38.33s ->  39.25s  (0.92s)
  office  39.25s ->  39.92s  (0.67s)
  camera  40.00s ->  40.50s  (0.50s)
  mask    41.25s ->  44.92s  (3.67s)  <-- latched mask
  office  45.08s ->  45.58s  (0.50s)
  camera  46.00s ->  49.42s  (3.42s)
  mask    50.08s ->  54.92s  (4.83s)  <-- latched mask
  office  55.08s ->  55.75s  (0.67s)
  camera  56.08s ->  61.17s  (5.08s)
  camera  66.08s ->  68.50s  (2.42s)
  camera  78.83s ->  81.58s  (2.75s)
summary: 9 camera intervals, 0 visible hall flashes, 2 latched-mask intervals
note: visible hall flashes are only a rendering lower bound; the sourced movement blackout can hide logically accepted Foxy flashes
[decode-once] office / mask / camera intervals: exit 0, 19s, ok
--- run timeline and terminal outcome ---
tools/device/../../captures/night7-anchoredj5-aim2315-20260913T222306Z.mp4: 163 frames at 2.0 fps, 640x288
      0.0s ->     4.0s  (   4.0s)  other
      4.0s ->     8.5s  (   4.5s)  camera
      8.5s ->    11.0s  (   2.5s)  other
     11.0s ->    15.0s  (   4.0s)  camera
     15.0s ->    28.0s  (  13.0s)  other
     28.0s ->    31.0s  (   3.0s)  camera
     31.0s ->    33.5s  (   2.5s)  intro
     33.5s ->    36.0s  (   2.5s)  dark
     36.0s ->    41.0s  (   5.0s)  office
     41.0s ->    46.0s  (   5.0s)  mask
     46.0s ->    50.0s  (   4.0s)  camera
     50.0s ->    56.5s  (   6.5s)  mask
     56.5s ->    63.0s  (   6.5s)  other
     63.0s ->    66.0s  (   3.0s)  unknown
     66.0s ->    69.5s  (   3.5s)  other
     69.5s ->    73.5s  (   4.0s)  camera
     73.5s ->    76.0s  (   2.5s)  other
     76.0s ->    79.0s  (   3.0s)  camera
     79.0s ->    81.5s  (   2.5s)  other

  TERMINAL: unknown
  nothing terminal was captured; the recording may stop before the end of the night
[decode-once] run timeline and terminal outcome: exit 0, 37s, ok
[decode-once] 2 shared decode(s) for 7 instruments: 7 branches in 17.0s (exit 0), 3 branches in 15.7s (exit 0)
[ 1/13   7%] video instruments over one shared decode (survival, cameras, light, keyframes, box, intervals, timeline) took 37s (pipeline 48s)

[ 2/13  15%] --- campaign bundle (executor-owned facts) ---
--- modern campaign bundle (executor-owned facts) ---
  night reached               yes
  arm mode                    observe-once
  arm                         UNRESOLVED (non-fatal) on attempt 1 (0 retries, 1 samples)
  arm verified at             UNKNOWN
  parked prefix (plan)        UNKNOWN
  PHASE LAG (suffix shift)    none -- observe-once never parks the stream
  cycle gates                 3 (2 agreed, 0 corrected, 1 aborted)
  gate lag                    UNKNOWN
  delivered offset            UNKNOWN
  corrections landed          0 confirmed, 0 unconfirmed, 0 unread, 0 never read back
  press acceptance            3 graded -- 1 MISSING, 1 PASS, 1 UNKNOWN
  stop reason                 gate-abort (mask-state-unavailable)
[ 2/13  15%] campaign bundle (executor-owned facts) took 0s (pipeline 48s)

[ 3/13  23%] --- delivered phase vs the model band ---
           ... delivered phase vs the model band still running (20s)
{
  "schema": "device-phase-reconstruction-v1",
  "origin": {
    "kind": "lifecycle-classification",
    "nightGoAt": 1789338225179,
    "releasedAt": 1789338225180,
    "errorVersusFirstNightFrameMs": "UNKNOWN",
    "bracketedByMs": 4159,
    "priorSampleLabel": "unknown=dark-frame-no-text",
    "observationCadenceMs": {
      "min": 0,
      "p50": 1563,
      "max": 13638
    }
  },
  "plannedPhaseOffsetMs": 0,
  "actionCount": 301,
  "arm": null,
  "cycles": [
    {
      "gateAtMs": 3348,
      "nextActionId": "toys-1",
      "status": "AGREED",
      "believedMaskOn": true,
      "observedMaskOn": true,
      "maskEvidence": "button-stroke:mask-on",
      "readCount": 1,
      "gateLagMs": null,
      "deliveredOffsetMs": null
    },
    {
      "gateAtMs": 12760,
      "nextActionId": "toys-1",
      "status": "AGREED",
      "believedMaskOn": true,
      "observedMaskOn": true,
      "maskEvidence": "button-stroke:mask-on",
      "readCount": 1,
      "gateLagMs": null,
      "deliveredOffsetMs": null
    },
    {
      "gateAtMs": 22760,
      "nextActionId": "toys-1",
      "status": "UNKNOWN",
      "believedMaskOn": true,
      "observedMaskOn": null,
      "maskEvidence": "stroke-unavailable",
      "readCount": 3,
      "gateLagMs": null,
      "deliveredOffsetMs": null
    }
  ],
  "deliveredOffsetMs": null,
  "terminal": {
    "lastNightAt": 1789338244165,
    "terminalAt": 1789338245740,
    "terminalLabel": "state=static",
    "bracketMs": 1575,
    "attribution": "UNKNOWN"
  },
  "frameTrace": "tools/device/../../captures/frame-traces/night7-anchoredj5-aim2315-20260913T222306Z-780956793943471.tsv",
  "run": "artifacts/campaign-2026-09-13T22-23-21.626Z",
  "model": {
    "night": 7,
    "seeds": 100,
    "ventMaskTicks": 5,
    "rows": [
      {
        "epochMs": 0,
        "maskTicks": 5,
        "wins": 100,
        "armed": 100,
        "seeds": 100,
        "deaths": {}
      },
      {
        "epochMs": 16.67,
        "maskTicks": 5,
        "wins": 100,
        "armed": 100,
        "seeds": 100,
        "deaths": {}
      },
      {
        "epochMs": 33.33,
        "maskTicks": 5,
        "wins": 100,
        "armed": 100,
        "seeds": 100,
        "deaths": {}
      },
      {
        "epochMs": 50,
        "maskTicks": 5,
        "wins": 100,
        "armed": 100,
        "seeds": 100,
        "deaths": {}
      },
      {
        "epochMs": 66.67,
        "maskTicks": 5,
        "wins": 100,
        "armed": 100,
        "seeds": 100,
        "deaths": {}
      },
      {
        "epochMs": 83.33,
        "maskTicks": 5,
        "wins": 100,
        "armed": 100,
        "seeds": 100,
        "deaths": {}
      },
      {
        "epochMs": 100,
        "maskTicks": 5,
        "wins": 100,
        "armed": 100,
        "seeds": 100,
        "deaths": {}
      },
      {
        "epochMs": 116.67,
        "maskTicks": 5,
        "wins": 0,
        "armed": 0,
        "seeds": 100,
        "deaths": {
          "puppet": 81,
          "inside-office": 19
        }
      },
      {
        "epochMs": 133.33,
        "maskTicks": 5,
        "wins": 0,
        "armed": 0,
        "seeds": 100,
        "deaths": {
          "puppet": 81,
          "inside-office": 19
        }
      },
      {
        "epochMs": 150,
        "maskTicks": 5,
        "wins": 0,
        "armed": 0,
        "seeds": 100,
        "deaths": {
          "puppet": 81,
          "inside-office": 19
        }
      },
      {
        "epochMs": 166.67,
        "maskTicks": 5,
        "wins": 100,
        "armed": 100,
        "seeds": 100,
        "deaths": {}
      },
      {
        "epochMs": 183.33,
        "maskTicks": 5,
        "wins": 100,
        "armed": 100,
        "seeds": 100,
        "deaths": {}
      },
      {
        "epochMs": 200,
        "maskTicks": 5,
        "wins": 100,
        "armed": 100,
        "seeds": 100,
        "deaths": {}
      },
      {
        "epochMs": 216.67,
        "maskTicks": 5,
        "wins": 100,
        "armed": 100,
        "seeds": 100,
        "deaths": {}
      },
      {
        "epochMs": 233.33,
        "maskTicks": 5,
        "wins": 100,
        "armed": 100,
        "seeds": 100,
        "deaths": {}
      },
      {
        "epochMs": 250,
        "maskTicks": 5,
        "wins": 100,
        "armed": 100,
        "seeds": 100,
        "deaths": {}
      },
      {
        "epochMs": 266.67,
        "maskTicks": 5,
        "wins": 100,
        "armed": 100,
        "seeds": 100,
        "deaths": {}
      },
      {
        "epochMs": 283.33,
        "maskTicks": 5,
        "wins": 100,
        "armed": 100,
        "seeds": 100,
        "deaths": {}
      },
      {
        "epochMs": 300,
        "maskTicks": 5,
        "wins": 100,
        "armed": 100,
        "seeds": 100,
        "deaths": {}
      },
      {
        "epochMs": 316.67,
        "maskTicks": 5,
        "wins": 0,
        "armed": 0,
        "seeds": 100,
        "deaths": {
          "puppet": 82,
          "inside-office": 18
        }
      },
      {
        "epochMs": 333.33,
        "maskTicks": 5,
        "wins": 0,
        "armed": 0,
        "seeds": 100,
        "deaths": {
          "puppet": 82,
          "inside-office": 18
        }
      },
      {
        "epochMs": 350,
        "maskTicks": 5,
        "wins": 0,
        "armed": 0,
        "seeds": 100,
        "deaths": {
          "puppet": 82,
          "inside-office": 18
        }
      },
      {
        "epochMs": 366.67,
        "maskTicks": 4,
        "wins": 0,
        "armed": 100,
        "seeds": 100,
        "deaths": {
          "foxy": 86,
          "inside-office": 14
        }
      },
      {
        "epochMs": 383.33,
        "maskTicks": 4,
        "wins": 0,
        "armed": 100,
        "seeds": 100,
        "deaths": {
          "foxy": 86,
          "inside-office": 14
        }
      },
      {
        "epochMs": 400,
        "maskTicks": 4,
        "wins": 0,
        "armed": 100,
        "seeds": 100,
        "deaths": {
          "foxy": 86,
          "inside-office": 14
        }
      },
      {
        "epochMs": 416.67,
        "maskTicks": 4,
        "wins": 0,
        "armed": 100,
        "seeds": 100,
        "deaths": {
          "foxy": 86,
          "inside-office": 14
        }
      },
      {
        "epochMs": 433.33,
        "maskTicks": 4,
        "wins": 0,
        "armed": 100,
        "seeds": 100,
        "deaths": {
          "foxy": 86,
          "inside-office": 14
        }
      },
      {
        "epochMs": 450,
        "maskTicks": 4,
        "wins": 0,
        "armed": 100,
        "seeds": 100,
        "deaths": {
          "foxy": 85,
          "inside-office": 15
        }
      },
      {
        "epochMs": 466.67,
        "maskTicks": 4,
        "wins": 0,
        "armed": 100,
        "seeds": 100,
        "deaths": {
          "inside-office": 20,
          "foxy": 80
        }
      },
      {
        "epochMs": 483.33,
        "maskTicks": 4,
        "wins": 0,
        "armed": 100,
        "seeds": 100,
        "deaths": {
          "foxy": 100
        }
      },
      {
        "epochMs": 500,
        "maskTicks": 4,
        "wins": 0,
        "armed": 100,
        "seeds": 100,
        "deaths": {
          "foxy": 100
        }
      },
      {
        "epochMs": 516.67,
        "maskTicks": 4,
        "wins": 0,
        "armed": 0,
        "seeds": 100,
        "deaths": {
          "foxy": 100
        }
      },
      {
        "epochMs": 533.33,
        "maskTicks": 4,
        "wins": 0,
        "armed": 0,
        "seeds": 100,
        "deaths": {
          "foxy": 100
        }
      },
      {
        "epochMs": 550,
        "maskTicks": 4,
        "wins": 0,
        "armed": 0,
        "seeds": 100,
        "deaths": {
          "foxy": 100
        }
      },
      {
        "epochMs": 566.67,
        "maskTicks": 4,
        "wins": 0,
        "armed": 100,
        "seeds": 100,
        "deaths": {
          "foxy": 100
        }
      },
      {
        "epochMs": 583.33,
        "maskTicks": 4,
        "wins": 0,
        "armed": 100,
        "seeds": 100,
        "deaths": {
          "foxy": 100
        }
      },
      {
        "epochMs": 600,
        "maskTicks": 4,
        "wins": 0,
        "armed": 100,
        "seeds": 100,
        "deaths": {
          "foxy": 100
        }
      },
      {
        "epochMs": 616.67,
        "maskTicks": 4,
        "wins": 0,
        "armed": 100,
        "seeds": 100,
        "deaths": {
          "foxy": 100
        }
      },
      {
        "epochMs": 633.33,
        "maskTicks": 4,
        "wins": 0,
        "armed": 100,
        "seeds": 100,
        "deaths": {
          "foxy": 100
        }
      },
      {
        "epochMs": 650,
        "maskTicks": 4,
        "wins": 0,
        "armed": 100,
        "seeds": 100,
        "deaths": {
          "foxy": 100
        }
      },
      {
        "epochMs": 666.67,
        "maskTicks": 4,
        "wins": 0,
        "armed": 100,
        "seeds": 100,
        "deaths": {
          "foxy": 100
        }
      },
      {
        "epochMs": 683.33,
        "maskTicks": 4,
        "wins": 0,
        "armed": 100,
        "seeds": 100,
        "deaths": {
          "foxy": 100
        }
      },
      {
        "epochMs": 700,
        "maskTicks": 4,
        "wins": 0,
        "armed": 100,
        "seeds": 100,
        "deaths": {
          "foxy": 100
        }
      },
      {
        "epochMs": 716.67,
        "maskTicks": 4,
        "wins": 0,
        "armed": 0,
        "seeds": 100,
        "deaths": {
          "foxy": 100
        }
      },
      {
        "epochMs": 733.33,
        "maskTicks": 4,
        "wins": 0,
        "armed": 0,
        "seeds": 100,
        "deaths": {
          "foxy": 100
        }
      },
      {
        "epochMs": 750,
        "maskTicks": 4,
        "wins": 0,
        "armed": 0,
        "seeds": 100,
        "deaths": {
          "foxy": 100
        }
      },
      {
        "epochMs": 766.67,
        "maskTicks": 4,
        "wins": 0,
        "armed": 100,
        "seeds": 100,
        "deaths": {
          "foxy": 100
        }
      },
      {
        "epochMs": 783.33,
        "maskTicks": 4,
        "wins": 0,
        "armed": 100,
        "seeds": 100,
        "deaths": {
          "foxy": 100
        }
      },
      {
        "epochMs": 800,
        "maskTicks": 5,
        "wins": 0,
        "armed": 100,
        "seeds": 100,
        "deaths": {
          "foxy": 100
        }
      },
      {
        "epochMs": 816.67,
        "maskTicks": 5,
        "wins": 0,
        "armed": 100,
        "seeds": 100,
        "deaths": {
          "foxy": 100
        }
      },
      {
        "epochMs": 833.33,
        "maskTicks": 5,
        "wins": 0,
        "armed": 100,
        "seeds": 100,
        "deaths": {
          "foxy": 100
        }
      },
      {
        "epochMs": 850,
        "maskTicks": 5,
        "wins": 0,
        "armed": 100,
        "seeds": 100,
        "deaths": {
          "foxy": 100
        }
      },
      {
        "epochMs": 866.67,
        "maskTicks": 5,
        "wins": 0,
        "armed": 100,
        "seeds": 100,
        "deaths": {
          "foxy": 100
        }
      },
      {
        "epochMs": 883.33,
        "maskTicks": 5,
        "wins": 0,
        "armed": 100,
        "seeds": 100,
        "deaths": {
          "foxy": 100
        }
      },
      {
        "epochMs": 900,
        "maskTicks": 5,
        "wins": 0,
        "armed": 100,
        "seeds": 100,
        "deaths": {
          "foxy": 100
        }
      },
      {
        "epochMs": 916.67,
        "maskTicks": 5,
        "wins": 0,
        "armed": 0,
        "seeds": 100,
        "deaths": {
          "foxy": 100
        }
      },
      {
        "epochMs": 933.33,
        "maskTicks": 5,
        "wins": 0,
        "armed": 0,
        "seeds": 100,
        "deaths": {
          "foxy": 100
        }
      },
      {
        "epochMs": 950,
        "maskTicks": 5,
        "wins": 0,
        "armed": 0,
        "seeds": 100,
        "deaths": {
          "foxy": 100
        }
      },
      {
        "epochMs": 966.67,
        "maskTicks": 5,
        "wins": 0,
        "armed": 100,
        "seeds": 100,
        "deaths": {
          "foxy": 51,
          "golden-freddy": 49
        }
      },
      {
        "epochMs": 983.33,
        "maskTicks": 5,
        "wins": 0,
        "armed": 100,
        "seeds": 100,
        "deaths": {
          "foxy": 51,
          "golden-freddy": 49
        }
      }
    ],
    "lossBands": [
      {
        "fromMs": 116.67,
        "maskTicks": 5,
        "toMs": 166.67
      },
      {
        "fromMs": 316.67,
        "maskTicks": 5,
        "toMs": 1000
      }
    ],
    "uncontrolledPhase": {
      "night": 7,
      "runs": 3000,
      "wins": 791,
      "armed": 2248,
      "deaths": {
        "foxy": 1792,
        "puppet": 254,
        "inside-office": 120,
        "golden-freddy": 43
      },
      "note": "epoch drawn uniformly over one game second; the gate scores epoch 0 only"
    }
  }
}
[ 3/13  23%] delivered phase vs the model band took 23s (pipeline 71s)

[ 4/13  30%] --- native-frame state coverage for the actuation ---
ACTUATION_METRIC trace=night7-anchoredj5-aim2315-20260913T222306Z-780956793943471.tsv scope=full-trace frames=1087 monitor_unknown_frame_pct=100.000 mask_unknown_frame_pct=100.000 state_basis=native-strokes unknown_frames=1087/1087 unknown_frame_pct=100.000
[ 4/13  30%] native-frame state coverage for the actuation took 0s (pipeline 71s)

[ 5/13  38%] --- scheduled contacts against frame stalls ---
frames 1087 over 18.2 s; interval p50 16.62 ms, p99 21.6 ms, max 87.2 ms, 1 over 33 ms
clock: 2 gate reads bracket the helper clock by 150.0 ms; no landed effect could anchor the schedule, so the gate bracket stands. Smallest landed-effect latency: Infinity ms at the early end, Infinity ms at the late end. A finding below holds at BOTH ends or is AMBIGUOUS.
contacts: 301 scheduled, 0 inside the trace; OUTSIDE_TRACE 301
no contact was covered by a stall, arrived with its button absent, or missed its effect
exposure of a contact to this trace's stalls (clock-free), priced over the 92 taps the plan schedules per night:
  contact   exposure   expected lost/night   P(zero lost)
     33 ms    0.298%       0.27               76%
     50 ms    0.205%       0.19               83%
     67 ms    0.111%       0.10               90%
    100 ms    0.000%       0.00              100%
actuation latency (getevent): 27 press edges, none matched a scheduled contact with a visible effect under either clock
verdict: ALL_CONTACTS_LANDED
signature transitions per plan iteration, ms from the iteration base (loop rows run +6760..), clock at the bracket midpoint (+-75 ms):
[ 5/13  38%] scheduled contacts against frame stalls took 0s (pipeline 71s)

--- input dispatch aligned to presented frames ---
  a frame trace is present but no Perfetto input trace is: dispatch
  cannot be aligned to frames. Run atrace-input.sh around the command.

--- elegance (inputs sent vs needed) ---
  no driver log for night7-anchoredj5-aim2315-20260913T222306Z; nothing to count. Runs before 2026-08-26 have none.

--- Balloon Boy's vent bang ---
  no raw audio kept for night7-anchoredj5-aim2315-20260913T222306Z; scan-night requires a receiver PCM capture.
  external authority facts are also absent; run with CUE_AUDIO=1 AUDIO_AUTHORITY_SOCKET=PATH.

==============================================================
VERDICT: every instrument passed for night7-anchoredj5-aim2315-20260913T222306Z
==============================================================
