==============================================================
run: night7-anchoredi4-20260913T185422Z
==============================================================
capture: night7-anchoredi4-20260913T185422Z.mp4
hid trace: MISSING (run with HID_TRACE_RUN=1)
input trace: none (run atrace-input.sh around the command)
SurfaceFlinger latency: none (set SF_LAYER for capture)
cue trace: none (run with CUE_HELPER=1)
legacy night PCM: none (receiver owns live audio)
audio facts: none (run with external authority socket)
session manifest: none (unmanifested run)
campaign bundle: artifacts/campaign-2026-09-13T18-54-35.868Z
frame trace: night7-anchoredi4-20260913T185422Z-768778743285976.tsv
capture rate: 52 fps (ffprobe 89572500/1726111)
  using measured 52 fps for timing-sensitive graders (nominal 60)

--- session manifest (v1 provenance contract) ---
  no night7-anchoredi4-20260913T185422Z-session.json: this run is unmanifested, so nothing below can
  name its game build, model hashes, clock alignment or win evidence.
  Nothing was validated.
  Run under tools/device/trial.sh, which emits one.

--- input dispatch / frame landing (Perfetto) ---
  no input trace kept for night7-anchoredi4-20260913T185422Z; rendered video cannot establish dispatch.

--- clock transitions (HUD first frame, 1 AM) ---
clocktrace: office HUD was not found

[ 1/13   7%] --- video instruments over one shared decode (survival, cameras, light, keyframes, box, intervals, timeline) ---
           ... video instruments over one shared decode (survival, cameras, light, keyframes, box, intervals, timeline) still running (20s)
--- survival (the only number that is a run length) ---
tools/device/../../captures/night7-anchoredi4-20260913T185422Z.mp4: the HUD is never present -- no night ran at all
[decode-once] survival (the only number that is a run length): exit 1, 17s, FAILED (exit 1)
--- camera selections ---
tools/device/../../captures/night7-anchoredi4-20260913T185422Z.mp4: selected-camera trace at 52 fps
  no stable target-camera highlights detected
[decode-once] camera selections: exit 0, 17s, ok
--- camera light actually flashing ---
tools/device/../../captures/night7-anchoredi4-20260913T185422Z.mp4: signature sweepcheck-signature.json  (sweep lit iff >=2/3 cams)
summary: 0/0 sweeps lit (>=2 of 3 cameras)
NO GRADABLE SWEEP: no sweep window was found in this run, so this instrument says nothing about whether the light fired.
[decode-once] camera light actually flashing: exit 3, 33s, a result about the run, not an instrument failure
--- keyframes (what the run contained) ---
tools/device/../../captures/night7-anchoredi4-20260913T185422Z.mp4: 153 frames at 2.0 fps, 12 kept
  timestamps: 0.0s 2.0s 11.5s 13.5s 20.5s 22.5s 34.5s 63.5s 66.0s 71.0s 73.5s 74.5s
  sheet: tools/device/../../captures/night7-anchoredi4-20260913T185422Z-keyframes.png
[decode-once] keyframes (what the run contained): exit 0, 33s, ok
--- music box ---
tools/device/../../captures/night7-anchoredi4-20260913T185422Z.mp4: 76.75s sampled at 12 fps
  no CAM 11 music-box gauge detected
[decode-once] music box: exit 0, 17s, ok
--- office / mask / camera intervals ---
tools/device/../../captures/night7-anchoredi4-20260913T185422Z.mp4: 76.75s sampled at 12 fps
  camera   0.00s ->   4.42s  (4.42s)
  hall    12.25s ->  12.42s  (0.17s)
  camera  12.42s ->  22.67s  (10.25s)
  camera  63.50s ->  66.08s  (2.58s)
  camera  73.58s ->  76.75s  (3.17s)
summary: 4 camera intervals, 1 visible hall flashes, 0 latched-mask intervals
note: visible hall flashes are only a rendering lower bound; the sourced movement blackout can hide logically accepted Foxy flashes
[decode-once] office / mask / camera intervals: exit 0, 17s, ok
--- run timeline and terminal outcome ---
tools/device/../../captures/night7-anchoredi4-20260913T185422Z.mp4: 153 frames at 2.0 fps, 640x288
      0.0s ->     5.0s  (   5.0s)  other
      5.0s ->     9.0s  (   4.0s)  camera
      9.0s ->    25.0s  (  16.0s)  other
     25.0s ->    60.5s  (  35.5s)  camera
     60.5s ->    63.5s  (   3.0s)  unknown
     63.5s ->    66.5s  (   3.0s)  other
     66.5s ->    71.0s  (   4.5s)  camera
     71.0s ->    76.5s  (   5.5s)  other

  TERMINAL: unknown
  nothing terminal was captured; the recording may stop before the end of the night
[decode-once] run timeline and terminal outcome: exit 0, 33s, ok
[decode-once] 2 shared decode(s) for 7 instruments: 7 branches in 14.6s (exit 0), 3 branches in 14.0s (exit 0)
  ^ FAILED (resource-limited or diagnostic error)
[ 1/13   7%] video instruments over one shared decode (survival, cameras, light, keyframes, box, intervals, timeline) took 33s (pipeline 41s)

[ 2/13  15%] --- campaign bundle (executor-owned facts) ---
--- modern campaign bundle (executor-owned facts) ---
  night reached               NO -- the run never entered a night
  arm mode                    observe-once
  arm                         UNKNOWN on attempt 1 (0 retries, 0 samples)
  arm verified at             UNKNOWN
  parked prefix (plan)        UNKNOWN
  PHASE LAG (suffix shift)    none -- observe-once never parks the stream
  cycle gates                 0 (0 agreed, 0 corrected, 0 aborted)
  gate lag                    UNKNOWN
  delivered offset            UNKNOWN
  corrections landed          0 confirmed, 0 unconfirmed, 0 unread, 0 never read back
  press acceptance            no transition was graded
  stop reason                 campaign-abort (night start was not observed before the 30000ms deadline (last=unknown))
[ 2/13  15%] campaign bundle (executor-owned facts) took 0s (pipeline 41s)

[ 3/13  23%] --- delivered phase vs the model band ---
file://tools/device/phase-reconstruct.mjs:32
const fail = message => { throw new Error(`phase reconstruction: ${message}`); };
                                ^

Error: phase reconstruction: bundle has no hid.night-go: the run never reached a night
    at fail (file://tools/device/phase-reconstruct.mjs:32:33)
    at reconstruct (file://tools/device/phase-reconstruct.mjs:152:17)
    at file://tools/device/phase-reconstruct.mjs:371:18
    at ModuleJob.run (node:internal/modules/esm/module_job:343:25)
    at async onImport.tracePromise.__proto__ (node:internal/modules/esm/loader:681:26)
    at async asyncRunEntryPointWithESMLoader (node:internal/modules/run_main:117:5)

Node.js v22.23.2
  ^ FAILED (resource-limited or diagnostic error)
[ 3/13  23%] delivered phase vs the model band took 0s (pipeline 41s)

[ 4/13  30%] --- native-frame state coverage for the actuation ---
ACTUATION_METRIC trace=night7-anchoredi4-20260913T185422Z-768778743285976.tsv scope=full-trace frames=2784 monitor_unknown_frame_pct=100.000 mask_unknown_frame_pct=100.000 state_basis=native-strokes unknown_frames=2784/2784 unknown_frame_pct=100.000
[ 4/13  30%] native-frame state coverage for the actuation took 1s (pipeline 42s)

[ 5/13  38%] --- scheduled contacts against frame stalls ---
tap-stall-audit: bundle has no hid.night-go: the run never reached a night
  ^ FAILED (resource-limited or diagnostic error)
[ 5/13  38%] scheduled contacts against frame stalls took 0s (pipeline 42s)

--- input dispatch aligned to presented frames ---
  a frame trace is present but no Perfetto input trace is: dispatch
  cannot be aligned to frames. Run atrace-input.sh around the command.

--- elegance (inputs sent vs needed) ---
  no driver log for night7-anchoredi4-20260913T185422Z; nothing to count. Runs before 2026-08-26 have none.

--- Balloon Boy's vent bang ---
  no raw audio kept for night7-anchoredi4-20260913T185422Z; scan-night requires a receiver PCM capture.
  external authority facts are also absent; run with CUE_AUDIO=1 AUDIO_AUTHORITY_SOCKET=PATH.

==============================================================
VERDICT: at least one instrument FAILED for night7-anchoredi4-20260913T185422Z -- read above
==============================================================
